Archive member included to satisfy reference by file (symbol)

/home/holy/vscode_remote_setup/glibc-build/elf/rtld-libc.a(rtld-check_fds.os)
                              /home/holy/vscode_remote_setup/glibc-build/elf/dl-allobjs.os (__libc_check_standard_fds)
/home/holy/vscode_remote_setup/glibc-build/elf/rtld-libc.a(rtld-errno.os)
                              /home/holy/vscode_remote_setup/glibc-build/elf/dl-allobjs.os (rtld_errno)
/home/holy/vscode_remote_setup/glibc-build/elf/rtld-libc.a(rtld-closedir.os)
                              /home/holy/vscode_remote_setup/glibc-build/elf/dl-allobjs.os (__closedir)
/home/holy/vscode_remote_setup/glibc-build/elf/rtld-libc.a(rtld-rewinddir.os)
                              /home/holy/vscode_remote_setup/glibc-build/elf/dl-allobjs.os (__rewinddir)
/home/holy/vscode_remote_setup/glibc-build/elf/rtld-libc.a(rtld-readdir64.os)
                              /home/holy/vscode_remote_setup/glibc-build/elf/dl-allobjs.os (__readdir)
/home/holy/vscode_remote_setup/glibc-build/elf/rtld-libc.a(rtld-fdopendir.os)
                              /home/holy/vscode_remote_setup/glibc-build/elf/dl-allobjs.os (__fdopendir)
/home/holy/vscode_remote_setup/glibc-build/elf/rtld-libc.a(rtld-getdents64.os)
                              /home/holy/vscode_remote_setup/glibc-build/elf/rtld-libc.a(rtld-readdir64.os) (__getdents64)
/home/holy/vscode_remote_setup/glibc-build/elf/rtld-libc.a(rtld-dl-addr-obj.os)
                              /home/holy/vscode_remote_setup/glibc-build/elf/dl-allobjs.os (_dl_addr_inside_object)
/home/holy/vscode_remote_setup/glibc-build/elf/rtld-libc.a(rtld-profil.os)
                              /home/holy/vscode_remote_setup/glibc-build/elf/dl-allobjs.os (__profil)
/home/holy/vscode_remote_setup/glibc-build/elf/rtld-libc.a(rtld-prof-freq.os)
                              /home/holy/vscode_remote_setup/glibc-build/elf/dl-allobjs.os (__profile_frequency)
/home/holy/vscode_remote_setup/glibc-build/elf/rtld-libc.a(rtld-xstat.os)
                              /home/holy/vscode_remote_setup/glibc-build/elf/dl-allobjs.os (__GI___xstat64)
/home/holy/vscode_remote_setup/glibc-build/elf/rtld-libc.a(rtld-fxstat.os)
                              /home/holy/vscode_remote_setup/glibc-build/elf/dl-allobjs.os (__GI___fxstat64)
/home/holy/vscode_remote_setup/glibc-build/elf/rtld-libc.a(rtld-lxstat.os)
                              /home/holy/vscode_remote_setup/glibc-build/elf/dl-allobjs.os (__GI___lxstat64)
/home/holy/vscode_remote_setup/glibc-build/elf/rtld-libc.a(rtld-lseek64.os)
                              /home/holy/vscode_remote_setup/glibc-build/elf/dl-allobjs.os (__lseek)
/home/holy/vscode_remote_setup/glibc-build/elf/rtld-libc.a(rtld-access.os)
                              /home/holy/vscode_remote_setup/glibc-build/elf/dl-allobjs.os (__access)
/home/holy/vscode_remote_setup/glibc-build/elf/rtld-libc.a(rtld-close_nocancel.os)
                              /home/holy/vscode_remote_setup/glibc-build/elf/dl-allobjs.os (__GI___close_nocancel)
/home/holy/vscode_remote_setup/glibc-build/elf/rtld-libc.a(rtld-fcntl_nocancel.os)
                              /home/holy/vscode_remote_setup/glibc-build/elf/dl-allobjs.os (__GI___fcntl64_nocancel)
/home/holy/vscode_remote_setup/glibc-build/elf/rtld-libc.a(rtld-open64_nocancel.os)
                              /home/holy/vscode_remote_setup/glibc-build/elf/dl-allobjs.os (__GI___open64_nocancel)
/home/holy/vscode_remote_setup/glibc-build/elf/rtld-libc.a(rtld-openat64_nocancel.os)
                              /home/holy/vscode_remote_setup/glibc-build/elf/dl-allobjs.os (__GI___openat64_nocancel)
/home/holy/vscode_remote_setup/glibc-build/elf/rtld-libc.a(rtld-read_nocancel.os)
                              /home/holy/vscode_remote_setup/glibc-build/elf/dl-allobjs.os (__GI___read_nocancel)
/home/holy/vscode_remote_setup/glibc-build/elf/rtld-libc.a(rtld-write_nocancel.os)
                              /home/holy/vscode_remote_setup/glibc-build/elf/dl-allobjs.os (__GI___write_nocancel)
/home/holy/vscode_remote_setup/glibc-build/elf/rtld-libc.a(rtld-scratch_buffer_set_array_size.os)
                              /home/holy/vscode_remote_setup/glibc-build/elf/dl-allobjs.os (__libc_scratch_buffer_set_array_size)
/home/holy/vscode_remote_setup/glibc-build/elf/rtld-libc.a(rtld-mmap64.os)
                              /home/holy/vscode_remote_setup/glibc-build/elf/dl-allobjs.os (__mmap)
/home/holy/vscode_remote_setup/glibc-build/elf/rtld-libc.a(rtld-munmap.os)
                              /home/holy/vscode_remote_setup/glibc-build/elf/dl-allobjs.os (__munmap)
/home/holy/vscode_remote_setup/glibc-build/elf/rtld-libc.a(rtld-mprotect.os)
                              /home/holy/vscode_remote_setup/glibc-build/elf/dl-allobjs.os (__mprotect)
/home/holy/vscode_remote_setup/glibc-build/elf/rtld-libc.a(rtld-uname.os)
                              /home/holy/vscode_remote_setup/glibc-build/elf/dl-allobjs.os (__uname)
[...]
Memory Configuration

Name             Origin             Length             Attributes
*default*        0x0000000000000000 0xffffffffffffffff

Linker script and memory map

START GROUP
LOAD /home/holy/vscode_remote_setup/glibc-build/elf/dl-allobjs.os
LOAD /home/holy/vscode_remote_setup/glibc-build/elf/rtld-libc.a
LOAD /usr/lib/gcc/x86_64-linux-gnu/5/libgcc.a
END GROUP

.interp
 *(.interp)

.note.gnu.build-id
 *(.note.gnu.build-id)

.hash
 *(.hash)

.gnu.hash
 *(.gnu.hash)

.dynsym
 *(.dynsym)

.dynstr
 *(.dynstr)

.gnu.version
 *(.gnu.version)

.gnu.version_d
 *(.gnu.version_d)

.gnu.version_r
 *(.gnu.version_r)

.rela.init
 *(.rela.init)

.rela.text
 *(.rela.text)

.rela.fini
 *(.rela.fini)

.rela.rodata
 *(.rela.rodata)

.rela.data.rel.ro
 *(.rela.data.rel.ro)

.rela.data
 *(.rela.data)

.rela.tdata
 *(.rela.tdata)

.rela.tbss
 *(.rela.tbss)

.rela.ctors
 *(.rela.ctors)

.rela.dtors
 *(.rela.dtors)

.rela.got
 *(.rela.got)

.rela.bss
 *(.rela.bss)

.rela.ldata
 *(.rela.ldata)

.rela.lbss
 *(.rela.lbss)

.rela.lrodata
 *(.rela.lrodata)

.rela.ifunc
 *(.rela.ifunc)

.rela.plt
 *(.rela.plt)

.init
 *(SORT(.init))

.plt
 *(.plt)
 *(.iplt)

.plt.got
 *(.plt.got)

.plt.bnd
 *(.plt.bnd)

.text           0x0000000000000000    0x1d850
 *(.text .stub)
 .text          0x0000000000000000    0x18b40 /home/holy/vscode_remote_setup/glibc-build/elf/dl-allobjs.os
                0x0000000000000000                _start
                0x0000000000000008                _dl_start_user
                0x0000000000001270                handle_ld_preload
                0x0000000000006960                _dl_dst_count
                0x00000000000069f0                _dl_dst_substitute
                0x00000000000071a0                _dl_init_paths
                0x0000000000007490                _dl_map_object
                0x0000000000007e90                _dl_rtld_di_serinfo
                0x0000000000008e00                _dl_lookup_symbol_x
                0x0000000000009cb0                _dl_setup_hash
                0x0000000000009d60                _dl_add_to_namespace_list
                0x0000000000009df0                _dl_new_object
                0x000000000000a190                _dl_try_allocate_static_tls
                0x000000000000a270                _dl_allocate_static_tls
                0x000000000000a2a0                _dl_nothread_init_static_tls
                0x000000000000a2e0                _dl_protect_relro
                0x000000000000a340                _dl_reloc_bad_type
                0x000000000000a410                _dl_relocate_object
                0x000000000000bf10                _dl_map_object_deps
                0x000000000000cf30                _dl_important_hwcaps
                0x000000000000d790                _dl_fixup
                0x000000000000d990                _dl_profile_fixup
                0x000000000000dfb0                _dl_call_pltexit
                0x000000000000e1e0                _dl_init
                0x000000000000e310                _dl_fini
                0x000000000000e6c0                _dl_debug_state
                0x000000000000e6c0                __GI__dl_debug_state
                0x000000000000e6d0                _dl_debug_initialize
                0x000000000000ed40                _dl_sysdep_read_whole_file
                0x000000000000edd0                _dl_debug_printf
                0x000000000000ee80                _dl_debug_printf_c
                0x000000000000ef30                _dl_dprintf
                0x000000000000efd0                _dl_name_match_p
                0x000000000000f040                _dl_higher_prime_number
                0x000000000000f0c0                _dl_strtoul
                0x000000000000f220                _dl_check_map_versions
                0x000000000000f970                _dl_check_all_versions
                0x000000000000f9e0                _dl_start_profile
                0x00000000000101c0                __GI__dl_mcount
                0x00000000000101c0                _dl_mcount
                0x0000000000010730                _dl_next_tls_modid
                0x0000000000010830                _dl_count_modids
                0x0000000000010890                _dl_determine_tlsoffset
                0x0000000000010a60                _dl_get_tls_static_info
                0x0000000000010a80                _dl_allocate_tls_storage
                0x0000000000010b40                __GI__dl_allocate_tls_init
                0x0000000000010b40                _dl_allocate_tls_init
                0x0000000000010de0                __GI__dl_allocate_tls
                0x0000000000010de0                _dl_allocate_tls
                0x0000000000010e20                _dl_deallocate_tls
                0x0000000000010e20                __GI__dl_deallocate_tls
                0x0000000000010ea0                _dl_update_slotinfo
                0x0000000000011130                __GI___tls_get_addr
                0x0000000000011130                ___tls_get_addr
                0x0000000000011170                _dl_tls_get_addr_soft
                0x00000000000111f0                _dl_add_to_slotinfo
                0x00000000000112d0                __tls_get_addr_slow
                0x0000000000011300                _dl_get_origin
                0x0000000000011480                _dl_scope_free
                0x0000000000011550                _dl_make_stack_executable
                0x0000000000011550                __GI__dl_make_stack_executable
                0x00000000000117a0                __GI__dl_find_dso_for_object
                0x00000000000117a0                _dl_find_dso_for_object
                0x0000000000011860                _dl_open
                0x0000000000011b90                _dl_show_scope
                0x00000000000125b0                _dl_close_worker
                0x0000000000013550                _dl_close
                0x00000000000135c0                _dl_runtime_profile_avx512
                0x0000000000013a40                _dl_runtime_profile_avx
                0x0000000000013ec0                _dl_runtime_profile_sse
                0x00000000000140c0                _dl_runtime_resolve_fxsave
                0x0000000000014140                _dl_runtime_resolve_xsave
                0x0000000000014210                _dl_runtime_resolve_xsavec
                0x0000000000014300                _dl_exception_create
                0x0000000000014300                __GI__dl_exception_create
                0x0000000000014410                __GI__dl_exception_create_format
                0x0000000000014410                _dl_exception_create_format
                0x0000000000014730                _dl_exception_free
                0x0000000000014730                __GI__dl_exception_free
                0x0000000000014760                _dl_sort_maps
                0x00000000000149c0                _dl_cache_libcmp
                0x0000000000014aa0                _dl_load_cache_lookup
                0x0000000000015130                _dl_unload_cache
                0x0000000000015220                __tunable_set_val
                0x0000000000015240                __GI___tunables_init
                0x0000000000015720                __tunable_get_val
                0x0000000000015720                __GI___tunable_get_val
                0x00000000000157a0                _dl_make_tlsdesc_dynamic
                0x0000000000015a70                _dl_tlsdesc_resolve_rela_fixup
                0x0000000000015c30                _dl_tlsdesc_resolve_hold_fixup
                0x0000000000015c70                _dl_unmap
                0x0000000000015cf0                _dl_tlsdesc_return
                0x0000000000015d00                _dl_tlsdesc_undefweak
                0x0000000000015d10                _dl_tlsdesc_dynamic
                0x0000000000015db0                _dl_tlsdesc_resolve_rela
                0x0000000000015e20                _dl_tlsdesc_resolve_hold
                0x0000000000015ea0                __tls_get_addr
                0x0000000000015ee0                __get_cpu_features
                0x0000000000015ef0                _dl_tunable_set_hwcaps
                0x0000000000016e20                _dl_sysdep_start
                0x0000000000017560                _dl_sysdep_start_cleanup
                0x0000000000017570                _dl_show_auxv
                0x0000000000017720                _dl_discover_osversion
                0x00000000000178f0                _dl_next_ld_env_entry
                0x0000000000017940                unsetenv
                0x00000000000179b0                malloc
                0x0000000000017ac0                calloc
                0x0000000000017b00                free
                0x0000000000017b30                __sigjmp_save
                0x0000000000017b40                __strerror_r
                0x0000000000017c20                __GI___libc_fatal
                0x0000000000017c20                __libc_fatal
                0x0000000000017c50                __GI___chk_fail
                0x0000000000017c50                __chk_fail
                0x0000000000017c60                __GI___assert_fail
                0x0000000000017c60                __assert_fail
                0x0000000000017cb0                realloc
                0x0000000000017d40                __GI___assert_perror_fail
                0x0000000000017d40                __assert_perror_fail
                0x0000000000017db0                _itoa
                0x0000000000017e00                __strsep
                0x0000000000017e00                strsep
                0x0000000000017e00                __strsep_g
                0x0000000000017f40                _dl_signal_exception
                0x0000000000017f90                _dl_signal_error
                0x0000000000017fe0                _dl_signal_cexception
                0x0000000000018060                _dl_signal_cerror
                0x00000000000180f0                _dl_catch_exception
                0x00000000000181a0                _dl_catch_error
                0x00000000000181f0                _dl_receive_error
                0x0000000000018230                _dl_resolve_conflicts
                0x00000000000183b0                __brk
                0x00000000000183b0                brk
                0x0000000000018400                sbrk
                0x0000000000018400                __sbrk
                0x0000000000018490                __getcwd
                0x0000000000018490                getcwd
                0x00000000000188f0                openat64
                0x0000000000018950                __alloc_dir
                0x0000000000018a50                __opendir
                0x0000000000018a50                opendir
                0x0000000000018af0                __fxstatat
                0x0000000000018af0                __fxstatat64
                0x0000000000018af0                __GI___fxstatat64
 .text          0x0000000000018b40       0xe2 /home/holy/vscode_remote_setup/glibc-build/elf/rtld-libc.a(rtld-check_fds.os)
                0x0000000000018bf0                __libc_check_standard_fds
 .text          0x0000000000018c22        0x0 /home/holy/vscode_remote_setup/glibc-build/elf/rtld-libc.a(rtld-errno.os)
 *fill*         0x0000000000018c22        0xe 
 .text          0x0000000000018c30       0x28 /home/holy/vscode_remote_setup/glibc-build/elf/rtld-libc.a(rtld-closedir.os)
                0x0000000000018c30                __closedir
                0x0000000000018c30                closedir
 *fill*         0x0000000000018c58        0x8 
 .text          0x0000000000018c60       0x30 /home/holy/vscode_remote_setup/glibc-build/elf/rtld-libc.a(rtld-rewinddir.os)
                0x0000000000018c60                rewinddir
                0x0000000000018c60                __rewinddir
 .text          0x0000000000018c90       0x85 /home/holy/vscode_remote_setup/glibc-build/elf/rtld-libc.a(rtld-readdir64.os)
                0x0000000000018c90                readdir
                0x0000000000018c90                __readdir64
                0x0000000000018c90                __readdir
                0x0000000000018c90                readdir64
 *fill*         0x0000000000018d15        0xb 
 .text          0x0000000000018d20       0x8e /home/holy/vscode_remote_setup/glibc-build/elf/rtld-libc.a(rtld-fdopendir.os)
                0x0000000000018d20                fdopendir
                0x0000000000018d20                __fdopendir
 *fill*         0x0000000000018dae        0x2 
 .text          0x0000000000018db0       0x28 /home/holy/vscode_remote_setup/glibc-build/elf/rtld-libc.a(rtld-getdents64.os)
                0x0000000000018db0                __getdents
                0x0000000000018db0                __getdents64
 *fill*         0x0000000000018dd8        0x8 
 .text          0x0000000000018de0       0x53 /home/holy/vscode_remote_setup/glibc-build/elf/rtld-libc.a(rtld-dl-addr-obj.os)
                0x0000000000018de0                _dl_addr_inside_object
 *fill*         0x0000000000018e33        0xd 
 .text          0x0000000000018e40      0x110 /home/holy/vscode_remote_setup/glibc-build/elf/rtld-libc.a(rtld-profil.os)
                0x0000000000018e90                __profil
                0x0000000000018e90                profil
 .text          0x0000000000018f50        0x7 /home/holy/vscode_remote_setup/glibc-build/elf/rtld-libc.a(rtld-prof-freq.os)
                0x0000000000018f50                __profile_frequency
 *fill*         0x0000000000018f57        0x9 
 .text          0x0000000000018f60       0x40 /home/holy/vscode_remote_setup/glibc-build/elf/rtld-libc.a(rtld-xstat.os)
                0x0000000000018f60                _xstat
                0x0000000000018f60                __xstat64
                0x0000000000018f60                __GI___xstat64
                0x0000000000018f60                __GI___xstat
                0x0000000000018f60                __xstat
 .text          0x0000000000018fa0       0x40 /home/holy/vscode_remote_setup/glibc-build/elf/rtld-libc.a(rtld-fxstat.os)
                0x0000000000018fa0                __GI___fxstat
                0x0000000000018fa0                __GI___fxstat64
                0x0000000000018fa0                __fxstat64
                0x0000000000018fa0                _fxstat
                0x0000000000018fa0                __fxstat
 .text          0x0000000000018fe0       0x40 /home/holy/vscode_remote_setup/glibc-build/elf/rtld-libc.a(rtld-lxstat.os)
                0x0000000000018fe0                __GI___lxstat
                0x0000000000018fe0                _lxstat
                0x0000000000018fe0                __lxstat
                0x0000000000018fe0                __lxstat64
                0x0000000000018fe0                __GI___lxstat64
 .text          0x0000000000019020       0x28 /home/holy/vscode_remote_setup/glibc-build/elf/rtld-libc.a(rtld-lseek64.os)
                0x0000000000019020                __lseek64
                0x0000000000019020                lseek
                0x0000000000019020                __libc_lseek64
                0x0000000000019020                __lseek
                0x0000000000019020                __libc_lseek
                0x0000000000019020                lseek64
 *fill*         0x0000000000019048        0x8 
 .text          0x0000000000019050       0x26 /home/holy/vscode_remote_setup/glibc-build/elf/rtld-libc.a(rtld-access.os)
                0x0000000000019050                access
                0x0000000000019050                __access
 *fill*         0x0000000000019076        0xa 
 .text          0x0000000000019080       0x26 /home/holy/vscode_remote_setup/glibc-build/elf/rtld-libc.a(rtld-close_nocancel.os)
                0x0000000000019080                __GI___close_nocancel
 *fill*         0x00000000000190a6        0xa 
 .text          0x00000000000190b0       0x9f /home/holy/vscode_remote_setup/glibc-build/elf/rtld-libc.a(rtld-fcntl_nocancel.os)
                0x00000000000190b0                __fcntl64_nocancel_adjusted
                0x0000000000019120                __fcntl64_nocancel
                0x0000000000019120                __GI___fcntl64_nocancel
 *fill*         0x000000000001914f        0x1 
 .text          0x0000000000019150       0x76 /home/holy/vscode_remote_setup/glibc-build/elf/rtld-libc.a(rtld-open64_nocancel.os)
                0x0000000000019150                __GI___open_nocancel
                0x0000000000019150                __open_nocancel
                0x0000000000019150                __GI___open64_nocancel
                0x0000000000019150                __open64_nocancel
 *fill*         0x00000000000191c6        0xa 
 .text          0x00000000000191d0       0x66 /home/holy/vscode_remote_setup/glibc-build/elf/rtld-libc.a(rtld-openat64_nocancel.os)
                0x00000000000191d0                __GI___openat64_nocancel
                0x00000000000191d0                __openat64_nocancel
                0x00000000000191d0                __GI___openat_nocancel
                0x00000000000191d0                __openat_nocancel
 *fill*         0x0000000000019236        0xa 
 .text          0x0000000000019240       0x20 /home/holy/vscode_remote_setup/glibc-build/elf/rtld-libc.a(rtld-read_nocancel.os)
                0x0000000000019240                __read_nocancel
                0x0000000000019240                __GI___read_nocancel
 .text          0x0000000000019260       0x28 /home/holy/vscode_remote_setup/glibc-build/elf/rtld-libc.a(rtld-write_nocancel.os)
                0x0000000000019260                __GI___write_nocancel
                0x0000000000019260                __write_nocancel
 *fill*         0x0000000000019288        0x8 
 .text          0x0000000000019290       0xad /home/holy/vscode_remote_setup/glibc-build/elf/rtld-libc.a(rtld-scratch_buffer_set_array_size.os)
                0x0000000000019290                __libc_scratch_buffer_set_array_size
 *fill*         0x000000000001933d        0x3 
 .text          0x0000000000019340       0xce /home/holy/vscode_remote_setup/glibc-build/elf/rtld-libc.a(rtld-mmap64.os)
                0x0000000000019340                __mmap
                0x0000000000019340                mmap
                0x0000000000019340                __mmap64
                0x0000000000019340                mmap64
 *fill*         0x000000000001940e        0x2 
 .text          0x0000000000019410       0x20 /home/holy/vscode_remote_setup/glibc-build/elf/rtld-libc.a(rtld-munmap.os)
                0x0000000000019410                munmap
                0x0000000000019410                __GI___munmap
                0x0000000000019410                __GI_munmap
                0x0000000000019410                __munmap
 .text          0x0000000000019430       0x20 /home/holy/vscode_remote_setup/glibc-build/elf/rtld-libc.a(rtld-mprotect.os)
                0x0000000000019430                __mprotect
                0x0000000000019430                __GI___mprotect
                0x0000000000019430                __GI_mprotect
                0x0000000000019430                mprotect
 .text          0x0000000000019450       0x20 /home/holy/vscode_remote_setup/glibc-build/elf/rtld-libc.a(rtld-uname.os)
                0x0000000000019450                uname
                0x0000000000019450                __GI_uname
                0x0000000000019450                __uname
                0x0000000000019450                __GI___uname
 .text          0x0000000000019470       0x4a /home/holy/vscode_remote_setup/glibc-build/elf/rtld-libc.a(rtld-_exit.os)
                0x0000000000019470                _Exit
                0x0000000000019470                __GI__exit
                0x0000000000019470                _exit
 *fill*         0x00000000000194ba        0x6 
 .text          0x00000000000194c0        0x8 /home/holy/vscode_remote_setup/glibc-build/elf/rtld-libc.a(rtld-getpid.os)
                0x00000000000194c0                __getpid
                0x00000000000194c0                getpid
                0x00000000000194c0                __GI_getpid
                0x00000000000194c0                __GI___getpid
 .text          0x00000000000194c8        0x0 /home/holy/vscode_remote_setup/glibc-build/elf/rtld-libc.a(rtld-environ.os)
 *fill*         0x00000000000194c8        0x8 
 .text          0x00000000000194d0       0x4f /home/holy/vscode_remote_setup/glibc-build/elf/rtld-libc.a(rtld-setjmp.os)
                0x00000000000194d0                __sigsetjmp
                0x00000000000194d0                __GI___sigsetjmp
 *fill*         0x000000000001951f        0x1 
 .text          0x0000000000019520       0x4a /home/holy/vscode_remote_setup/glibc-build/elf/rtld-libc.a(rtld-__longjmp.os)
                0x0000000000019520                __longjmp
 *fill*         0x000000000001956a        0x6 
 .text          0x0000000000019570      0x278 /home/holy/vscode_remote_setup/glibc-build/elf/rtld-libc.a(rtld-sigaction.os)
                0x0000000000019590                __libc_sigaction
                0x00000000000197c0                sigaction
                0x00000000000197c0                __sigaction
 *fill*         0x00000000000197e8        0x8 
 .text          0x00000000000197f0       0x41 /home/holy/vscode_remote_setup/glibc-build/elf/rtld-libc.a(rtld-strdup.os)
                0x00000000000197f0                __strdup
                0x00000000000197f0                strdup
 *fill*         0x0000000000019831        0xf 
 .text          0x0000000000019840     0x1439 /home/holy/vscode_remote_setup/glibc-build/elf/rtld-libc.a(rtld-strcmp-sse2.os)
                0x0000000000019840                strcmp
 *fill*         0x000000000001ac79        0x7 
 .text          0x000000000001ac80     0x1849 /home/holy/vscode_remote_setup/glibc-build/elf/rtld-libc.a(rtld-strncmp-sse2.os)
                0x000000000001ac80                strncmp
 *fill*         0x000000000001c4c9        0x7 
 .text          0x000000000001c4d0      0x323 /home/holy/vscode_remote_setup/glibc-build/elf/rtld-libc.a(rtld-memchr-sse2.os)
                0x000000000001c4d0                memchr
                0x000000000001c4d0                __memchr
 *fill*         0x000000000001c7f3        0xd 
 .text          0x000000000001c800      0x1f9 /home/holy/vscode_remote_setup/glibc-build/elf/rtld-libc.a(rtld-rawmemchr-sse2.os)
                0x000000000001c800                __rawmemchr
                0x000000000001c800                rawmemchr
 *fill*         0x000000000001c9f9        0x7 
 .text          0x000000000001ca00      0x400 /home/holy/vscode_remote_setup/glibc-build/elf/rtld-libc.a(rtld-memcmp-sse2.os)
                0x000000000001ca00                bcmp
                0x000000000001ca00                memcmp
 .text          0x000000000001ce00      0x21a /home/holy/vscode_remote_setup/glibc-build/elf/rtld-libc.a(rtld-strchr-sse2.os)
                0x000000000001ce00                index
                0x000000000001ce00                strchr
 *fill*         0x000000000001d01a        0x6 
 .text          0x000000000001d020      0x19c /home/holy/vscode_remote_setup/glibc-build/elf/rtld-libc.a(rtld-strlen-sse2.os)
                0x000000000001d020                strlen
 *fill*         0x000000000001d1bc        0x4 
 .text          0x000000000001d1c0      0x218 /home/holy/vscode_remote_setup/glibc-build/elf/rtld-libc.a(rtld-strnlen-sse2.os)
                0x000000000001d1c0                __strnlen
                0x000000000001d1c0                strnlen
 *fill*         0x000000000001d3d8        0x8 
 .text          0x000000000001d3e0       0xdc /home/holy/vscode_remote_setup/glibc-build/elf/rtld-libc.a(rtld-stpcpy-sse2.os)
                0x000000000001d3e0                stpcpy
                0x000000000001d3e0                __stpcpy
 *fill*         0x000000000001d4bc        0x4 
 .text          0x000000000001d4c0       0x97 /home/holy/vscode_remote_setup/glibc-build/elf/rtld-libc.a(rtld-strcspn-sse2.os)
                0x000000000001d4c0                strcspn
 *fill*         0x000000000001d557        0x9 
 .text          0x000000000001d560      0x1ed /home/holy/vscode_remote_setup/glibc-build/elf/rtld-libc.a(rtld-memmove-sse2-unaligned-erms.os)
                0x000000000001d560                mempcpy
                0x000000000001d560                __mempcpy
                0x000000000001d570                memmove
                0x000000000001d570                memcpy
 *fill*         0x000000000001d74d        0x3 
 .text          0x000000000001d750       0xda /home/holy/vscode_remote_setup/glibc-build/elf/rtld-libc.a(rtld-memset-sse2-unaligned-erms.os)
                0x000000000001d750                memset
 *fill*         0x000000000001d82a        0x6 
 .text          0x000000000001d830       0x20 /home/holy/vscode_remote_setup/glibc-build/elf/rtld-libc.a(rtld-setitimer.os)
                0x000000000001d830                setitimer
                0x000000000001d830                __setitimer
                0x000000000001d830                __GI_setitimer
                0x000000000001d830                __GI___setitimer
 *(.gnu.warning)

.text.unlikely  0x0000000000000000      0x169
 .text.unlikely
                0x0000000000000000      0x169 /home/holy/vscode_remote_setup/glibc-build/elf/dl-allobjs.os
 .text.unlikely
                0x0000000000000169        0x0 /home/holy/vscode_remote_setup/glibc-build/elf/rtld-libc.a(rtld-check_fds.os)
 .text.unlikely
                0x0000000000000169        0x0 /home/holy/vscode_remote_setup/glibc-build/elf/rtld-libc.a(rtld-closedir.os)
 .text.unlikely
                0x0000000000000169        0x0 /home/holy/vscode_remote_setup/glibc-build/elf/rtld-libc.a(rtld-rewinddir.os)
 .text.unlikely
                0x0000000000000169        0x0 /home/holy/vscode_remote_setup/glibc-build/elf/rtld-libc.a(rtld-readdir64.os)
 .text.unlikely
                0x0000000000000169        0x0 /home/holy/vscode_remote_setup/glibc-build/elf/rtld-libc.a(rtld-fdopendir.os)
 .text.unlikely
                0x0000000000000169        0x0 /home/holy/vscode_remote_setup/glibc-build/elf/rtld-libc.a(rtld-getdents64.os)
 .text.unlikely
                0x0000000000000169        0x0 /home/holy/vscode_remote_setup/glibc-build/elf/rtld-libc.a(rtld-dl-addr-obj.os)
 .text.unlikely
                0x0000000000000169        0x0 /home/holy/vscode_remote_setup/glibc-build/elf/rtld-libc.a(rtld-profil.os)
 .text.unlikely
                0x0000000000000169        0x0 /home/holy/vscode_remote_setup/glibc-build/elf/rtld-libc.a(rtld-prof-freq.os)
 .text.unlikely
                0x0000000000000169        0x0 /home/holy/vscode_remote_setup/glibc-build/elf/rtld-libc.a(rtld-xstat.os)
 .text.unlikely
                0x0000000000000169        0x0 /home/holy/vscode_remote_setup/glibc-build/elf/rtld-libc.a(rtld-fxstat.os)
 .text.unlikely
                0x0000000000000169        0x0 /home/holy/vscode_remote_setup/glibc-build/elf/rtld-libc.a(rtld-lxstat.os)
 .text.unlikely
                0x0000000000000169        0x0 /home/holy/vscode_remote_setup/glibc-build/elf/rtld-libc.a(rtld-lseek64.os)
 .text.unlikely
                0x0000000000000169        0x0 /home/holy/vscode_remote_setup/glibc-build/elf/rtld-libc.a(rtld-access.os)
 .text.unlikely
                0x0000000000000169        0x0 /home/holy/vscode_remote_setup/glibc-build/elf/rtld-libc.a(rtld-close_nocancel.os)
 .text.unlikely
                0x0000000000000169        0x0 /home/holy/vscode_remote_setup/glibc-build/elf/rtld-libc.a(rtld-fcntl_nocancel.os)
 .text.unlikely
                0x0000000000000169        0x0 /home/holy/vscode_remote_setup/glibc-build/elf/rtld-libc.a(rtld-open64_nocancel.os)
 .text.unlikely
                0x0000000000000169        0x0 /home/holy/vscode_remote_setup/glibc-build/elf/rtld-libc.a(rtld-openat64_nocancel.os)
 .text.unlikely
                0x0000000000000169        0x0 /home/holy/vscode_remote_setup/glibc-build/elf/rtld-libc.a(rtld-read_nocancel.os)
 .text.unlikely
                0x0000000000000169        0x0 /home/holy/vscode_remote_setup/glibc-build/elf/rtld-libc.a(rtld-write_nocancel.os)
 .text.unlikely
                0x0000000000000169        0x0 /home/holy/vscode_remote_setup/glibc-build/elf/rtld-libc.a(rtld-scratch_buffer_set_array_size.os)
 .text.unlikely
                0x0000000000000169        0x0 /home/holy/vscode_remote_setup/glibc-build/elf/rtld-libc.a(rtld-mmap64.os)
 .text.unlikely
                0x0000000000000169        0x0 /home/holy/vscode_remote_setup/glibc-build/elf/rtld-libc.a(rtld-_exit.os)
 .text.unlikely
                0x0000000000000169        0x0 /home/holy/vscode_remote_setup/glibc-build/elf/rtld-libc.a(rtld-sigaction.os)
 .text.unlikely
                0x0000000000000169        0x0 /home/holy/vscode_remote_setup/glibc-build/elf/rtld-libc.a(rtld-strdup.os)

.fini
 *(SORT(.fini))

.rodata         0x0000000000000000      0xdc8
 *(.rodata)
 .rodata        0x0000000000000000      0xd48 /home/holy/vscode_remote_setup/glibc-build/elf/dl-allobjs.os
                0x0000000000000ca0                __GI__itoa_lower_digits
                0x0000000000000ca0                _itoa_lower_digits
 .rodata        0x0000000000000d48       0x40 /home/holy/vscode_remote_setup/glibc-build/elf/rtld-libc.a(rtld-strcmp-sse2.os)
 .rodata        0x0000000000000d88       0x40 /home/holy/vscode_remote_setup/glibc-build/elf/rtld-libc.a(rtld-strncmp-sse2.os)

.rodata.str1.1  0x0000000000000000     0x1299
 .rodata.str1.1
                0x0000000000000000     0x1285 /home/holy/vscode_remote_setup/glibc-build/elf/dl-allobjs.os
 .rodata.str1.1
                0x0000000000001285       0x14 /home/holy/vscode_remote_setup/glibc-build/elf/rtld-libc.a(rtld-check_fds.os)

.rodata.str1.8  0x0000000000000000     0x2541
 .rodata.str1.8
                0x0000000000000000     0x2541 /home/holy/vscode_remote_setup/glibc-build/elf/dl-allobjs.os

.rodata.str1.16
                0x0000000000000000      0x346
 .rodata.str1.16
                0x0000000000000000      0x346 /home/holy/vscode_remote_setup/glibc-build/elf/dl-allobjs.os

.rodata.cst16   0x0000000000000000       0x20
 .rodata.cst16  0x0000000000000000       0x20 /home/holy/vscode_remote_setup/glibc-build/elf/dl-allobjs.os

.rodata.cst4    0x0000000000000000        0x4
 .rodata.cst4   0x0000000000000000        0x4 /home/holy/vscode_remote_setup/glibc-build/elf/dl-allobjs.os

.rodata.str1.32
                0x0000000000000000       0x3b
 .rodata.str1.32
                0x0000000000000000       0x3b /home/holy/vscode_remote_setup/glibc-build/elf/dl-allobjs.os

.rodata1
 *(.rodata1)

.eh_frame_hdr
 *(.eh_frame_hdr)

.eh_frame       0x0000000000000000     0x3038
 *(.eh_frame)
 .eh_frame      0x0000000000000000     0x25c0 /home/holy/vscode_remote_setup/glibc-build/elf/dl-allobjs.os
 .eh_frame      0x00000000000025c0       0x68 /home/holy/vscode_remote_setup/glibc-build/elf/rtld-libc.a(rtld-check_fds.os)
 .eh_frame      0x0000000000002628       0x38 /home/holy/vscode_remote_setup/glibc-build/elf/rtld-libc.a(rtld-closedir.os)
 .eh_frame      0x0000000000002660       0x38 /home/holy/vscode_remote_setup/glibc-build/elf/rtld-libc.a(rtld-rewinddir.os)
 .eh_frame      0x0000000000002698       0x48 /home/holy/vscode_remote_setup/glibc-build/elf/rtld-libc.a(rtld-readdir64.os)
 .eh_frame      0x00000000000026e0       0x50 /home/holy/vscode_remote_setup/glibc-build/elf/rtld-libc.a(rtld-fdopendir.os)
 .eh_frame      0x0000000000002730       0x30 /home/holy/vscode_remote_setup/glibc-build/elf/rtld-libc.a(rtld-getdents64.os)
 .eh_frame      0x0000000000002760       0x30 /home/holy/vscode_remote_setup/glibc-build/elf/rtld-libc.a(rtld-dl-addr-obj.os)
 .eh_frame      0x0000000000002790       0x50 /home/holy/vscode_remote_setup/glibc-build/elf/rtld-libc.a(rtld-profil.os)
                                         0x48 (size before relaxing)
 .eh_frame      0x00000000000027e0       0x30 /home/holy/vscode_remote_setup/glibc-build/elf/rtld-libc.a(rtld-prof-freq.os)
 .eh_frame      0x0000000000002810       0x30 /home/holy/vscode_remote_setup/glibc-build/elf/rtld-libc.a(rtld-xstat.os)
 .eh_frame      0x0000000000002840       0x30 /home/holy/vscode_remote_setup/glibc-build/elf/rtld-libc.a(rtld-fxstat.os)
 .eh_frame      0x0000000000002870       0x30 /home/holy/vscode_remote_setup/glibc-build/elf/rtld-libc.a(rtld-lxstat.os)
 .eh_frame      0x00000000000028a0       0x30 /home/holy/vscode_remote_setup/glibc-build/elf/rtld-libc.a(rtld-lseek64.os)
 .eh_frame      0x00000000000028d0       0x30 /home/holy/vscode_remote_setup/glibc-build/elf/rtld-libc.a(rtld-access.os)
 .eh_frame      0x0000000000002900       0x30 /home/holy/vscode_remote_setup/glibc-build/elf/rtld-libc.a(rtld-close_nocancel.os)
 .eh_frame      0x0000000000002930       0x48 /home/holy/vscode_remote_setup/glibc-build/elf/rtld-libc.a(rtld-fcntl_nocancel.os)
 .eh_frame      0x0000000000002978       0x30 /home/holy/vscode_remote_setup/glibc-build/elf/rtld-libc.a(rtld-open64_nocancel.os)
 .eh_frame      0x00000000000029a8       0x30 /home/holy/vscode_remote_setup/glibc-build/elf/rtld-libc.a(rtld-openat64_nocancel.os)
 .eh_frame      0x00000000000029d8       0x30 /home/holy/vscode_remote_setup/glibc-build/elf/rtld-libc.a(rtld-read_nocancel.os)
 .eh_frame      0x0000000000002a08       0x30 /home/holy/vscode_remote_setup/glibc-build/elf/rtld-libc.a(rtld-write_nocancel.os)
 .eh_frame      0x0000000000002a38       0x58 /home/holy/vscode_remote_setup/glibc-build/elf/rtld-libc.a(rtld-scratch_buffer_set_array_size.os)
 .eh_frame      0x0000000000002a90       0x70 /home/holy/vscode_remote_setup/glibc-build/elf/rtld-libc.a(rtld-mmap64.os)
 .eh_frame      0x0000000000002b00       0x30 /home/holy/vscode_remote_setup/glibc-build/elf/rtld-libc.a(rtld-munmap.os)
 .eh_frame      0x0000000000002b30       0x30 /home/holy/vscode_remote_setup/glibc-build/elf/rtld-libc.a(rtld-mprotect.os)
 .eh_frame      0x0000000000002b60       0x30 /home/holy/vscode_remote_setup/glibc-build/elf/rtld-libc.a(rtld-uname.os)
 .eh_frame      0x0000000000002b90       0x30 /home/holy/vscode_remote_setup/glibc-build/elf/rtld-libc.a(rtld-_exit.os)
 .eh_frame      0x0000000000002bc0       0x30 /home/holy/vscode_remote_setup/glibc-build/elf/rtld-libc.a(rtld-getpid.os)
 .eh_frame      0x0000000000002bf0       0x30 /home/holy/vscode_remote_setup/glibc-build/elf/rtld-libc.a(rtld-setjmp.os)
 .eh_frame      0x0000000000002c20       0x48 /home/holy/vscode_remote_setup/glibc-build/elf/rtld-libc.a(rtld-__longjmp.os)
 .eh_frame      0x0000000000002c68       0xf0 /home/holy/vscode_remote_setup/glibc-build/elf/rtld-libc.a(rtld-sigaction.os)
                                         0xe8 (size before relaxing)
 .eh_frame      0x0000000000002d58       0x50 /home/holy/vscode_remote_setup/glibc-build/elf/rtld-libc.a(rtld-strdup.os)
 .eh_frame      0x0000000000002da8       0x30 /home/holy/vscode_remote_setup/glibc-build/elf/rtld-libc.a(rtld-strcmp-sse2.os)
 .eh_frame      0x0000000000002dd8       0x30 /home/holy/vscode_remote_setup/glibc-build/elf/rtld-libc.a(rtld-strncmp-sse2.os)
 .eh_frame      0x0000000000002e08       0x30 /home/holy/vscode_remote_setup/glibc-build/elf/rtld-libc.a(rtld-memchr-sse2.os)
 .eh_frame      0x0000000000002e38       0x30 /home/holy/vscode_remote_setup/glibc-build/elf/rtld-libc.a(rtld-rawmemchr-sse2.os)
 .eh_frame      0x0000000000002e68       0x30 /home/holy/vscode_remote_setup/glibc-build/elf/rtld-libc.a(rtld-memcmp-sse2.os)
 .eh_frame      0x0000000000002e98       0x30 /home/holy/vscode_remote_setup/glibc-build/elf/rtld-libc.a(rtld-strchr-sse2.os)
 .eh_frame      0x0000000000002ec8       0x30 /home/holy/vscode_remote_setup/glibc-build/elf/rtld-libc.a(rtld-strlen-sse2.os)
 .eh_frame      0x0000000000002ef8       0x30 /home/holy/vscode_remote_setup/glibc-build/elf/rtld-libc.a(rtld-strnlen-sse2.os)
 .eh_frame      0x0000000000002f28       0x30 /home/holy/vscode_remote_setup/glibc-build/elf/rtld-libc.a(rtld-stpcpy-sse2.os)
 .eh_frame      0x0000000000002f58       0x38 /home/holy/vscode_remote_setup/glibc-build/elf/rtld-libc.a(rtld-strcspn-sse2.os)
 .eh_frame      0x0000000000002f90       0x48 /home/holy/vscode_remote_setup/glibc-build/elf/rtld-libc.a(rtld-memmove-sse2-unaligned-erms.os)
                                         0x40 (size before relaxing)
 .eh_frame      0x0000000000002fd8       0x30 /home/holy/vscode_remote_setup/glibc-build/elf/rtld-libc.a(rtld-memset-sse2-unaligned-erms.os)
 .eh_frame      0x0000000000003008       0x30 /home/holy/vscode_remote_setup/glibc-build/elf/rtld-libc.a(rtld-setitimer.os)

.gcc_except_table
 *(.gcc_except_table .gcc_except_table.*)

.gnu_extab
 *(.gnu_extab*)

.exception_ranges
 *(.exception_ranges .exception_ranges*)

.eh_frame
 *(.eh_frame)

.gnu_extab
 *(.gnu_extab)

.gcc_except_table
 *(.gcc_except_table .gcc_except_table.*)

.exception_ranges
 *(.exception_ranges .exception_ranges*)

.tdata
 *(.tdata)

.tbss
 *(.tbss)

.preinit_array
 *(.preinit_array)

.jcr
 *(.jcr)

.dynamic
 *(.dynamic)

.got
 *(.got)
 *(.igot)

.got.plt
 *(.got.plt)
 *(.igot.plt)

.data           0x0000000000000000      0xf98
 *(.data)
 .data          0x0000000000000000      0xf98 /home/holy/vscode_remote_setup/glibc-build/elf/dl-allobjs.os
                0x0000000000000000                _rtld_global
                0x0000000000000000                _rtld_local
 .data          0x0000000000000f98        0x0 /home/holy/vscode_remote_setup/glibc-build/elf/rtld-libc.a(rtld-check_fds.os)
 .data          0x0000000000000f98        0x0 /home/holy/vscode_remote_setup/glibc-build/elf/rtld-libc.a(rtld-errno.os)
 .data          0x0000000000000f98        0x0 /home/holy/vscode_remote_setup/glibc-build/elf/rtld-libc.a(rtld-closedir.os)
 .data          0x0000000000000f98        0x0 /home/holy/vscode_remote_setup/glibc-build/elf/rtld-libc.a(rtld-rewinddir.os)
 .data          0x0000000000000f98        0x0 /home/holy/vscode_remote_setup/glibc-build/elf/rtld-libc.a(rtld-readdir64.os)
 .data          0x0000000000000f98        0x0 /home/holy/vscode_remote_setup/glibc-build/elf/rtld-libc.a(rtld-fdopendir.os)
 .data          0x0000000000000f98        0x0 /home/holy/vscode_remote_setup/glibc-build/elf/rtld-libc.a(rtld-getdents64.os)
 .data          0x0000000000000f98        0x0 /home/holy/vscode_remote_setup/glibc-build/elf/rtld-libc.a(rtld-dl-addr-obj.os)
 .data          0x0000000000000f98        0x0 /home/holy/vscode_remote_setup/glibc-build/elf/rtld-libc.a(rtld-profil.os)
 .data          0x0000000000000f98        0x0 /home/holy/vscode_remote_setup/glibc-build/elf/rtld-libc.a(rtld-prof-freq.os)
 .data          0x0000000000000f98        0x0 /home/holy/vscode_remote_setup/glibc-build/elf/rtld-libc.a(rtld-xstat.os)
 .data          0x0000000000000f98        0x0 /home/holy/vscode_remote_setup/glibc-build/elf/rtld-libc.a(rtld-fxstat.os)
 .data          0x0000000000000f98        0x0 /home/holy/vscode_remote_setup/glibc-build/elf/rtld-libc.a(rtld-lxstat.os)
 .data          0x0000000000000f98        0x0 /home/holy/vscode_remote_setup/glibc-build/elf/rtld-libc.a(rtld-lseek64.os)
 .data          0x0000000000000f98        0x0 /home/holy/vscode_remote_setup/glibc-build/elf/rtld-libc.a(rtld-access.os)
 .data          0x0000000000000f98        0x0 /home/holy/vscode_remote_setup/glibc-build/elf/rtld-libc.a(rtld-close_nocancel.os)
 .data          0x0000000000000f98        0x0 /home/holy/vscode_remote_setup/glibc-build/elf/rtld-libc.a(rtld-fcntl_nocancel.os)
 .data          0x0000000000000f98        0x0 /home/holy/vscode_remote_setup/glibc-build/elf/rtld-libc.a(rtld-open64_nocancel.os)
 .data          0x0000000000000f98        0x0 /home/holy/vscode_remote_setup/glibc-build/elf/rtld-libc.a(rtld-openat64_nocancel.os)
 .data          0x0000000000000f98        0x0 /home/holy/vscode_remote_setup/glibc-build/elf/rtld-libc.a(rtld-read_nocancel.os)
 .data          0x0000000000000f98        0x0 /home/holy/vscode_remote_setup/glibc-build/elf/rtld-libc.a(rtld-write_nocancel.os)
 .data          0x0000000000000f98        0x0 /home/holy/vscode_remote_setup/glibc-build/elf/rtld-libc.a(rtld-scratch_buffer_set_array_size.os)
 .data          0x0000000000000f98        0x0 /home/holy/vscode_remote_setup/glibc-build/elf/rtld-libc.a(rtld-mmap64.os)
 .data          0x0000000000000f98        0x0 /home/holy/vscode_remote_setup/glibc-build/elf/rtld-libc.a(rtld-munmap.os)
 .data          0x0000000000000f98        0x0 /home/holy/vscode_remote_setup/glibc-build/elf/rtld-libc.a(rtld-mprotect.os)
 .data          0x0000000000000f98        0x0 /home/holy/vscode_remote_setup/glibc-build/elf/rtld-libc.a(rtld-uname.os)
 .data          0x0000000000000f98        0x0 /home/holy/vscode_remote_setup/glibc-build/elf/rtld-libc.a(rtld-_exit.os)
 .data          0x0000000000000f98        0x0 /home/holy/vscode_remote_setup/glibc-build/elf/rtld-libc.a(rtld-getpid.os)
 .data          0x0000000000000f98        0x0 /home/holy/vscode_remote_setup/glibc-build/elf/rtld-libc.a(rtld-environ.os)
 .data          0x0000000000000f98        0x0 /home/holy/vscode_remote_setup/glibc-build/elf/rtld-libc.a(rtld-setjmp.os)
 .data          0x0000000000000f98        0x0 /home/holy/vscode_remote_setup/glibc-build/elf/rtld-libc.a(rtld-__longjmp.os)
 .data          0x0000000000000f98        0x0 /home/holy/vscode_remote_setup/glibc-build/elf/rtld-libc.a(rtld-sigaction.os)
 .data          0x0000000000000f98        0x0 /home/holy/vscode_remote_setup/glibc-build/elf/rtld-libc.a(rtld-strdup.os)
 .data          0x0000000000000f98        0x0 /home/holy/vscode_remote_setup/glibc-build/elf/rtld-libc.a(rtld-strcmp-sse2.os)
 .data          0x0000000000000f98        0x0 /home/holy/vscode_remote_setup/glibc-build/elf/rtld-libc.a(rtld-strncmp-sse2.os)
 .data          0x0000000000000f98        0x0 /home/holy/vscode_remote_setup/glibc-build/elf/rtld-libc.a(rtld-memchr-sse2.os)
 .data          0x0000000000000f98        0x0 /home/holy/vscode_remote_setup/glibc-build/elf/rtld-libc.a(rtld-rawmemchr-sse2.os)
 .data          0x0000000000000f98        0x0 /home/holy/vscode_remote_setup/glibc-build/elf/rtld-libc.a(rtld-memcmp-sse2.os)
 .data          0x0000000000000f98        0x0 /home/holy/vscode_remote_setup/glibc-build/elf/rtld-libc.a(rtld-strchr-sse2.os)
 .data          0x0000000000000f98        0x0 /home/holy/vscode_remote_setup/glibc-build/elf/rtld-libc.a(rtld-strlen-sse2.os)
 .data          0x0000000000000f98        0x0 /home/holy/vscode_remote_setup/glibc-build/elf/rtld-libc.a(rtld-strnlen-sse2.os)
 .data          0x0000000000000f98        0x0 /home/holy/vscode_remote_setup/glibc-build/elf/rtld-libc.a(rtld-stpcpy-sse2.os)
 .data          0x0000000000000f98        0x0 /home/holy/vscode_remote_setup/glibc-build/elf/rtld-libc.a(rtld-strcspn-sse2.os)
 .data          0x0000000000000f98        0x0 /home/holy/vscode_remote_setup/glibc-build/elf/rtld-libc.a(rtld-memmove-sse2-unaligned-erms.os)
 .data          0x0000000000000f98        0x0 /home/holy/vscode_remote_setup/glibc-build/elf/rtld-libc.a(rtld-memset-sse2-unaligned-erms.os)
 .data          0x0000000000000f98        0x0 /home/holy/vscode_remote_setup/glibc-build/elf/rtld-libc.a(rtld-setitimer.os)

.data.rel.ro    0x0000000000000000      0x834
 .data.rel.ro   0x0000000000000000      0x834 /home/holy/vscode_remote_setup/glibc-build/elf/dl-allobjs.os
                0x00000000000000b0                __pointer_chk_guard_local
                0x00000000000000b8                _dl_skip_args
                0x00000000000000c0                __GI__dl_argv
                0x00000000000000c0                _dl_argv
                0x00000000000000c8                _dl_argc
                0x00000000000000e0                _rtld_global_ro
                0x00000000000000e0                _rtld_local_ro
                0x00000000000002d0                __stack_prot
                0x0000000000000820                _dl_random
                0x0000000000000828                __libc_stack_end
                0x0000000000000828                __GI___libc_stack_end
                0x0000000000000830                __GI___libc_enable_secure
                0x0000000000000830                __libc_enable_secure

.data1
 *(.data1)

.bss            0x0000000000000000      0x140
 *(.dynbss)
 *(.bss)
 .bss           0x0000000000000000      0x118 /home/holy/vscode_remote_setup/glibc-build/elf/dl-allobjs.os
                0x00000000000000e0                __libc_multiple_libcs
                0x0000000000000110                __curbrk
 .bss           0x0000000000000118        0x0 /home/holy/vscode_remote_setup/glibc-build/elf/rtld-libc.a(rtld-check_fds.os)
 .bss           0x0000000000000118        0x0 /home/holy/vscode_remote_setup/glibc-build/elf/rtld-libc.a(rtld-errno.os)
 .bss           0x0000000000000118        0x0 /home/holy/vscode_remote_setup/glibc-build/elf/rtld-libc.a(rtld-closedir.os)
 .bss           0x0000000000000118        0x0 /home/holy/vscode_remote_setup/glibc-build/elf/rtld-libc.a(rtld-rewinddir.os)
 .bss           0x0000000000000118        0x0 /home/holy/vscode_remote_setup/glibc-build/elf/rtld-libc.a(rtld-readdir64.os)
 .bss           0x0000000000000118        0x0 /home/holy/vscode_remote_setup/glibc-build/elf/rtld-libc.a(rtld-fdopendir.os)
 .bss           0x0000000000000118        0x0 /home/holy/vscode_remote_setup/glibc-build/elf/rtld-libc.a(rtld-getdents64.os)
 .bss           0x0000000000000118        0x0 /home/holy/vscode_remote_setup/glibc-build/elf/rtld-libc.a(rtld-dl-addr-obj.os)
 .bss           0x0000000000000118       0x20 /home/holy/vscode_remote_setup/glibc-build/elf/rtld-libc.a(rtld-profil.os)
 .bss           0x0000000000000138        0x0 /home/holy/vscode_remote_setup/glibc-build/elf/rtld-libc.a(rtld-prof-freq.os)
 .bss           0x0000000000000138        0x0 /home/holy/vscode_remote_setup/glibc-build/elf/rtld-libc.a(rtld-xstat.os)
 .bss           0x0000000000000138        0x0 /home/holy/vscode_remote_setup/glibc-build/elf/rtld-libc.a(rtld-fxstat.os)
 .bss           0x0000000000000138        0x0 /home/holy/vscode_remote_setup/glibc-build/elf/rtld-libc.a(rtld-lxstat.os)
 .bss           0x0000000000000138        0x0 /home/holy/vscode_remote_setup/glibc-build/elf/rtld-libc.a(rtld-lseek64.os)
 .bss           0x0000000000000138        0x0 /home/holy/vscode_remote_setup/glibc-build/elf/rtld-libc.a(rtld-access.os)
 .bss           0x0000000000000138        0x0 /home/holy/vscode_remote_setup/glibc-build/elf/rtld-libc.a(rtld-close_nocancel.os)
 .bss           0x0000000000000138        0x0 /home/holy/vscode_remote_setup/glibc-build/elf/rtld-libc.a(rtld-fcntl_nocancel.os)
 .bss           0x0000000000000138        0x0 /home/holy/vscode_remote_setup/glibc-build/elf/rtld-libc.a(rtld-open64_nocancel.os)
 .bss           0x0000000000000138        0x0 /home/holy/vscode_remote_setup/glibc-build/elf/rtld-libc.a(rtld-openat64_nocancel.os)
 .bss           0x0000000000000138        0x0 /home/holy/vscode_remote_setup/glibc-build/elf/rtld-libc.a(rtld-read_nocancel.os)
 .bss           0x0000000000000138        0x0 /home/holy/vscode_remote_setup/glibc-build/elf/rtld-libc.a(rtld-write_nocancel.os)
 .bss           0x0000000000000138        0x0 /home/holy/vscode_remote_setup/glibc-build/elf/rtld-libc.a(rtld-scratch_buffer_set_array_size.os)
 .bss           0x0000000000000138        0x0 /home/holy/vscode_remote_setup/glibc-build/elf/rtld-libc.a(rtld-mmap64.os)
 .bss           0x0000000000000138        0x0 /home/holy/vscode_remote_setup/glibc-build/elf/rtld-libc.a(rtld-munmap.os)
 .bss           0x0000000000000138        0x0 /home/holy/vscode_remote_setup/glibc-build/elf/rtld-libc.a(rtld-mprotect.os)
 .bss           0x0000000000000138        0x0 /home/holy/vscode_remote_setup/glibc-build/elf/rtld-libc.a(rtld-uname.os)
 .bss           0x0000000000000138        0x0 /home/holy/vscode_remote_setup/glibc-build/elf/rtld-libc.a(rtld-_exit.os)
 .bss           0x0000000000000138        0x0 /home/holy/vscode_remote_setup/glibc-build/elf/rtld-libc.a(rtld-getpid.os)
 .bss           0x0000000000000138        0x8 /home/holy/vscode_remote_setup/glibc-build/elf/rtld-libc.a(rtld-environ.os)
                0x0000000000000138                _environ
                0x0000000000000138                __environ
                0x0000000000000138                environ
 .bss           0x0000000000000140        0x0 /home/holy/vscode_remote_setup/glibc-build/elf/rtld-libc.a(rtld-setjmp.os)
 .bss           0x0000000000000140        0x0 /home/holy/vscode_remote_setup/glibc-build/elf/rtld-libc.a(rtld-__longjmp.os)
 .bss           0x0000000000000140        0x0 /home/holy/vscode_remote_setup/glibc-build/elf/rtld-libc.a(rtld-sigaction.os)
 .bss           0x0000000000000140        0x0 /home/holy/vscode_remote_setup/glibc-build/elf/rtld-libc.a(rtld-strdup.os)
 .bss           0x0000000000000140        0x0 /home/holy/vscode_remote_setup/glibc-build/elf/rtld-libc.a(rtld-strcmp-sse2.os)
 .bss           0x0000000000000140        0x0 /home/holy/vscode_remote_setup/glibc-build/elf/rtld-libc.a(rtld-strncmp-sse2.os)
 .bss           0x0000000000000140        0x0 /home/holy/vscode_remote_setup/glibc-build/elf/rtld-libc.a(rtld-memchr-sse2.os)
 .bss           0x0000000000000140        0x0 /home/holy/vscode_remote_setup/glibc-build/elf/rtld-libc.a(rtld-rawmemchr-sse2.os)
 .bss           0x0000000000000140        0x0 /home/holy/vscode_remote_setup/glibc-build/elf/rtld-libc.a(rtld-memcmp-sse2.os)
 .bss           0x0000000000000140        0x0 /home/holy/vscode_remote_setup/glibc-build/elf/rtld-libc.a(rtld-strchr-sse2.os)
 .bss           0x0000000000000140        0x0 /home/holy/vscode_remote_setup/glibc-build/elf/rtld-libc.a(rtld-strlen-sse2.os)
 .bss           0x0000000000000140        0x0 /home/holy/vscode_remote_setup/glibc-build/elf/rtld-libc.a(rtld-strnlen-sse2.os)
 .bss           0x0000000000000140        0x0 /home/holy/vscode_remote_setup/glibc-build/elf/rtld-libc.a(rtld-stpcpy-sse2.os)
 .bss           0x0000000000000140        0x0 /home/holy/vscode_remote_setup/glibc-build/elf/rtld-libc.a(rtld-strcspn-sse2.os)
 .bss           0x0000000000000140        0x0 /home/holy/vscode_remote_setup/glibc-build/elf/rtld-libc.a(rtld-memmove-sse2-unaligned-erms.os)
 .bss           0x0000000000000140        0x0 /home/holy/vscode_remote_setup/glibc-build/elf/rtld-libc.a(rtld-memset-sse2-unaligned-erms.os)
 .bss           0x0000000000000140        0x0 /home/holy/vscode_remote_setup/glibc-build/elf/rtld-libc.a(rtld-setitimer.os)
 *(COMMON)
 COMMON         0x0000000000000140        0x0 /home/holy/vscode_remote_setup/glibc-build/elf/dl-allobjs.os
 COMMON         0x0000000000000140        0x0 /home/holy/vscode_remote_setup/glibc-build/elf/rtld-libc.a(rtld-errno.os)

.lbss
 *(.dynlbss)
 *(.lbss)
 *(LARGE_COMMON)

.lrodata
 *(.lrodata)

.ldata
 *(.ldata)

.stab
 *(.stab)

.stabstr
 *(.stabstr)

.stab.excl
 *(.stab.excl)

.stab.exclstr
 *(.stab.exclstr)

.stab.index
 *(.stab.index)

.stab.indexstr
 *(.stab.indexstr)

.comment        0x0000000000000000      0xd80
 *(.comment)
 .comment       0x0000000000000000      0x7ce /home/holy/vscode_remote_setup/glibc-build/elf/dl-allobjs.os
 .comment       0x00000000000007ce       0x36 /home/holy/vscode_remote_setup/glibc-build/elf/rtld-libc.a(rtld-check_fds.os)
 .comment       0x0000000000000804       0x36 /home/holy/vscode_remote_setup/glibc-build/elf/rtld-libc.a(rtld-errno.os)
 .comment       0x000000000000083a       0x36 /home/holy/vscode_remote_setup/glibc-build/elf/rtld-libc.a(rtld-closedir.os)
 .comment       0x0000000000000870       0x36 /home/holy/vscode_remote_setup/glibc-build/elf/rtld-libc.a(rtld-rewinddir.os)
 .comment       0x00000000000008a6       0x36 /home/holy/vscode_remote_setup/glibc-build/elf/rtld-libc.a(rtld-readdir64.os)
 .comment       0x00000000000008dc       0x36 /home/holy/vscode_remote_setup/glibc-build/elf/rtld-libc.a(rtld-fdopendir.os)
 .comment       0x0000000000000912       0x36 /home/holy/vscode_remote_setup/glibc-build/elf/rtld-libc.a(rtld-getdents64.os)
 .comment       0x0000000000000948       0x36 /home/holy/vscode_remote_setup/glibc-build/elf/rtld-libc.a(rtld-dl-addr-obj.os)
 .comment       0x000000000000097e       0x36 /home/holy/vscode_remote_setup/glibc-build/elf/rtld-libc.a(rtld-profil.os)
 .comment       0x00000000000009b4       0x36 /home/holy/vscode_remote_setup/glibc-build/elf/rtld-libc.a(rtld-prof-freq.os)
 .comment       0x00000000000009ea       0x36 /home/holy/vscode_remote_setup/glibc-build/elf/rtld-libc.a(rtld-xstat.os)
 .comment       0x0000000000000a20       0x36 /home/holy/vscode_remote_setup/glibc-build/elf/rtld-libc.a(rtld-fxstat.os)
 .comment       0x0000000000000a56       0x36 /home/holy/vscode_remote_setup/glibc-build/elf/rtld-libc.a(rtld-lxstat.os)
 .comment       0x0000000000000a8c       0x36 /home/holy/vscode_remote_setup/glibc-build/elf/rtld-libc.a(rtld-lseek64.os)
 .comment       0x0000000000000ac2       0x36 /home/holy/vscode_remote_setup/glibc-build/elf/rtld-libc.a(rtld-access.os)
 .comment       0x0000000000000af8       0x36 /home/holy/vscode_remote_setup/glibc-build/elf/rtld-libc.a(rtld-close_nocancel.os)
 .comment       0x0000000000000b2e       0x36 /home/holy/vscode_remote_setup/glibc-build/elf/rtld-libc.a(rtld-fcntl_nocancel.os)
 .comment       0x0000000000000b64       0x36 /home/holy/vscode_remote_setup/glibc-build/elf/rtld-libc.a(rtld-open64_nocancel.os)
 .comment       0x0000000000000b9a       0x36 /home/holy/vscode_remote_setup/glibc-build/elf/rtld-libc.a(rtld-openat64_nocancel.os)
 .comment       0x0000000000000bd0       0x36 /home/holy/vscode_remote_setup/glibc-build/elf/rtld-libc.a(rtld-read_nocancel.os)
 .comment       0x0000000000000c06       0x36 /home/holy/vscode_remote_setup/glibc-build/elf/rtld-libc.a(rtld-write_nocancel.os)
 .comment       0x0000000000000c3c       0x36 /home/holy/vscode_remote_setup/glibc-build/elf/rtld-libc.a(rtld-scratch_buffer_set_array_size.os)
 .comment       0x0000000000000c72       0x36 /home/holy/vscode_remote_setup/glibc-build/elf/rtld-libc.a(rtld-mmap64.os)
 .comment       0x0000000000000ca8       0x36 /home/holy/vscode_remote_setup/glibc-build/elf/rtld-libc.a(rtld-_exit.os)
 .comment       0x0000000000000cde       0x36 /home/holy/vscode_remote_setup/glibc-build/elf/rtld-libc.a(rtld-environ.os)
 .comment       0x0000000000000d14       0x36 /home/holy/vscode_remote_setup/glibc-build/elf/rtld-libc.a(rtld-sigaction.os)
 .comment       0x0000000000000d4a       0x36 /home/holy/vscode_remote_setup/glibc-build/elf/rtld-libc.a(rtld-strdup.os)

.note.GNU-stack
                0x0000000000000000        0x0
 .note.GNU-stack
                0x0000000000000000        0x0 /home/holy/vscode_remote_setup/glibc-build/elf/dl-allobjs.os
 .note.GNU-stack
                0x0000000000000000        0x0 /home/holy/vscode_remote_setup/glibc-build/elf/rtld-libc.a(rtld-check_fds.os)
 .note.GNU-stack
                0x0000000000000000        0x0 /home/holy/vscode_remote_setup/glibc-build/elf/rtld-libc.a(rtld-errno.os)
 .note.GNU-stack
                0x0000000000000000        0x0 /home/holy/vscode_remote_setup/glibc-build/elf/rtld-libc.a(rtld-closedir.os)
 .note.GNU-stack
                0x0000000000000000        0x0 /home/holy/vscode_remote_setup/glibc-build/elf/rtld-libc.a(rtld-rewinddir.os)
 .note.GNU-stack
                0x0000000000000000        0x0 /home/holy/vscode_remote_setup/glibc-build/elf/rtld-libc.a(rtld-readdir64.os)
 .note.GNU-stack
                0x0000000000000000        0x0 /home/holy/vscode_remote_setup/glibc-build/elf/rtld-libc.a(rtld-fdopendir.os)
 .note.GNU-stack
                0x0000000000000000        0x0 /home/holy/vscode_remote_setup/glibc-build/elf/rtld-libc.a(rtld-getdents64.os)
 .note.GNU-stack
                0x0000000000000000        0x0 /home/holy/vscode_remote_setup/glibc-build/elf/rtld-libc.a(rtld-dl-addr-obj.os)
 .note.GNU-stack
                0x0000000000000000        0x0 /home/holy/vscode_remote_setup/glibc-build/elf/rtld-libc.a(rtld-profil.os)
 .note.GNU-stack
                0x0000000000000000        0x0 /home/holy/vscode_remote_setup/glibc-build/elf/rtld-libc.a(rtld-prof-freq.os)
 .note.GNU-stack
                0x0000000000000000        0x0 /home/holy/vscode_remote_setup/glibc-build/elf/rtld-libc.a(rtld-xstat.os)
 .note.GNU-stack
                0x0000000000000000        0x0 /home/holy/vscode_remote_setup/glibc-build/elf/rtld-libc.a(rtld-fxstat.os)
 .note.GNU-stack
                0x0000000000000000        0x0 /home/holy/vscode_remote_setup/glibc-build/elf/rtld-libc.a(rtld-lxstat.os)
 .note.GNU-stack
                0x0000000000000000        0x0 /home/holy/vscode_remote_setup/glibc-build/elf/rtld-libc.a(rtld-lseek64.os)
 .note.GNU-stack
                0x0000000000000000        0x0 /home/holy/vscode_remote_setup/glibc-build/elf/rtld-libc.a(rtld-access.os)
 .note.GNU-stack
                0x0000000000000000        0x0 /home/holy/vscode_remote_setup/glibc-build/elf/rtld-libc.a(rtld-close_nocancel.os)
 .note.GNU-stack
                0x0000000000000000        0x0 /home/holy/vscode_remote_setup/glibc-build/elf/rtld-libc.a(rtld-fcntl_nocancel.os)
 .note.GNU-stack
                0x0000000000000000        0x0 /home/holy/vscode_remote_setup/glibc-build/elf/rtld-libc.a(rtld-open64_nocancel.os)
 .note.GNU-stack
                0x0000000000000000        0x0 /home/holy/vscode_remote_setup/glibc-build/elf/rtld-libc.a(rtld-openat64_nocancel.os)
 .note.GNU-stack
                0x0000000000000000        0x0 /home/holy/vscode_remote_setup/glibc-build/elf/rtld-libc.a(rtld-read_nocancel.os)
 .note.GNU-stack
                0x0000000000000000        0x0 /home/holy/vscode_remote_setup/glibc-build/elf/rtld-libc.a(rtld-write_nocancel.os)
 .note.GNU-stack
                0x0000000000000000        0x0 /home/holy/vscode_remote_setup/glibc-build/elf/rtld-libc.a(rtld-scratch_buffer_set_array_size.os)
 .note.GNU-stack
                0x0000000000000000        0x0 /home/holy/vscode_remote_setup/glibc-build/elf/rtld-libc.a(rtld-mmap64.os)
 .note.GNU-stack
                0x0000000000000000        0x0 /home/holy/vscode_remote_setup/glibc-build/elf/rtld-libc.a(rtld-munmap.os)
 .note.GNU-stack
                0x0000000000000000        0x0 /home/holy/vscode_remote_setup/glibc-build/elf/rtld-libc.a(rtld-mprotect.os)
 .note.GNU-stack
                0x0000000000000000        0x0 /home/holy/vscode_remote_setup/glibc-build/elf/rtld-libc.a(rtld-uname.os)
 .note.GNU-stack
                0x0000000000000000        0x0 /home/holy/vscode_remote_setup/glibc-build/elf/rtld-libc.a(rtld-_exit.os)
 .note.GNU-stack
                0x0000000000000000        0x0 /home/holy/vscode_remote_setup/glibc-build/elf/rtld-libc.a(rtld-getpid.os)
 .note.GNU-stack
                0x0000000000000000        0x0 /home/holy/vscode_remote_setup/glibc-build/elf/rtld-libc.a(rtld-environ.os)
 .note.GNU-stack
                0x0000000000000000        0x0 /home/holy/vscode_remote_setup/glibc-build/elf/rtld-libc.a(rtld-setjmp.os)
 .note.GNU-stack
                0x0000000000000000        0x0 /home/holy/vscode_remote_setup/glibc-build/elf/rtld-libc.a(rtld-__longjmp.os)
 .note.GNU-stack
                0x0000000000000000        0x0 /home/holy/vscode_remote_setup/glibc-build/elf/rtld-libc.a(rtld-sigaction.os)
 .note.GNU-stack
                0x0000000000000000        0x0 /home/holy/vscode_remote_setup/glibc-build/elf/rtld-libc.a(rtld-strdup.os)
 .note.GNU-stack
                0x0000000000000000        0x0 /home/holy/vscode_remote_setup/glibc-build/elf/rtld-libc.a(rtld-strcmp-sse2.os)
 .note.GNU-stack
                0x0000000000000000        0x0 /home/holy/vscode_remote_setup/glibc-build/elf/rtld-libc.a(rtld-strncmp-sse2.os)
 .note.GNU-stack
                0x0000000000000000        0x0 /home/holy/vscode_remote_setup/glibc-build/elf/rtld-libc.a(rtld-memchr-sse2.os)
 .note.GNU-stack
                0x0000000000000000        0x0 /home/holy/vscode_remote_setup/glibc-build/elf/rtld-libc.a(rtld-rawmemchr-sse2.os)
 .note.GNU-stack
                0x0000000000000000        0x0 /home/holy/vscode_remote_setup/glibc-build/elf/rtld-libc.a(rtld-memcmp-sse2.os)
 .note.GNU-stack
                0x0000000000000000        0x0 /home/holy/vscode_remote_setup/glibc-build/elf/rtld-libc.a(rtld-strchr-sse2.os)
 .note.GNU-stack
                0x0000000000000000        0x0 /home/holy/vscode_remote_setup/glibc-build/elf/rtld-libc.a(rtld-strlen-sse2.os)
 .note.GNU-stack
                0x0000000000000000        0x0 /home/holy/vscode_remote_setup/glibc-build/elf/rtld-libc.a(rtld-strnlen-sse2.os)
 .note.GNU-stack
                0x0000000000000000        0x0 /home/holy/vscode_remote_setup/glibc-build/elf/rtld-libc.a(rtld-stpcpy-sse2.os)
 .note.GNU-stack
                0x0000000000000000        0x0 /home/holy/vscode_remote_setup/glibc-build/elf/rtld-libc.a(rtld-strcspn-sse2.os)
 .note.GNU-stack
                0x0000000000000000        0x0 /home/holy/vscode_remote_setup/glibc-build/elf/rtld-libc.a(rtld-memmove-sse2-unaligned-erms.os)
 .note.GNU-stack
                0x0000000000000000        0x0 /home/holy/vscode_remote_setup/glibc-build/elf/rtld-libc.a(rtld-memset-sse2-unaligned-erms.os)
 .note.GNU-stack
                0x0000000000000000        0x0 /home/holy/vscode_remote_setup/glibc-build/elf/rtld-libc.a(rtld-setitimer.os)

.debug
 *(.debug)

.line
 *(.line)

.debug_srcinfo
 *(.debug_srcinfo)

.debug_sfnames
 *(.debug_sfnames)

.debug_aranges  0x0000000000000000     0x1020
 *(.debug_aranges)
 .debug_aranges
                0x0000000000000000      0x7a0 /home/holy/vscode_remote_setup/glibc-build/elf/dl-allobjs.os
 .debug_aranges
                0x00000000000007a0       0x30 /home/holy/vscode_remote_setup/glibc-build/elf/rtld-libc.a(rtld-check_fds.os)
 .debug_aranges
                0x00000000000007d0       0x20 /home/holy/vscode_remote_setup/glibc-build/elf/rtld-libc.a(rtld-errno.os)
 .debug_aranges
                0x00000000000007f0       0x30 /home/holy/vscode_remote_setup/glibc-build/elf/rtld-libc.a(rtld-closedir.os)
 .debug_aranges
                0x0000000000000820       0x30 /home/holy/vscode_remote_setup/glibc-build/elf/rtld-libc.a(rtld-rewinddir.os)
 .debug_aranges
                0x0000000000000850       0x30 /home/holy/vscode_remote_setup/glibc-build/elf/rtld-libc.a(rtld-readdir64.os)
 .debug_aranges
                0x0000000000000880       0x30 /home/holy/vscode_remote_setup/glibc-build/elf/rtld-libc.a(rtld-fdopendir.os)
 .debug_aranges
                0x00000000000008b0       0x30 /home/holy/vscode_remote_setup/glibc-build/elf/rtld-libc.a(rtld-getdents64.os)
 .debug_aranges
                0x00000000000008e0       0x30 /home/holy/vscode_remote_setup/glibc-build/elf/rtld-libc.a(rtld-dl-addr-obj.os)
 .debug_aranges
                0x0000000000000910       0x30 /home/holy/vscode_remote_setup/glibc-build/elf/rtld-libc.a(rtld-profil.os)
 .debug_aranges
                0x0000000000000940       0x30 /home/holy/vscode_remote_setup/glibc-build/elf/rtld-libc.a(rtld-prof-freq.os)
 .debug_aranges
                0x0000000000000970       0x30 /home/holy/vscode_remote_setup/glibc-build/elf/rtld-libc.a(rtld-xstat.os)
 .debug_aranges
                0x00000000000009a0       0x30 /home/holy/vscode_remote_setup/glibc-build/elf/rtld-libc.a(rtld-fxstat.os)
 .debug_aranges
                0x00000000000009d0       0x30 /home/holy/vscode_remote_setup/glibc-build/elf/rtld-libc.a(rtld-lxstat.os)
 .debug_aranges
                0x0000000000000a00       0x30 /home/holy/vscode_remote_setup/glibc-build/elf/rtld-libc.a(rtld-lseek64.os)
 .debug_aranges
                0x0000000000000a30       0x30 /home/holy/vscode_remote_setup/glibc-build/elf/rtld-libc.a(rtld-access.os)
 .debug_aranges
                0x0000000000000a60       0x30 /home/holy/vscode_remote_setup/glibc-build/elf/rtld-libc.a(rtld-close_nocancel.os)
 .debug_aranges
                0x0000000000000a90       0x30 /home/holy/vscode_remote_setup/glibc-build/elf/rtld-libc.a(rtld-fcntl_nocancel.os)
 .debug_aranges
                0x0000000000000ac0       0x30 /home/holy/vscode_remote_setup/glibc-build/elf/rtld-libc.a(rtld-open64_nocancel.os)
 .debug_aranges
                0x0000000000000af0       0x30 /home/holy/vscode_remote_setup/glibc-build/elf/rtld-libc.a(rtld-openat64_nocancel.os)
 .debug_aranges
                0x0000000000000b20       0x30 /home/holy/vscode_remote_setup/glibc-build/elf/rtld-libc.a(rtld-read_nocancel.os)
 .debug_aranges
                0x0000000000000b50       0x30 /home/holy/vscode_remote_setup/glibc-build/elf/rtld-libc.a(rtld-write_nocancel.os)
 .debug_aranges
                0x0000000000000b80       0x30 /home/holy/vscode_remote_setup/glibc-build/elf/rtld-libc.a(rtld-scratch_buffer_set_array_size.os)
 .debug_aranges
                0x0000000000000bb0       0x30 /home/holy/vscode_remote_setup/glibc-build/elf/rtld-libc.a(rtld-mmap64.os)
 .debug_aranges
                0x0000000000000be0       0x30 /home/holy/vscode_remote_setup/glibc-build/elf/rtld-libc.a(rtld-munmap.os)
 .debug_aranges
                0x0000000000000c10       0x30 /home/holy/vscode_remote_setup/glibc-build/elf/rtld-libc.a(rtld-mprotect.os)
 .debug_aranges
                0x0000000000000c40       0x30 /home/holy/vscode_remote_setup/glibc-build/elf/rtld-libc.a(rtld-uname.os)
 .debug_aranges
                0x0000000000000c70       0x30 /home/holy/vscode_remote_setup/glibc-build/elf/rtld-libc.a(rtld-_exit.os)
 .debug_aranges
                0x0000000000000ca0       0x30 /home/holy/vscode_remote_setup/glibc-build/elf/rtld-libc.a(rtld-getpid.os)
 .debug_aranges
                0x0000000000000cd0       0x20 /home/holy/vscode_remote_setup/glibc-build/elf/rtld-libc.a(rtld-environ.os)
 .debug_aranges
                0x0000000000000cf0       0x30 /home/holy/vscode_remote_setup/glibc-build/elf/rtld-libc.a(rtld-setjmp.os)
 .debug_aranges
                0x0000000000000d20       0x30 /home/holy/vscode_remote_setup/glibc-build/elf/rtld-libc.a(rtld-__longjmp.os)
 .debug_aranges
                0x0000000000000d50       0x30 /home/holy/vscode_remote_setup/glibc-build/elf/rtld-libc.a(rtld-sigaction.os)
 .debug_aranges
                0x0000000000000d80       0x30 /home/holy/vscode_remote_setup/glibc-build/elf/rtld-libc.a(rtld-strdup.os)
 .debug_aranges
                0x0000000000000db0       0x30 /home/holy/vscode_remote_setup/glibc-build/elf/rtld-libc.a(rtld-strcmp-sse2.os)
 .debug_aranges
                0x0000000000000de0       0x30 /home/holy/vscode_remote_setup/glibc-build/elf/rtld-libc.a(rtld-strncmp-sse2.os)
 .debug_aranges
                0x0000000000000e10       0x30 /home/holy/vscode_remote_setup/glibc-build/elf/rtld-libc.a(rtld-memchr-sse2.os)
 .debug_aranges
                0x0000000000000e40       0x30 /home/holy/vscode_remote_setup/glibc-build/elf/rtld-libc.a(rtld-rawmemchr-sse2.os)
 .debug_aranges
                0x0000000000000e70       0x30 /home/holy/vscode_remote_setup/glibc-build/elf/rtld-libc.a(rtld-memcmp-sse2.os)
 .debug_aranges
                0x0000000000000ea0       0x30 /home/holy/vscode_remote_setup/glibc-build/elf/rtld-libc.a(rtld-strchr-sse2.os)
 .debug_aranges
                0x0000000000000ed0       0x30 /home/holy/vscode_remote_setup/glibc-build/elf/rtld-libc.a(rtld-strlen-sse2.os)
 .debug_aranges
                0x0000000000000f00       0x30 /home/holy/vscode_remote_setup/glibc-build/elf/rtld-libc.a(rtld-strnlen-sse2.os)
 .debug_aranges
                0x0000000000000f30       0x30 /home/holy/vscode_remote_setup/glibc-build/elf/rtld-libc.a(rtld-stpcpy-sse2.os)
 .debug_aranges
                0x0000000000000f60       0x30 /home/holy/vscode_remote_setup/glibc-build/elf/rtld-libc.a(rtld-strcspn-sse2.os)
 .debug_aranges
                0x0000000000000f90       0x30 /home/holy/vscode_remote_setup/glibc-build/elf/rtld-libc.a(rtld-memmove-sse2-unaligned-erms.os)
 .debug_aranges
                0x0000000000000fc0       0x30 /home/holy/vscode_remote_setup/glibc-build/elf/rtld-libc.a(rtld-memset-sse2-unaligned-erms.os)
 .debug_aranges
                0x0000000000000ff0       0x30 /home/holy/vscode_remote_setup/glibc-build/elf/rtld-libc.a(rtld-setitimer.os)

.debug_pubnames
 *(.debug_pubnames)

.debug_info     0x0000000000000000    0x6ba60
 *(.debug_info)
 .debug_info    0x0000000000000000    0x5d63d /home/holy/vscode_remote_setup/glibc-build/elf/dl-allobjs.os
 .debug_info    0x000000000005d63d      0x83a /home/holy/vscode_remote_setup/glibc-build/elf/rtld-libc.a(rtld-check_fds.os)
 .debug_info    0x000000000005de77      0x482 /home/holy/vscode_remote_setup/glibc-build/elf/rtld-libc.a(rtld-errno.os)
 .debug_info    0x000000000005e2f9      0x6b7 /home/holy/vscode_remote_setup/glibc-build/elf/rtld-libc.a(rtld-closedir.os)
 .debug_info    0x000000000005e9b0      0x67c /home/holy/vscode_remote_setup/glibc-build/elf/rtld-libc.a(rtld-rewinddir.os)
 .debug_info    0x000000000005f02c      0x769 /home/holy/vscode_remote_setup/glibc-build/elf/rtld-libc.a(rtld-readdir64.os)
 .debug_info    0x000000000005f795      0x871 /home/holy/vscode_remote_setup/glibc-build/elf/rtld-libc.a(rtld-fdopendir.os)
 .debug_info    0x0000000000060006      0x57b /home/holy/vscode_remote_setup/glibc-build/elf/rtld-libc.a(rtld-getdents64.os)
 .debug_info    0x0000000000060581      0xdfd /home/holy/vscode_remote_setup/glibc-build/elf/rtld-libc.a(rtld-dl-addr-obj.os)
 .debug_info    0x000000000006137e      0xa86 /home/holy/vscode_remote_setup/glibc-build/elf/rtld-libc.a(rtld-profil.os)
 .debug_info    0x0000000000061e04     0x1a2f /home/holy/vscode_remote_setup/glibc-build/elf/rtld-libc.a(rtld-prof-freq.os)
 .debug_info    0x0000000000063833      0x6c2 /home/holy/vscode_remote_setup/glibc-build/elf/rtld-libc.a(rtld-xstat.os)
 .debug_info    0x0000000000063ef5      0x6bb /home/holy/vscode_remote_setup/glibc-build/elf/rtld-libc.a(rtld-fxstat.os)
 .debug_info    0x00000000000645b0      0x6c2 /home/holy/vscode_remote_setup/glibc-build/elf/rtld-libc.a(rtld-lxstat.os)
 .debug_info    0x0000000000064c72      0x579 /home/holy/vscode_remote_setup/glibc-build/elf/rtld-libc.a(rtld-lseek64.os)
 .debug_info    0x00000000000651eb      0x5eb /home/holy/vscode_remote_setup/glibc-build/elf/rtld-libc.a(rtld-access.os)
 .debug_info    0x00000000000657d6      0x5c1 /home/holy/vscode_remote_setup/glibc-build/elf/rtld-libc.a(rtld-close_nocancel.os)
 .debug_info    0x0000000000065d97      0x839 /home/holy/vscode_remote_setup/glibc-build/elf/rtld-libc.a(rtld-fcntl_nocancel.os)
 .debug_info    0x00000000000665d0      0x5ce /home/holy/vscode_remote_setup/glibc-build/elf/rtld-libc.a(rtld-open64_nocancel.os)
 .debug_info    0x0000000000066b9e      0x694 /home/holy/vscode_remote_setup/glibc-build/elf/rtld-libc.a(rtld-openat64_nocancel.os)
 .debug_info    0x0000000000067232      0x630 /home/holy/vscode_remote_setup/glibc-build/elf/rtld-libc.a(rtld-read_nocancel.os)
 .debug_info    0x0000000000067862      0x637 /home/holy/vscode_remote_setup/glibc-build/elf/rtld-libc.a(rtld-write_nocancel.os)
 .debug_info    0x0000000000067e99      0x2da /home/holy/vscode_remote_setup/glibc-build/elf/rtld-libc.a(rtld-scratch_buffer_set_array_size.os)
 .debug_info    0x0000000000068173     0x1d96 /home/holy/vscode_remote_setup/glibc-build/elf/rtld-libc.a(rtld-mmap64.os)
 .debug_info    0x0000000000069f09       0x82 /home/holy/vscode_remote_setup/glibc-build/elf/rtld-libc.a(rtld-munmap.os)
 .debug_info    0x0000000000069f8b       0x82 /home/holy/vscode_remote_setup/glibc-build/elf/rtld-libc.a(rtld-mprotect.os)
 .debug_info    0x000000000006a00d       0x83 /home/holy/vscode_remote_setup/glibc-build/elf/rtld-libc.a(rtld-uname.os)
 .debug_info    0x000000000006a090      0x562 /home/holy/vscode_remote_setup/glibc-build/elf/rtld-libc.a(rtld-_exit.os)
 .debug_info    0x000000000006a5f2       0x83 /home/holy/vscode_remote_setup/glibc-build/elf/rtld-libc.a(rtld-getpid.os)
 .debug_info    0x000000000006a675       0xcc /home/holy/vscode_remote_setup/glibc-build/elf/rtld-libc.a(rtld-environ.os)
 .debug_info    0x000000000006a741       0x7c /home/holy/vscode_remote_setup/glibc-build/elf/rtld-libc.a(rtld-setjmp.os)
 .debug_info    0x000000000006a7bd       0x7f /home/holy/vscode_remote_setup/glibc-build/elf/rtld-libc.a(rtld-__longjmp.os)
 .debug_info    0x000000000006a83c      0x9dd /home/holy/vscode_remote_setup/glibc-build/elf/rtld-libc.a(rtld-sigaction.os)
 .debug_info    0x000000000006b219      0x175 /home/holy/vscode_remote_setup/glibc-build/elf/rtld-libc.a(rtld-strdup.os)
 .debug_info    0x000000000006b38e       0x7c /home/holy/vscode_remote_setup/glibc-build/elf/rtld-libc.a(rtld-strcmp-sse2.os)
 .debug_info    0x000000000006b40a       0x7c /home/holy/vscode_remote_setup/glibc-build/elf/rtld-libc.a(rtld-strncmp-sse2.os)
 .debug_info    0x000000000006b486       0x89 /home/holy/vscode_remote_setup/glibc-build/elf/rtld-libc.a(rtld-memchr-sse2.os)
 .debug_info    0x000000000006b50f       0x8c /home/holy/vscode_remote_setup/glibc-build/elf/rtld-libc.a(rtld-rawmemchr-sse2.os)
 .debug_info    0x000000000006b59b       0x7c /home/holy/vscode_remote_setup/glibc-build/elf/rtld-libc.a(rtld-memcmp-sse2.os)
 .debug_info    0x000000000006b617       0x89 /home/holy/vscode_remote_setup/glibc-build/elf/rtld-libc.a(rtld-strchr-sse2.os)
 .debug_info    0x000000000006b6a0       0x89 /home/holy/vscode_remote_setup/glibc-build/elf/rtld-libc.a(rtld-strlen-sse2.os)
 .debug_info    0x000000000006b729       0x89 /home/holy/vscode_remote_setup/glibc-build/elf/rtld-libc.a(rtld-strnlen-sse2.os)
 .debug_info    0x000000000006b7b2       0x7c /home/holy/vscode_remote_setup/glibc-build/elf/rtld-libc.a(rtld-stpcpy-sse2.os)
 .debug_info    0x000000000006b82e       0x7d /home/holy/vscode_remote_setup/glibc-build/elf/rtld-libc.a(rtld-strcspn-sse2.os)
 .debug_info    0x000000000006b8ab       0x9a /home/holy/vscode_remote_setup/glibc-build/elf/rtld-libc.a(rtld-memmove-sse2-unaligned-erms.os)
 .debug_info    0x000000000006b945       0x99 /home/holy/vscode_remote_setup/glibc-build/elf/rtld-libc.a(rtld-memset-sse2-unaligned-erms.os)
 .debug_info    0x000000000006b9de       0x82 /home/holy/vscode_remote_setup/glibc-build/elf/rtld-libc.a(rtld-setitimer.os)

.debug_abbrev   0x0000000000000000     0xbc62
 *(.debug_abbrev)
 .debug_abbrev  0x0000000000000000     0x90f7 /home/holy/vscode_remote_setup/glibc-build/elf/dl-allobjs.os
 .debug_abbrev  0x00000000000090f7      0x1e1 /home/holy/vscode_remote_setup/glibc-build/elf/rtld-libc.a(rtld-check_fds.os)
 .debug_abbrev  0x00000000000092d8       0xe6 /home/holy/vscode_remote_setup/glibc-build/elf/rtld-libc.a(rtld-errno.os)
 .debug_abbrev  0x00000000000093be      0x181 /home/holy/vscode_remote_setup/glibc-build/elf/rtld-libc.a(rtld-closedir.os)
 .debug_abbrev  0x000000000000953f      0x14d /home/holy/vscode_remote_setup/glibc-build/elf/rtld-libc.a(rtld-rewinddir.os)
 .debug_abbrev  0x000000000000968c      0x183 /home/holy/vscode_remote_setup/glibc-build/elf/rtld-libc.a(rtld-readdir64.os)
 .debug_abbrev  0x000000000000980f      0x18d /home/holy/vscode_remote_setup/glibc-build/elf/rtld-libc.a(rtld-fdopendir.os)
 .debug_abbrev  0x000000000000999c      0x150 /home/holy/vscode_remote_setup/glibc-build/elf/rtld-libc.a(rtld-getdents64.os)
 .debug_abbrev  0x0000000000009aec      0x203 /home/holy/vscode_remote_setup/glibc-build/elf/rtld-libc.a(rtld-dl-addr-obj.os)
 .debug_abbrev  0x0000000000009cef      0x297 /home/holy/vscode_remote_setup/glibc-build/elf/rtld-libc.a(rtld-profil.os)
 .debug_abbrev  0x0000000000009f86      0x26d /home/holy/vscode_remote_setup/glibc-build/elf/rtld-libc.a(rtld-prof-freq.os)
 .debug_abbrev  0x000000000000a1f3      0x143 /home/holy/vscode_remote_setup/glibc-build/elf/rtld-libc.a(rtld-xstat.os)
 .debug_abbrev  0x000000000000a336      0x152 /home/holy/vscode_remote_setup/glibc-build/elf/rtld-libc.a(rtld-fxstat.os)
 .debug_abbrev  0x000000000000a488      0x143 /home/holy/vscode_remote_setup/glibc-build/elf/rtld-libc.a(rtld-lxstat.os)
 .debug_abbrev  0x000000000000a5cb      0x150 /home/holy/vscode_remote_setup/glibc-build/elf/rtld-libc.a(rtld-lseek64.os)
 .debug_abbrev  0x000000000000a71b      0x170 /home/holy/vscode_remote_setup/glibc-build/elf/rtld-libc.a(rtld-access.os)
 .debug_abbrev  0x000000000000a88b      0x172 /home/holy/vscode_remote_setup/glibc-build/elf/rtld-libc.a(rtld-close_nocancel.os)
 .debug_abbrev  0x000000000000a9fd      0x249 /home/holy/vscode_remote_setup/glibc-build/elf/rtld-libc.a(rtld-fcntl_nocancel.os)
 .debug_abbrev  0x000000000000ac46      0x146 /home/holy/vscode_remote_setup/glibc-build/elf/rtld-libc.a(rtld-open64_nocancel.os)
 .debug_abbrev  0x000000000000ad8c      0x184 /home/holy/vscode_remote_setup/glibc-build/elf/rtld-libc.a(rtld-openat64_nocancel.os)
 .debug_abbrev  0x000000000000af10      0x181 /home/holy/vscode_remote_setup/glibc-build/elf/rtld-libc.a(rtld-read_nocancel.os)
 .debug_abbrev  0x000000000000b091      0x186 /home/holy/vscode_remote_setup/glibc-build/elf/rtld-libc.a(rtld-write_nocancel.os)
 .debug_abbrev  0x000000000000b217      0x17d /home/holy/vscode_remote_setup/glibc-build/elf/rtld-libc.a(rtld-scratch_buffer_set_array_size.os)
 .debug_abbrev  0x000000000000b394      0x2ee /home/holy/vscode_remote_setup/glibc-build/elf/rtld-libc.a(rtld-mmap64.os)
 .debug_abbrev  0x000000000000b682       0x14 /home/holy/vscode_remote_setup/glibc-build/elf/rtld-libc.a(rtld-munmap.os)
 .debug_abbrev  0x000000000000b696       0x14 /home/holy/vscode_remote_setup/glibc-build/elf/rtld-libc.a(rtld-mprotect.os)
 .debug_abbrev  0x000000000000b6aa       0x14 /home/holy/vscode_remote_setup/glibc-build/elf/rtld-libc.a(rtld-uname.os)
 .debug_abbrev  0x000000000000b6be      0x14d /home/holy/vscode_remote_setup/glibc-build/elf/rtld-libc.a(rtld-_exit.os)
 .debug_abbrev  0x000000000000b80b       0x14 /home/holy/vscode_remote_setup/glibc-build/elf/rtld-libc.a(rtld-getpid.os)
 .debug_abbrev  0x000000000000b81f       0x53 /home/holy/vscode_remote_setup/glibc-build/elf/rtld-libc.a(rtld-environ.os)
 .debug_abbrev  0x000000000000b872       0x14 /home/holy/vscode_remote_setup/glibc-build/elf/rtld-libc.a(rtld-setjmp.os)
 .debug_abbrev  0x000000000000b886       0x14 /home/holy/vscode_remote_setup/glibc-build/elf/rtld-libc.a(rtld-__longjmp.os)
 .debug_abbrev  0x000000000000b89a      0x1e6 /home/holy/vscode_remote_setup/glibc-build/elf/rtld-libc.a(rtld-sigaction.os)
 .debug_abbrev  0x000000000000ba80       0xde /home/holy/vscode_remote_setup/glibc-build/elf/rtld-libc.a(rtld-strdup.os)
 .debug_abbrev  0x000000000000bb5e       0x14 /home/holy/vscode_remote_setup/glibc-build/elf/rtld-libc.a(rtld-strcmp-sse2.os)
 .debug_abbrev  0x000000000000bb72       0x14 /home/holy/vscode_remote_setup/glibc-build/elf/rtld-libc.a(rtld-strncmp-sse2.os)
 .debug_abbrev  0x000000000000bb86       0x14 /home/holy/vscode_remote_setup/glibc-build/elf/rtld-libc.a(rtld-memchr-sse2.os)
 .debug_abbrev  0x000000000000bb9a       0x14 /home/holy/vscode_remote_setup/glibc-build/elf/rtld-libc.a(rtld-rawmemchr-sse2.os)
 .debug_abbrev  0x000000000000bbae       0x14 /home/holy/vscode_remote_setup/glibc-build/elf/rtld-libc.a(rtld-memcmp-sse2.os)
 .debug_abbrev  0x000000000000bbc2       0x14 /home/holy/vscode_remote_setup/glibc-build/elf/rtld-libc.a(rtld-strchr-sse2.os)
 .debug_abbrev  0x000000000000bbd6       0x14 /home/holy/vscode_remote_setup/glibc-build/elf/rtld-libc.a(rtld-strlen-sse2.os)
 .debug_abbrev  0x000000000000bbea       0x14 /home/holy/vscode_remote_setup/glibc-build/elf/rtld-libc.a(rtld-strnlen-sse2.os)
 .debug_abbrev  0x000000000000bbfe       0x14 /home/holy/vscode_remote_setup/glibc-build/elf/rtld-libc.a(rtld-stpcpy-sse2.os)
 .debug_abbrev  0x000000000000bc12       0x14 /home/holy/vscode_remote_setup/glibc-build/elf/rtld-libc.a(rtld-strcspn-sse2.os)
 .debug_abbrev  0x000000000000bc26       0x14 /home/holy/vscode_remote_setup/glibc-build/elf/rtld-libc.a(rtld-memmove-sse2-unaligned-erms.os)
 .debug_abbrev  0x000000000000bc3a       0x14 /home/holy/vscode_remote_setup/glibc-build/elf/rtld-libc.a(rtld-memset-sse2-unaligned-erms.os)
 .debug_abbrev  0x000000000000bc4e       0x14 /home/holy/vscode_remote_setup/glibc-build/elf/rtld-libc.a(rtld-setitimer.os)

.debug_line     0x0000000000000000    0x110ed
 *(.debug_line .debug_line.* .debug_line_end)
 .debug_line    0x0000000000000000     0xcca2 /home/holy/vscode_remote_setup/glibc-build/elf/dl-allobjs.os
 .debug_line    0x000000000000cca2      0x203 /home/holy/vscode_remote_setup/glibc-build/elf/rtld-libc.a(rtld-check_fds.os)
 .debug_line    0x000000000000cea5       0xe1 /home/holy/vscode_remote_setup/glibc-build/elf/rtld-libc.a(rtld-errno.os)
 .debug_line    0x000000000000cf86      0x24b /home/holy/vscode_remote_setup/glibc-build/elf/rtld-libc.a(rtld-closedir.os)
 .debug_line    0x000000000000d1d1      0x207 /home/holy/vscode_remote_setup/glibc-build/elf/rtld-libc.a(rtld-rewinddir.os)
 .debug_line    0x000000000000d3d8      0x245 /home/holy/vscode_remote_setup/glibc-build/elf/rtld-libc.a(rtld-readdir64.os)
 .debug_line    0x000000000000d61d      0x2bb /home/holy/vscode_remote_setup/glibc-build/elf/rtld-libc.a(rtld-fdopendir.os)
 .debug_line    0x000000000000d8d8      0x186 /home/holy/vscode_remote_setup/glibc-build/elf/rtld-libc.a(rtld-getdents64.os)
 .debug_line    0x000000000000da5e      0x1fd /home/holy/vscode_remote_setup/glibc-build/elf/rtld-libc.a(rtld-dl-addr-obj.os)
 .debug_line    0x000000000000dc5b      0x2d2 /home/holy/vscode_remote_setup/glibc-build/elf/rtld-libc.a(rtld-profil.os)
 .debug_line    0x000000000000df2d      0x26e /home/holy/vscode_remote_setup/glibc-build/elf/rtld-libc.a(rtld-prof-freq.os)
 .debug_line    0x000000000000e19b      0x195 /home/holy/vscode_remote_setup/glibc-build/elf/rtld-libc.a(rtld-xstat.os)
 .debug_line    0x000000000000e330      0x196 /home/holy/vscode_remote_setup/glibc-build/elf/rtld-libc.a(rtld-fxstat.os)
 .debug_line    0x000000000000e4c6      0x196 /home/holy/vscode_remote_setup/glibc-build/elf/rtld-libc.a(rtld-lxstat.os)
 .debug_line    0x000000000000e65c      0x158 /home/holy/vscode_remote_setup/glibc-build/elf/rtld-libc.a(rtld-lseek64.os)
 .debug_line    0x000000000000e7b4      0x193 /home/holy/vscode_remote_setup/glibc-build/elf/rtld-libc.a(rtld-access.os)
 .debug_line    0x000000000000e947      0x19b /home/holy/vscode_remote_setup/glibc-build/elf/rtld-libc.a(rtld-close_nocancel.os)
 .debug_line    0x000000000000eae2      0x1f5 /home/holy/vscode_remote_setup/glibc-build/elf/rtld-libc.a(rtld-fcntl_nocancel.os)
 .debug_line    0x000000000000ecd7      0x19a /home/holy/vscode_remote_setup/glibc-build/elf/rtld-libc.a(rtld-open64_nocancel.os)
 .debug_line    0x000000000000ee71      0x1fd /home/holy/vscode_remote_setup/glibc-build/elf/rtld-libc.a(rtld-openat64_nocancel.os)
 .debug_line    0x000000000000f06e      0x1e3 /home/holy/vscode_remote_setup/glibc-build/elf/rtld-libc.a(rtld-read_nocancel.os)
 .debug_line    0x000000000000f251      0x1e4 /home/holy/vscode_remote_setup/glibc-build/elf/rtld-libc.a(rtld-write_nocancel.os)
 .debug_line    0x000000000000f435      0x10a /home/holy/vscode_remote_setup/glibc-build/elf/rtld-libc.a(rtld-scratch_buffer_set_array_size.os)
 .debug_line    0x000000000000f53f      0x2c8 /home/holy/vscode_remote_setup/glibc-build/elf/rtld-libc.a(rtld-mmap64.os)
 .debug_line    0x000000000000f807       0x59 /home/holy/vscode_remote_setup/glibc-build/elf/rtld-libc.a(rtld-munmap.os)
 .debug_line    0x000000000000f860       0x59 /home/holy/vscode_remote_setup/glibc-build/elf/rtld-libc.a(rtld-mprotect.os)
 .debug_line    0x000000000000f8b9       0x59 /home/holy/vscode_remote_setup/glibc-build/elf/rtld-libc.a(rtld-uname.os)
 .debug_line    0x000000000000f912      0x14e /home/holy/vscode_remote_setup/glibc-build/elf/rtld-libc.a(rtld-_exit.os)
 .debug_line    0x000000000000fa60       0x57 /home/holy/vscode_remote_setup/glibc-build/elf/rtld-libc.a(rtld-getpid.os)
 .debug_line    0x000000000000fab7       0x41 /home/holy/vscode_remote_setup/glibc-build/elf/rtld-libc.a(rtld-environ.os)
 .debug_line    0x000000000000faf8       0x61 /home/holy/vscode_remote_setup/glibc-build/elf/rtld-libc.a(rtld-setjmp.os)
 .debug_line    0x000000000000fb59       0x61 /home/holy/vscode_remote_setup/glibc-build/elf/rtld-libc.a(rtld-__longjmp.os)
 .debug_line    0x000000000000fbba      0x25a /home/holy/vscode_remote_setup/glibc-build/elf/rtld-libc.a(rtld-sigaction.os)
 .debug_line    0x000000000000fe14       0xa5 /home/holy/vscode_remote_setup/glibc-build/elf/rtld-libc.a(rtld-strdup.os)
 .debug_line    0x000000000000feb9      0x48f /home/holy/vscode_remote_setup/glibc-build/elf/rtld-libc.a(rtld-strcmp-sse2.os)
 .debug_line    0x0000000000010348      0x525 /home/holy/vscode_remote_setup/glibc-build/elf/rtld-libc.a(rtld-strncmp-sse2.os)
 .debug_line    0x000000000001086d      0x124 /home/holy/vscode_remote_setup/glibc-build/elf/rtld-libc.a(rtld-memchr-sse2.os)
 .debug_line    0x0000000000010991       0xd3 /home/holy/vscode_remote_setup/glibc-build/elf/rtld-libc.a(rtld-rawmemchr-sse2.os)
 .debug_line    0x0000000000010a64      0x14c /home/holy/vscode_remote_setup/glibc-build/elf/rtld-libc.a(rtld-memcmp-sse2.os)
 .debug_line    0x0000000000010bb0       0xde /home/holy/vscode_remote_setup/glibc-build/elf/rtld-libc.a(rtld-strchr-sse2.os)
 .debug_line    0x0000000000010c8e       0xa5 /home/holy/vscode_remote_setup/glibc-build/elf/rtld-libc.a(rtld-strlen-sse2.os)
 .debug_line    0x0000000000010d33       0xa5 /home/holy/vscode_remote_setup/glibc-build/elf/rtld-libc.a(rtld-strnlen-sse2.os)
 .debug_line    0x0000000000010dd8       0x95 /home/holy/vscode_remote_setup/glibc-build/elf/rtld-libc.a(rtld-stpcpy-sse2.os)
 .debug_line    0x0000000000010e6d       0x80 /home/holy/vscode_remote_setup/glibc-build/elf/rtld-libc.a(rtld-strcspn-sse2.os)
 .debug_line    0x0000000000010eed       0xfc /home/holy/vscode_remote_setup/glibc-build/elf/rtld-libc.a(rtld-memmove-sse2-unaligned-erms.os)
 .debug_line    0x0000000000010fe9       0xab /home/holy/vscode_remote_setup/glibc-build/elf/rtld-libc.a(rtld-memset-sse2-unaligned-erms.os)
 .debug_line    0x0000000000011094       0x59 /home/holy/vscode_remote_setup/glibc-build/elf/rtld-libc.a(rtld-setitimer.os)

.debug_frame
 *(.debug_frame)

.debug_str      0x0000000000000000    0x4043e
 *(.debug_str)
 .debug_str     0x0000000000000000    0x35bc0 /home/holy/vscode_remote_setup/glibc-build/elf/dl-allobjs.os
 .debug_str     0x0000000000035bc0      0x628 /home/holy/vscode_remote_setup/glibc-build/elf/rtld-libc.a(rtld-check_fds.os)
 .debug_str     0x00000000000361e8      0x412 /home/holy/vscode_remote_setup/glibc-build/elf/rtld-libc.a(rtld-errno.os)
 .debug_str     0x00000000000365fa      0x5a3 /home/holy/vscode_remote_setup/glibc-build/elf/rtld-libc.a(rtld-closedir.os)
 .debug_str     0x0000000000036b9d      0x576 /home/holy/vscode_remote_setup/glibc-build/elf/rtld-libc.a(rtld-rewinddir.os)
 .debug_str     0x0000000000037113      0x603 /home/holy/vscode_remote_setup/glibc-build/elf/rtld-libc.a(rtld-readdir64.os)
 .debug_str     0x0000000000037716      0x6de /home/holy/vscode_remote_setup/glibc-build/elf/rtld-libc.a(rtld-fdopendir.os)
 .debug_str     0x0000000000037df4      0x481 /home/holy/vscode_remote_setup/glibc-build/elf/rtld-libc.a(rtld-getdents64.os)
 .debug_str     0x0000000000038275      0xab9 /home/holy/vscode_remote_setup/glibc-build/elf/rtld-libc.a(rtld-dl-addr-obj.os)
 .debug_str     0x0000000000038d2e      0x786 /home/holy/vscode_remote_setup/glibc-build/elf/rtld-libc.a(rtld-profil.os)
 .debug_str     0x00000000000394b4     0x11dd /home/holy/vscode_remote_setup/glibc-build/elf/rtld-libc.a(rtld-prof-freq.os)
 .debug_str     0x000000000003a691      0x57b /home/holy/vscode_remote_setup/glibc-build/elf/rtld-libc.a(rtld-xstat.os)
 .debug_str     0x000000000003ac0c      0x579 /home/holy/vscode_remote_setup/glibc-build/elf/rtld-libc.a(rtld-fxstat.os)
 .debug_str     0x000000000003b185      0x57e /home/holy/vscode_remote_setup/glibc-build/elf/rtld-libc.a(rtld-lxstat.os)
 .debug_str     0x000000000003b703      0x4a6 /home/holy/vscode_remote_setup/glibc-build/elf/rtld-libc.a(rtld-lseek64.os)
 .debug_str     0x000000000003bba9      0x507 /home/holy/vscode_remote_setup/glibc-build/elf/rtld-libc.a(rtld-access.os)
 .debug_str     0x000000000003c0b0      0x51c /home/holy/vscode_remote_setup/glibc-build/elf/rtld-libc.a(rtld-close_nocancel.os)
 .debug_str     0x000000000003c5cc      0x5b5 /home/holy/vscode_remote_setup/glibc-build/elf/rtld-libc.a(rtld-fcntl_nocancel.os)
 .debug_str     0x000000000003cb81      0x4db /home/holy/vscode_remote_setup/glibc-build/elf/rtld-libc.a(rtld-open64_nocancel.os)
 .debug_str     0x000000000003d05c      0x571 /home/holy/vscode_remote_setup/glibc-build/elf/rtld-libc.a(rtld-openat64_nocancel.os)
 .debug_str     0x000000000003d5cd      0x547 /home/holy/vscode_remote_setup/glibc-build/elf/rtld-libc.a(rtld-read_nocancel.os)
 .debug_str     0x000000000003db14      0x54a /home/holy/vscode_remote_setup/glibc-build/elf/rtld-libc.a(rtld-write_nocancel.os)
 .debug_str     0x000000000003e05e      0x2bd /home/holy/vscode_remote_setup/glibc-build/elf/rtld-libc.a(rtld-scratch_buffer_set_array_size.os)
 .debug_str     0x000000000003e31b     0x125b /home/holy/vscode_remote_setup/glibc-build/elf/rtld-libc.a(rtld-mmap64.os)
 .debug_str     0x000000000003f576      0x487 /home/holy/vscode_remote_setup/glibc-build/elf/rtld-libc.a(rtld-_exit.os)
 .debug_str     0x000000000003f9fd      0x1ca /home/holy/vscode_remote_setup/glibc-build/elf/rtld-libc.a(rtld-environ.os)
 .debug_str     0x000000000003fbc7      0x697 /home/holy/vscode_remote_setup/glibc-build/elf/rtld-libc.a(rtld-sigaction.os)
 .debug_str     0x000000000004025e      0x1e0 /home/holy/vscode_remote_setup/glibc-build/elf/rtld-libc.a(rtld-strdup.os)

.debug_loc      0x0000000000000000    0x31972
 *(.debug_loc)
 .debug_loc     0x0000000000000000    0x2f4c5 /home/holy/vscode_remote_setup/glibc-build/elf/dl-allobjs.os
 .debug_loc     0x000000000002f4c5       0xe1 /home/holy/vscode_remote_setup/glibc-build/elf/rtld-libc.a(rtld-check_fds.os)
 .debug_loc     0x000000000002f5a6       0x82 /home/holy/vscode_remote_setup/glibc-build/elf/rtld-libc.a(rtld-closedir.os)
 .debug_loc     0x000000000002f628       0x4c /home/holy/vscode_remote_setup/glibc-build/elf/rtld-libc.a(rtld-rewinddir.os)
 .debug_loc     0x000000000002f674      0x1d8 /home/holy/vscode_remote_setup/glibc-build/elf/rtld-libc.a(rtld-readdir64.os)
 .debug_loc     0x000000000002f84c       0xbe /home/holy/vscode_remote_setup/glibc-build/elf/rtld-libc.a(rtld-fdopendir.os)
 .debug_loc     0x000000000002f90a       0x6e /home/holy/vscode_remote_setup/glibc-build/elf/rtld-libc.a(rtld-getdents64.os)
 .debug_loc     0x000000000002f978       0x65 /home/holy/vscode_remote_setup/glibc-build/elf/rtld-libc.a(rtld-dl-addr-obj.os)
 .debug_loc     0x000000000002f9dd      0x23a /home/holy/vscode_remote_setup/glibc-build/elf/rtld-libc.a(rtld-profil.os)
 .debug_loc     0x000000000002fc17      0x182 /home/holy/vscode_remote_setup/glibc-build/elf/rtld-libc.a(rtld-xstat.os)
 .debug_loc     0x000000000002fd99      0x182 /home/holy/vscode_remote_setup/glibc-build/elf/rtld-libc.a(rtld-fxstat.os)
 .debug_loc     0x000000000002ff1b      0x182 /home/holy/vscode_remote_setup/glibc-build/elf/rtld-libc.a(rtld-lxstat.os)
 .debug_loc     0x000000000003009d       0x6e /home/holy/vscode_remote_setup/glibc-build/elf/rtld-libc.a(rtld-lseek64.os)
 .debug_loc     0x000000000003010b       0x6e /home/holy/vscode_remote_setup/glibc-build/elf/rtld-libc.a(rtld-access.os)
 .debug_loc     0x0000000000030179       0x6e /home/holy/vscode_remote_setup/glibc-build/elf/rtld-libc.a(rtld-close_nocancel.os)
 .debug_loc     0x00000000000301e7      0x36b /home/holy/vscode_remote_setup/glibc-build/elf/rtld-libc.a(rtld-fcntl_nocancel.os)
 .debug_loc     0x0000000000030552      0x299 /home/holy/vscode_remote_setup/glibc-build/elf/rtld-libc.a(rtld-open64_nocancel.os)
 .debug_loc     0x00000000000307eb      0x1b7 /home/holy/vscode_remote_setup/glibc-build/elf/rtld-libc.a(rtld-openat64_nocancel.os)
 .debug_loc     0x00000000000309a2       0x6e /home/holy/vscode_remote_setup/glibc-build/elf/rtld-libc.a(rtld-read_nocancel.os)
 .debug_loc     0x0000000000030a10       0x6e /home/holy/vscode_remote_setup/glibc-build/elf/rtld-libc.a(rtld-write_nocancel.os)
 .debug_loc     0x0000000000030a7e      0x303 /home/holy/vscode_remote_setup/glibc-build/elf/rtld-libc.a(rtld-scratch_buffer_set_array_size.os)
 .debug_loc     0x0000000000030d81      0x643 /home/holy/vscode_remote_setup/glibc-build/elf/rtld-libc.a(rtld-mmap64.os)
 .debug_loc     0x00000000000313c4      0x148 /home/holy/vscode_remote_setup/glibc-build/elf/rtld-libc.a(rtld-_exit.os)
 .debug_loc     0x000000000003150c      0x35f /home/holy/vscode_remote_setup/glibc-build/elf/rtld-libc.a(rtld-sigaction.os)
 .debug_loc     0x000000000003186b      0x107 /home/holy/vscode_remote_setup/glibc-build/elf/rtld-libc.a(rtld-strdup.os)

.debug_macinfo
 *(.debug_macinfo)

.debug_weaknames
 *(.debug_weaknames)

.debug_funcnames
 *(.debug_funcnames)

.debug_typenames
 *(.debug_typenames)

.debug_varnames
 *(.debug_varnames)

.debug_pubtypes
 *(.debug_pubtypes)

.debug_ranges   0x0000000000000000     0x7d20
 *(.debug_ranges)
 .debug_ranges  0x0000000000000000     0x7830 /home/holy/vscode_remote_setup/glibc-build/elf/dl-allobjs.os
 .debug_ranges  0x0000000000007830       0xa0 /home/holy/vscode_remote_setup/glibc-build/elf/rtld-libc.a(rtld-readdir64.os)
 .debug_ranges  0x00000000000078d0       0x30 /home/holy/vscode_remote_setup/glibc-build/elf/rtld-libc.a(rtld-getdents64.os)
 .debug_ranges  0x0000000000007900       0x30 /home/holy/vscode_remote_setup/glibc-build/elf/rtld-libc.a(rtld-xstat.os)
 .debug_ranges  0x0000000000007930       0x30 /home/holy/vscode_remote_setup/glibc-build/elf/rtld-libc.a(rtld-fxstat.os)
 .debug_ranges  0x0000000000007960       0x30 /home/holy/vscode_remote_setup/glibc-build/elf/rtld-libc.a(rtld-lxstat.os)
 .debug_ranges  0x0000000000007990       0x30 /home/holy/vscode_remote_setup/glibc-build/elf/rtld-libc.a(rtld-lseek64.os)
 .debug_ranges  0x00000000000079c0       0x30 /home/holy/vscode_remote_setup/glibc-build/elf/rtld-libc.a(rtld-access.os)
 .debug_ranges  0x00000000000079f0       0x30 /home/holy/vscode_remote_setup/glibc-build/elf/rtld-libc.a(rtld-close_nocancel.os)
 .debug_ranges  0x0000000000007a20       0x60 /home/holy/vscode_remote_setup/glibc-build/elf/rtld-libc.a(rtld-fcntl_nocancel.os)
 .debug_ranges  0x0000000000007a80       0x30 /home/holy/vscode_remote_setup/glibc-build/elf/rtld-libc.a(rtld-open64_nocancel.os)
 .debug_ranges  0x0000000000007ab0       0x30 /home/holy/vscode_remote_setup/glibc-build/elf/rtld-libc.a(rtld-openat64_nocancel.os)
 .debug_ranges  0x0000000000007ae0       0x30 /home/holy/vscode_remote_setup/glibc-build/elf/rtld-libc.a(rtld-read_nocancel.os)