Archive member included to satisfy reference by file (symbol)

/home/holy/vscode_remote_setup/glibc-build/libc_pic.a(check_fds.os)
                              /home/holy/vscode_remote_setup/glibc-build/elf/dl-allobjs.os (__libc_check_standard_fds)
/home/holy/vscode_remote_setup/glibc-build/libc_pic.a(errno.os)
                              /home/holy/vscode_remote_setup/glibc-build/libc_pic.a(check_fds.os) (__libc_errno)
/home/holy/vscode_remote_setup/glibc-build/libc_pic.a(setjmp.os)
                              /home/holy/vscode_remote_setup/glibc-build/elf/dl-allobjs.os (__sigsetjmp)
/home/holy/vscode_remote_setup/glibc-build/libc_pic.a(__longjmp.os)
                              /home/holy/vscode_remote_setup/glibc-build/elf/dl-allobjs.os (__longjmp)
/home/holy/vscode_remote_setup/glibc-build/libc_pic.a(scratch_buffer_set_array_size.os)
                              /home/holy/vscode_remote_setup/glibc-build/elf/dl-allobjs.os (__libc_scratch_buffer_set_array_size)
/home/holy/vscode_remote_setup/glibc-build/libc_pic.a(strchr.os)
                              /home/holy/vscode_remote_setup/glibc-build/elf/dl-allobjs.os (strchr)
/home/holy/vscode_remote_setup/glibc-build/libc_pic.a(strcmp.os)
                              /home/holy/vscode_remote_setup/glibc-build/elf/dl-allobjs.os (strcmp)
/home/holy/vscode_remote_setup/glibc-build/libc_pic.a(strcspn.os)
                              /home/holy/vscode_remote_setup/glibc-build/elf/dl-allobjs.os (strcspn)
/home/holy/vscode_remote_setup/glibc-build/libc_pic.a(strdup.os)
                              /home/holy/vscode_remote_setup/glibc-build/elf/dl-allobjs.os (__strdup)
/home/holy/vscode_remote_setup/glibc-build/libc_pic.a(strlen.os)
                              /home/holy/vscode_remote_setup/glibc-build/elf/dl-allobjs.os (strlen)
/home/holy/vscode_remote_setup/glibc-build/libc_pic.a(strnlen.os)
                              /home/holy/vscode_remote_setup/glibc-build/elf/dl-allobjs.os (strnlen)
/home/holy/vscode_remote_setup/glibc-build/libc_pic.a(strncmp.os)
                              /home/holy/vscode_remote_setup/glibc-build/elf/dl-allobjs.os (strncmp)
/home/holy/vscode_remote_setup/glibc-build/libc_pic.a(memchr.os)
                              /home/holy/vscode_remote_setup/glibc-build/elf/dl-allobjs.os (memchr)
/home/holy/vscode_remote_setup/glibc-build/libc_pic.a(memcmp.os)
                              /home/holy/vscode_remote_setup/glibc-build/elf/dl-allobjs.os (memcmp)
/home/holy/vscode_remote_setup/glibc-build/libc_pic.a(memmove.os)
                              /home/holy/vscode_remote_setup/glibc-build/elf/dl-allobjs.os (memmove)
/home/holy/vscode_remote_setup/glibc-build/libc_pic.a(memset.os)
                              /home/holy/vscode_remote_setup/glibc-build/elf/dl-allobjs.os (memset)
/home/holy/vscode_remote_setup/glibc-build/libc_pic.a(mempcpy.os)
                              /home/holy/vscode_remote_setup/glibc-build/elf/dl-allobjs.os (__mempcpy)
/home/holy/vscode_remote_setup/glibc-build/libc_pic.a(stpcpy.os)
                              /home/holy/vscode_remote_setup/glibc-build/elf/dl-allobjs.os (__stpcpy)
/home/holy/vscode_remote_setup/glibc-build/libc_pic.a(memcpy.os)
                              /home/holy/vscode_remote_setup/glibc-build/libc_pic.a(check_fds.os) (__GI_memcpy)
/home/holy/vscode_remote_setup/glibc-build/libc_pic.a(rawmemchr.os)
                              /home/holy/vscode_remote_setup/glibc-build/elf/dl-allobjs.os (rawmemchr)
/home/holy/vscode_remote_setup/glibc-build/libc_pic.a(strcmp-sse2.os)
                              /home/holy/vscode_remote_setup/glibc-build/libc_pic.a(strcmp.os) (__strcmp_sse2)
/home/holy/vscode_remote_setup/glibc-build/libc_pic.a(strcmp-sse2-unaligned.os)
                              /home/holy/vscode_remote_setup/glibc-build/libc_pic.a(strcmp.os) (__strcmp_sse2_unaligned)
/home/holy/vscode_remote_setup/glibc-build/libc_pic.a(strcmp-ssse3.os)
                              /home/holy/vscode_remote_setup/glibc-build/libc_pic.a(strcmp.os) (__strcmp_ssse3)
/home/holy/vscode_remote_setup/glibc-build/libc_pic.a(strcmp-avx2.os)
                              /home/holy/vscode_remote_setup/glibc-build/libc_pic.a(strcmp.os) (__strcmp_avx2)
/home/holy/vscode_remote_setup/glibc-build/libc_pic.a(strncmp-sse2.os)
                              /home/holy/vscode_remote_setup/glibc-build/libc_pic.a(strncmp.os) (__strncmp_sse2)
/home/holy/vscode_remote_setup/glibc-build/libc_pic.a(strncmp-ssse3.os)
                              /home/holy/vscode_remote_setup/glibc-build/libc_pic.a(strncmp.os) (__strncmp_ssse3)
/home/holy/vscode_remote_setup/glibc-build/libc_pic.a(strncmp-sse4_2.os)
                              /home/holy/vscode_remote_setup/glibc-build/libc_pic.a(strncmp.os) (__strncmp_sse42)
/home/holy/vscode_remote_setup/glibc-build/libc_pic.a(strncmp-avx2.os)
                              /home/holy/vscode_remote_setup/glibc-build/libc_pic.a(strncmp.os) (__strncmp_avx2)
[...]
Memory Configuration

Name             Origin             Length             Attributes
*default*        0x0000000000000000 0xffffffffffffffff

Linker script and memory map

                0x0000000000000000                __stack_chk_fail = 0x0
                0x0000000000000000                __stack_chk_fail_local = 0x0
START GROUP
LOAD /home/holy/vscode_remote_setup/glibc-build/elf/dl-allobjs.os
LOAD /home/holy/vscode_remote_setup/glibc-build/libc_pic.a
LOAD /usr/lib/gcc/x86_64-linux-gnu/5/libgcc.a
END GROUP

.interp
 *(.interp)

.note.gnu.build-id
 *(.note.gnu.build-id)

.hash
 *(.hash)

.gnu.hash
 *(.gnu.hash)

.dynsym
 *(.dynsym)

.dynstr
 *(.dynstr)

.gnu.version
 *(.gnu.version)

.gnu.version_d
 *(.gnu.version_d)

.gnu.version_r
 *(.gnu.version_r)

.rela.init
 *(.rela.init)

.rela.text
 *(.rela.text)

.rela.fini
 *(.rela.fini)

.rela.rodata
 *(.rela.rodata)

.rela.data.rel.ro
 *(.rela.data.rel.ro)

.rela.data
 *(.rela.data)

.rela.tdata
 *(.rela.tdata)

.rela.tbss
 *(.rela.tbss)

.rela.ctors
 *(.rela.ctors)

.rela.dtors
 *(.rela.dtors)

.rela.got
 *(.rela.got)

.rela.bss
 *(.rela.bss)

.rela.ldata
 *(.rela.ldata)

.rela.lbss
 *(.rela.lbss)

.rela.lrodata
 *(.rela.lrodata)

.rela.ifunc
 *(.rela.ifunc)

.rela.plt
 *(.rela.plt)

.init
 *(SORT(.init))

.plt
 *(.plt)
 *(.iplt)

.plt.got
 *(.plt.got)

.plt.bnd
 *(.plt.bnd)

.text           0x0000000000000000    0x1f3bc
 *(.text .stub)
 .text          0x0000000000000000    0x18b40 /home/holy/vscode_remote_setup/glibc-build/elf/dl-allobjs.os
                0x0000000000000000                _start
                0x0000000000000008                _dl_start_user
                0x0000000000001270                handle_ld_preload
                0x0000000000006960                _dl_dst_count
                0x00000000000069f0                _dl_dst_substitute
                0x00000000000071a0                _dl_init_paths
                0x0000000000007490                _dl_map_object
                0x0000000000007e90                _dl_rtld_di_serinfo
                0x0000000000008e00                _dl_lookup_symbol_x
                0x0000000000009cb0                _dl_setup_hash
                0x0000000000009d60                _dl_add_to_namespace_list
                0x0000000000009df0                _dl_new_object
                0x000000000000a190                _dl_try_allocate_static_tls
                0x000000000000a270                _dl_allocate_static_tls
                0x000000000000a2a0                _dl_nothread_init_static_tls
                0x000000000000a2e0                _dl_protect_relro
                0x000000000000a340                _dl_reloc_bad_type
                0x000000000000a410                _dl_relocate_object
                0x000000000000bf10                _dl_map_object_deps
                0x000000000000cf30                _dl_important_hwcaps
                0x000000000000d790                _dl_fixup
                0x000000000000d990                _dl_profile_fixup
                0x000000000000dfb0                _dl_call_pltexit
                0x000000000000e1e0                _dl_init
                0x000000000000e310                _dl_fini
                0x000000000000e6c0                _dl_debug_state
                0x000000000000e6c0                __GI__dl_debug_state
                0x000000000000e6d0                _dl_debug_initialize
                0x000000000000ed40                _dl_sysdep_read_whole_file
                0x000000000000edd0                _dl_debug_printf
                0x000000000000ee80                _dl_debug_printf_c
                0x000000000000ef30                _dl_dprintf
                0x000000000000efd0                _dl_name_match_p
                0x000000000000f040                _dl_higher_prime_number
                0x000000000000f0c0                _dl_strtoul
                0x000000000000f220                _dl_check_map_versions
                0x000000000000f970                _dl_check_all_versions
                0x000000000000f9e0                _dl_start_profile
                0x00000000000101c0                __GI__dl_mcount
                0x00000000000101c0                _dl_mcount
                0x0000000000010730                _dl_next_tls_modid
                0x0000000000010830                _dl_count_modids
                0x0000000000010890                _dl_determine_tlsoffset
                0x0000000000010a60                _dl_get_tls_static_info
                0x0000000000010a80                _dl_allocate_tls_storage
                0x0000000000010b40                __GI__dl_allocate_tls_init
                0x0000000000010b40                _dl_allocate_tls_init
                0x0000000000010de0                __GI__dl_allocate_tls
                0x0000000000010de0                _dl_allocate_tls
                0x0000000000010e20                _dl_deallocate_tls
                0x0000000000010e20                __GI__dl_deallocate_tls
                0x0000000000010ea0                _dl_update_slotinfo
                0x0000000000011130                __GI___tls_get_addr
                0x0000000000011130                ___tls_get_addr
                0x0000000000011170                _dl_tls_get_addr_soft
                0x00000000000111f0                _dl_add_to_slotinfo
                0x00000000000112d0                __tls_get_addr_slow
                0x0000000000011300                _dl_get_origin
                0x0000000000011480                _dl_scope_free
                0x0000000000011550                _dl_make_stack_executable
                0x0000000000011550                __GI__dl_make_stack_executable
                0x00000000000117a0                __GI__dl_find_dso_for_object
                0x00000000000117a0                _dl_find_dso_for_object
                0x0000000000011860                _dl_open
                0x0000000000011b90                _dl_show_scope
                0x00000000000125b0                _dl_close_worker
                0x0000000000013550                _dl_close
                0x00000000000135c0                _dl_runtime_profile_avx512
                0x0000000000013a40                _dl_runtime_profile_avx
                0x0000000000013ec0                _dl_runtime_profile_sse
                0x00000000000140c0                _dl_runtime_resolve_fxsave
                0x0000000000014140                _dl_runtime_resolve_xsave
                0x0000000000014210                _dl_runtime_resolve_xsavec
                0x0000000000014300                _dl_exception_create
                0x0000000000014300                __GI__dl_exception_create
                0x0000000000014410                __GI__dl_exception_create_format
                0x0000000000014410                _dl_exception_create_format
                0x0000000000014730                _dl_exception_free
                0x0000000000014730                __GI__dl_exception_free
                0x0000000000014760                _dl_sort_maps
                0x00000000000149c0                _dl_cache_libcmp
                0x0000000000014aa0                _dl_load_cache_lookup
                0x0000000000015130                _dl_unload_cache
                0x0000000000015220                __tunable_set_val
                0x0000000000015240                __GI___tunables_init
                0x0000000000015720                __tunable_get_val
                0x0000000000015720                __GI___tunable_get_val
                0x00000000000157a0                _dl_make_tlsdesc_dynamic
                0x0000000000015a70                _dl_tlsdesc_resolve_rela_fixup
                0x0000000000015c30                _dl_tlsdesc_resolve_hold_fixup
                0x0000000000015c70                _dl_unmap
                0x0000000000015cf0                _dl_tlsdesc_return
                0x0000000000015d00                _dl_tlsdesc_undefweak
                0x0000000000015d10                _dl_tlsdesc_dynamic
                0x0000000000015db0                _dl_tlsdesc_resolve_rela
                0x0000000000015e20                _dl_tlsdesc_resolve_hold
                0x0000000000015ea0                __tls_get_addr
                0x0000000000015ee0                __get_cpu_features
                0x0000000000015ef0                _dl_tunable_set_hwcaps
                0x0000000000016e20                _dl_sysdep_start
                0x0000000000017560                _dl_sysdep_start_cleanup
                0x0000000000017570                _dl_show_auxv
                0x0000000000017720                _dl_discover_osversion
                0x00000000000178f0                _dl_next_ld_env_entry
                0x0000000000017940                unsetenv
                0x00000000000179b0                malloc
                0x0000000000017ac0                calloc
                0x0000000000017b00                free
                0x0000000000017b30                __sigjmp_save
                0x0000000000017b40                __strerror_r
                0x0000000000017c20                __GI___libc_fatal
                0x0000000000017c20                __libc_fatal
                0x0000000000017c50                __GI___chk_fail
                0x0000000000017c50                __chk_fail
                0x0000000000017c60                __GI___assert_fail
                0x0000000000017c60                __assert_fail
                0x0000000000017cb0                realloc
                0x0000000000017d40                __GI___assert_perror_fail
                0x0000000000017d40                __assert_perror_fail
                0x0000000000017db0                _itoa
                0x0000000000017e00                __strsep
                0x0000000000017e00                strsep
                0x0000000000017e00                __strsep_g
                0x0000000000017f40                _dl_signal_exception
                0x0000000000017f90                _dl_signal_error
                0x0000000000017fe0                _dl_signal_cexception
                0x0000000000018060                _dl_signal_cerror
                0x00000000000180f0                _dl_catch_exception
                0x00000000000181a0                _dl_catch_error
                0x00000000000181f0                _dl_receive_error
                0x0000000000018230                _dl_resolve_conflicts
                0x00000000000183b0                __brk
                0x00000000000183b0                brk
                0x0000000000018400                sbrk
                0x0000000000018400                __sbrk
                0x0000000000018490                __getcwd
                0x0000000000018490                getcwd
                0x00000000000188f0                openat64
                0x0000000000018950                __alloc_dir
                0x0000000000018a50                __opendir
                0x0000000000018a50                opendir
                0x0000000000018af0                __fxstatat
                0x0000000000018af0                __fxstatat64
                0x0000000000018af0                __GI___fxstatat64
 .text          0x0000000000018b40       0xe2 /home/holy/vscode_remote_setup/glibc-build/libc_pic.a(check_fds.os)
                0x0000000000018bf0                __libc_check_standard_fds
 .text          0x0000000000018c22        0x0 /home/holy/vscode_remote_setup/glibc-build/libc_pic.a(errno.os)
 *fill*         0x0000000000018c22        0xe 
 .text          0x0000000000018c30       0x57 /home/holy/vscode_remote_setup/glibc-build/libc_pic.a(setjmp.os)
                0x0000000000018c30                __sigsetjmp
                0x0000000000018c30                __GI___sigsetjmp
 *fill*         0x0000000000018c87        0x9 
 .text          0x0000000000018c90       0x50 /home/holy/vscode_remote_setup/glibc-build/libc_pic.a(__longjmp.os)
                0x0000000000018c90                __longjmp
 .text          0x0000000000018ce0       0xb5 /home/holy/vscode_remote_setup/glibc-build/libc_pic.a(scratch_buffer_set_array_size.os)
                0x0000000000018ce0                __libc_scratch_buffer_set_array_size
                0x0000000000018ce0                __GI___libc_scratch_buffer_set_array_size
 *fill*         0x0000000000018d95        0xb 
 .text          0x0000000000018da0       0x42 /home/holy/vscode_remote_setup/glibc-build/libc_pic.a(strchr.os)
                0x0000000000018de0                __GI_strchr
                0x0000000000018de0                index
                0x0000000000018de0                strchr
 *fill*         0x0000000000018de2        0xe 
 .text          0x0000000000018df0       0x52 /home/holy/vscode_remote_setup/glibc-build/libc_pic.a(strcmp.os)
                0x0000000000018e40                __GI_strcmp
                0x0000000000018e40                strcmp
 *fill*         0x0000000000018e42        0xe 
 .text          0x0000000000018e50       0x22 /home/holy/vscode_remote_setup/glibc-build/libc_pic.a(strcspn.os)
                0x0000000000018e70                strcspn
                0x0000000000018e70                __GI_strcspn
 *fill*         0x0000000000018e72        0xe 
 .text          0x0000000000018e80       0x41 /home/holy/vscode_remote_setup/glibc-build/libc_pic.a(strdup.os)
                0x0000000000018e80                __GI___strdup
                0x0000000000018e80                __strdup
                0x0000000000018e80                strdup
 *fill*         0x0000000000018ec1        0xf 
 .text          0x0000000000018ed0       0x32 /home/holy/vscode_remote_setup/glibc-build/libc_pic.a(strlen.os)
                0x0000000000018f00                strlen
                0x0000000000018f00                __GI_strlen
 *fill*         0x0000000000018f02        0xe 
 .text          0x0000000000018f10       0x32 /home/holy/vscode_remote_setup/glibc-build/libc_pic.a(strnlen.os)
                0x0000000000018f40                __strnlen
                0x0000000000018f40                strnlen
                0x0000000000018f40                __GI___strnlen
                0x0000000000018f40                __GI_strnlen
 *fill*         0x0000000000018f42        0xe 
 .text          0x0000000000018f50       0x62 /home/holy/vscode_remote_setup/glibc-build/libc_pic.a(strncmp.os)
                0x0000000000018fb0                __GI_strncmp
                0x0000000000018fb0                strncmp
 *fill*         0x0000000000018fb2        0xe 
 .text          0x0000000000018fc0       0x32 /home/holy/vscode_remote_setup/glibc-build/libc_pic.a(memchr.os)
                0x0000000000018ff0                __GI_memchr
                0x0000000000018ff0                memchr
                0x0000000000018ff0                __memchr
 *fill*         0x0000000000018ff2        0xe 
 .text          0x0000000000019000       0x72 /home/holy/vscode_remote_setup/glibc-build/libc_pic.a(memcmp.os)
                0x0000000000019070                bcmp
                0x0000000000019070                __GI_memcmp
                0x0000000000019070                memcmp
 *fill*         0x0000000000019072        0xe 
 .text          0x0000000000019080       0xd5 /home/holy/vscode_remote_setup/glibc-build/libc_pic.a(memmove.os)
                0x0000000000019150                memmove
                0x0000000000019150                __GI_memmove
                0x0000000000019150                __libc_memmove
 *fill*         0x0000000000019155        0xb 
 .text          0x0000000000019160       0xa5 /home/holy/vscode_remote_setup/glibc-build/libc_pic.a(memset.os)
                0x0000000000019200                __GI_memset
                0x0000000000019200                memset
 *fill*         0x0000000000019205        0xb 
 .text          0x0000000000019210       0xd5 /home/holy/vscode_remote_setup/glibc-build/libc_pic.a(mempcpy.os)
                0x00000000000192e0                mempcpy
                0x00000000000192e0                __GI_mempcpy
                0x00000000000192e0                __mempcpy
                0x00000000000192e0                __GI___mempcpy
 *fill*         0x00000000000192e5        0xb 
 .text          0x00000000000192f0       0x32 /home/holy/vscode_remote_setup/glibc-build/libc_pic.a(stpcpy.os)
                0x0000000000019320                stpcpy
                0x0000000000019320                __GI_stpcpy
                0x0000000000019320                __stpcpy
                0x0000000000019320                __GI___stpcpy
 *fill*         0x0000000000019322        0xe 
 .text          0x0000000000019330       0xd5 /home/holy/vscode_remote_setup/glibc-build/libc_pic.a(memcpy.os)
                0x0000000000019400                __GI_memcpy
                0x0000000000019400                __new_memcpy
                0x0000000000019400                memcpy@@GLIBC_2.14
 *fill*         0x0000000000019405        0xb 
 .text          0x0000000000019410       0x32 /home/holy/vscode_remote_setup/glibc-build/libc_pic.a(rawmemchr.os)
                0x0000000000019440                __GI___rawmemchr
                0x0000000000019440                __rawmemchr
                0x0000000000019440                rawmemchr
 *fill*         0x0000000000019442        0xe 
 .text          0x0000000000019450     0x1439 /home/holy/vscode_remote_setup/glibc-build/libc_pic.a(strcmp-sse2.os)
                0x0000000000019450                __strcmp_sse2
 *fill*         0x000000000001a889        0x7 
 .text          0x000000000001a890      0x2a3 /home/holy/vscode_remote_setup/glibc-build/libc_pic.a(strcmp-sse2-unaligned.os)
                0x000000000001a890                __strcmp_sse2_unaligned
 .text          0x000000000001ab33        0x0 /home/holy/vscode_remote_setup/glibc-build/libc_pic.a(strcmp-ssse3.os)
 .text          0x000000000001ab33        0x0 /home/holy/vscode_remote_setup/glibc-build/libc_pic.a(strcmp-avx2.os)
 *fill*         0x000000000001ab33        0xd 
 .text          0x000000000001ab40     0x1849 /home/holy/vscode_remote_setup/glibc-build/libc_pic.a(strncmp-sse2.os)
                0x000000000001ab40                __strncmp_sse2
 .text          0x000000000001c389        0x0 /home/holy/vscode_remote_setup/glibc-build/libc_pic.a(strncmp-ssse3.os)
 .text          0x000000000001c389        0x0 /home/holy/vscode_remote_setup/glibc-build/libc_pic.a(strncmp-sse4_2.os)
 .text          0x000000000001c389        0x0 /home/holy/vscode_remote_setup/glibc-build/libc_pic.a(strncmp-avx2.os)
 *fill*         0x000000000001c389        0x7 
 .text          0x000000000001c390      0x323 /home/holy/vscode_remote_setup/glibc-build/libc_pic.a(memchr-sse2.os)
                0x000000000001c390                __memchr_sse2
 *fill*         0x000000000001c6b3        0xd 
 .text          0x000000000001c6c0      0x1f9 /home/holy/vscode_remote_setup/glibc-build/libc_pic.a(rawmemchr-sse2.os)
                0x000000000001c6c0                __rawmemchr_sse2
 .text          0x000000000001c8b9        0x0 /home/holy/vscode_remote_setup/glibc-build/libc_pic.a(memchr-avx2.os)
 .text          0x000000000001c8b9        0x0 /home/holy/vscode_remote_setup/glibc-build/libc_pic.a(rawmemchr-avx2.os)
 *fill*         0x000000000001c8b9        0x7 
 .text          0x000000000001c8c0      0x400 /home/holy/vscode_remote_setup/glibc-build/libc_pic.a(memcmp-sse2.os)
                0x000000000001c8c0                __memcmp_sse2
 .text          0x000000000001ccc0        0x0 /home/holy/vscode_remote_setup/glibc-build/libc_pic.a(memcmp-avx2-movbe.os)
 .text          0x000000000001ccc0        0x0 /home/holy/vscode_remote_setup/glibc-build/libc_pic.a(memcmp-sse4.os)
 .text          0x000000000001ccc0        0x0 /home/holy/vscode_remote_setup/glibc-build/libc_pic.a(memcpy-ssse3.os)
 .text          0x000000000001ccc0        0x0 /home/holy/vscode_remote_setup/glibc-build/libc_pic.a(memmove-ssse3.os)
 .text          0x000000000001ccc0        0x0 /home/holy/vscode_remote_setup/glibc-build/libc_pic.a(memcpy-ssse3-back.os)
 .text          0x000000000001ccc0        0x0 /home/holy/vscode_remote_setup/glibc-build/libc_pic.a(memmove-ssse3-back.os)
 .text          0x000000000001ccc0        0x0 /home/holy/vscode_remote_setup/glibc-build/libc_pic.a(memmove-avx512-no-vzeroupper.os)
 .text          0x000000000001ccc0      0x21a /home/holy/vscode_remote_setup/glibc-build/libc_pic.a(strchr-sse2.os)
                0x000000000001ccc0                __strchr_sse2
 .text          0x000000000001ceda        0x0 /home/holy/vscode_remote_setup/glibc-build/libc_pic.a(strchr-avx2.os)
 *fill*         0x000000000001ceda        0x6 
 .text          0x000000000001cee0      0x19c /home/holy/vscode_remote_setup/glibc-build/libc_pic.a(strlen-sse2.os)
                0x000000000001cee0                __strlen_sse2
                0x000000000001cee0                __GI___strlen_sse2
 *fill*         0x000000000001d07c        0x4 
 .text          0x000000000001d080      0x218 /home/holy/vscode_remote_setup/glibc-build/libc_pic.a(strnlen-sse2.os)
                0x000000000001d080                __strnlen_sse2
 .text          0x000000000001d298        0x0 /home/holy/vscode_remote_setup/glibc-build/libc_pic.a(strlen-avx2.os)
 .text          0x000000000001d298        0x0 /home/holy/vscode_remote_setup/glibc-build/libc_pic.a(strnlen-avx2.os)
 *fill*         0x000000000001d298        0x8 
 .text          0x000000000001d2a0       0xdc /home/holy/vscode_remote_setup/glibc-build/libc_pic.a(stpcpy-sse2.os)
                0x000000000001d2a0                __stpcpy_sse2
 .text          0x000000000001d37c        0x0 /home/holy/vscode_remote_setup/glibc-build/libc_pic.a(stpcpy-ssse3.os)
 *fill*         0x000000000001d37c        0x4 
 .text          0x000000000001d380      0x6b0 /home/holy/vscode_remote_setup/glibc-build/libc_pic.a(stpcpy-sse2-unaligned.os)
                0x000000000001d380                __stpcpy_sse2_unaligned
 .text          0x000000000001da30        0x0 /home/holy/vscode_remote_setup/glibc-build/libc_pic.a(strchr-sse2-no-bsf.os)
 .text          0x000000000001da30        0x0 /home/holy/vscode_remote_setup/glibc-build/libc_pic.a(memcmp-ssse3.os)
 .text          0x000000000001da30       0x97 /home/holy/vscode_remote_setup/glibc-build/libc_pic.a(strcspn-sse2.os)
                0x000000000001da30                __strcspn_sse2
 .text          0x000000000001dac7        0x0 /home/holy/vscode_remote_setup/glibc-build/libc_pic.a(strcspn-c.os)
 .text          0x000000000001dac7        0x0 /home/holy/vscode_remote_setup/glibc-build/libc_pic.a(varshift.os)
 .text          0x000000000001dac7        0x0 /home/holy/vscode_remote_setup/glibc-build/libc_pic.a(memset-avx512-no-vzeroupper.os)
 *fill*         0x000000000001dac7        0x9 
 .text          0x000000000001dad0      0x3e9 /home/holy/vscode_remote_setup/glibc-build/libc_pic.a(memmove-sse2-unaligned-erms.os)
                0x000000000001dad0                __mempcpy_chk_sse2_unaligned
                0x000000000001dae0                __mempcpy_sse2_unaligned
                0x000000000001daf0                __memcpy_chk_sse2_unaligned
                0x000000000001daf0                __memmove_chk_sse2_unaligned
                0x000000000001db00                __memmove_sse2_unaligned
                0x000000000001db00                __memcpy_sse2_unaligned
                0x000000000001db00                memcpy@GLIBC_2.2.5
                0x000000000001db30                __mempcpy_chk_erms
                0x000000000001db40                __mempcpy_erms
                0x000000000001db50                __memcpy_chk_erms
                0x000000000001db50                __memmove_chk_erms
                0x000000000001db60                __memmove_erms
                0x000000000001db60                __memcpy_erms
                0x000000000001db90                __mempcpy_chk_sse2_unaligned_erms
                0x000000000001dba0                __mempcpy_sse2_unaligned_erms
                0x000000000001dbb0                __memmove_chk_sse2_unaligned_erms
                0x000000000001dbb0                __memcpy_chk_sse2_unaligned_erms
                0x000000000001dbc0                __memmove_sse2_unaligned_erms
                0x000000000001dbc0                __memcpy_sse2_unaligned_erms
 .text          0x000000000001deb9        0x0 /home/holy/vscode_remote_setup/glibc-build/libc_pic.a(memmove-avx-unaligned-erms.os)
 .text          0x000000000001deb9        0x0 /home/holy/vscode_remote_setup/glibc-build/libc_pic.a(memmove-avx512-unaligned-erms.os)
 *fill*         0x000000000001deb9        0x7 
 .text          0x000000000001dec0      0x1b3 /home/holy/vscode_remote_setup/glibc-build/libc_pic.a(memset-sse2-unaligned-erms.os)
                0x000000000001dec0                __bzero
                0x000000000001dec0                bzero
                0x000000000001ded0                __wmemset_chk_sse2_unaligned
                0x000000000001dee0                __wmemset_sse2_unaligned
                0x000000000001df00                __memset_chk_sse2_unaligned
                0x000000000001df10                __memset_sse2_unaligned
                0x000000000001df50                __memset_chk_erms
                0x000000000001df60                __memset_erms
                0x000000000001df80                __memset_chk_sse2_unaligned_erms
                0x000000000001df90                __memset_sse2_unaligned_erms
 .text          0x000000000001e073        0x0 /home/holy/vscode_remote_setup/glibc-build/libc_pic.a(memset-avx2-unaligned-erms.os)
 .text          0x000000000001e073        0x0 /home/holy/vscode_remote_setup/glibc-build/libc_pic.a(memset-avx512-unaligned-erms.os)
 *fill*         0x000000000001e073        0xd 
 .text          0x000000000001e080      0x5fd /home/holy/vscode_remote_setup/glibc-build/libc_pic.a(cacheinfo.os)
                0x000000000001e650                __cache_sysconf
 *fill*         0x000000000001e67d        0x3 
 .text          0x000000000001e680       0x2c /home/holy/vscode_remote_setup/glibc-build/libc_pic.a(closedir.os)
                0x000000000001e680                __closedir
                0x000000000001e680                closedir
 *fill*         0x000000000001e6ac        0x4 
 .text          0x000000000001e6b0       0x93 /home/holy/vscode_remote_setup/glibc-build/libc_pic.a(rewinddir.os)
                0x000000000001e6b0                rewinddir
                0x000000000001e6b0                __rewinddir
                0x000000000001e6b0                __GI___rewinddir
 *fill*         0x000000000001e743        0xd 
 .text          0x000000000001e750       0xf8 /home/holy/vscode_remote_setup/glibc-build/libc_pic.a(readdir64.os)
                0x000000000001e750                readdir
                0x000000000001e750                __readdir64
                0x000000000001e750                __readdir
                0x000000000001e750                __GI___readdir64
                0x000000000001e750                readdir64
 *fill*         0x000000000001e848        0x8 
 .text          0x000000000001e850       0x9a /home/holy/vscode_remote_setup/glibc-build/libc_pic.a(fdopendir.os)
                0x000000000001e850                fdopendir
                0x000000000001e850                __fdopendir
 *fill*         0x000000000001e8ea        0x6 
 .text          0x000000000001e8f0       0x21 /home/holy/vscode_remote_setup/glibc-build/libc_pic.a(uname.os)
                0x000000000001e8f0                uname
                0x000000000001e8f0                __GI_uname
                0x000000000001e8f0                __uname
                0x000000000001e8f0                __GI___uname
 *fill*         0x000000000001e911        0xf 
 .text          0x000000000001e920       0x58 /home/holy/vscode_remote_setup/glibc-build/libc_pic.a(_exit.os)
                0x000000000001e920                _Exit
                0x000000000001e920                __GI__exit
                0x000000000001e920                _exit
 *fill*         0x000000000001e978        0x8 
 .text          0x000000000001e980        0x8 /home/holy/vscode_remote_setup/glibc-build/libc_pic.a(getpid.os)
                0x000000000001e980                __getpid
                0x000000000001e980                getpid
                0x000000000001e980                __GI_getpid
                0x000000000001e980                __GI___getpid
 .text          0x000000000001e988        0x0 /home/holy/vscode_remote_setup/glibc-build/libc_pic.a(environ.os)
 *fill*         0x000000000001e988        0x8 
 .text          0x000000000001e990       0x4c /home/holy/vscode_remote_setup/glibc-build/libc_pic.a(xstat.os)
                0x000000000001e990                _xstat
                0x000000000001e990                __xstat64
                0x000000000001e990                __GI___xstat64
                0x000000000001e990                __GI___xstat
                0x000000000001e990                __xstat
 *fill*         0x000000000001e9dc        0x4 
 .text          0x000000000001e9e0       0x4c /home/holy/vscode_remote_setup/glibc-build/libc_pic.a(fxstat.os)
                0x000000000001e9e0                __GI___fxstat
                0x000000000001e9e0                __GI___fxstat64
                0x000000000001e9e0                __fxstat64
                0x000000000001e9e0                _fxstat
                0x000000000001e9e0                __fxstat
 *fill*         0x000000000001ea2c        0x4 
 .text          0x000000000001ea30       0x4c /home/holy/vscode_remote_setup/glibc-build/libc_pic.a(lxstat.os)
                0x000000000001ea30                __GI___lxstat
                0x000000000001ea30                _lxstat
                0x000000000001ea30                __lxstat
                0x000000000001ea30                __lxstat64
                0x000000000001ea30                __GI___lxstat64
 *fill*         0x000000000001ea7c        0x4 
 .text          0x000000000001ea80       0x2c /home/holy/vscode_remote_setup/glibc-build/libc_pic.a(lseek64.os)
                0x000000000001ea80                __compat_llseek
                0x000000000001ea80                __GI___lseek
                0x000000000001ea80                __lseek64
                0x000000000001ea80                lseek
                0x000000000001ea80                __libc_lseek64
                0x000000000001ea80                llseek@GLIBC_2.2.5
                0x000000000001ea80                __lseek
                0x000000000001ea80                __libc_lseek
                0x000000000001ea80                lseek64
 *fill*         0x000000000001eaac        0x4 
 .text          0x000000000001eab0       0x2a /home/holy/vscode_remote_setup/glibc-build/libc_pic.a(access.os)
                0x000000000001eab0                access
                0x000000000001eab0                __access
 *fill*         0x000000000001eada        0x6 
 .text          0x000000000001eae0       0x2a /home/holy/vscode_remote_setup/glibc-build/libc_pic.a(close_nocancel.os)
                0x000000000001eae0                __GI___close_nocancel
                0x000000000001eae0                __close_nocancel
 *fill*         0x000000000001eb0a        0x6 
 .text          0x000000000001eb10       0x9f /home/holy/vscode_remote_setup/glibc-build/libc_pic.a(fcntl_nocancel.os)
                0x000000000001eb10                __fcntl64_nocancel_adjusted
                0x000000000001eb80                __fcntl64_nocancel
                0x000000000001eb80                __GI___fcntl64_nocancel
 *fill*         0x000000000001ebaf        0x1 
 .text          0x000000000001ebb0       0x7a /home/holy/vscode_remote_setup/glibc-build/libc_pic.a(open64_nocancel.os)
                0x000000000001ebb0                __GI___open_nocancel
                0x000000000001ebb0                __open_nocancel
                0x000000000001ebb0                __GI___open64_nocancel
                0x000000000001ebb0                __open64_nocancel
 *fill*         0x000000000001ec2a        0x6 
 .text          0x000000000001ec30       0x6a /home/holy/vscode_remote_setup/glibc-build/libc_pic.a(openat64_nocancel.os)
                0x000000000001ec30                __GI___openat64_nocancel
                0x000000000001ec30                __openat64_nocancel
                0x000000000001ec30                __GI___openat_nocancel
                0x000000000001ec30                __openat_nocancel
 *fill*         0x000000000001ec9a        0x6 
 .text          0x000000000001eca0       0x24 /home/holy/vscode_remote_setup/glibc-build/libc_pic.a(read_nocancel.os)
                0x000000000001eca0                __read_nocancel
                0x000000000001eca0                __GI___read_nocancel
 *fill*         0x000000000001ecc4        0xc 
 .text          0x000000000001ecd0       0x2c /home/holy/vscode_remote_setup/glibc-build/libc_pic.a(write_nocancel.os)
                0x000000000001ecd0                __GI___write_nocancel
                0x000000000001ecd0                __write_nocancel
 *fill*         0x000000000001ecfc        0x4 
 .text          0x000000000001ed00       0xe9 /home/holy/vscode_remote_setup/glibc-build/libc_pic.a(mmap64.os)
                0x000000000001ed00                __GI___mmap
                0x000000000001ed00                __mmap
                0x000000000001ed00                mmap
                0x000000000001ed00                __GI___mmap64
                0x000000000001ed00                __mmap64
                0x000000000001ed00                mmap64
 *fill*         0x000000000001ede9        0x7 
 .text          0x000000000001edf0       0x21 /home/holy/vscode_remote_setup/glibc-build/libc_pic.a(munmap.os)
                0x000000000001edf0                munmap
                0x000000000001edf0                __GI___munmap
                0x000000000001edf0                __GI_munmap
                0x000000000001edf0                __munmap
 *fill*         0x000000000001ee11        0xf 
 .text          0x000000000001ee20       0x21 /home/holy/vscode_remote_setup/glibc-build/libc_pic.a(mprotect.os)
                0x000000000001ee20                __mprotect
                0x000000000001ee20                __GI___mprotect
                0x000000000001ee20                __GI_mprotect
                0x000000000001ee20                mprotect
 *fill*         0x000000000001ee41        0xf 
 .text          0x000000000001ee50      0x1ce /home/holy/vscode_remote_setup/glibc-build/libc_pic.a(profil.os)
                0x000000000001eea0                __profil
                0x000000000001eea0                profil
 *fill*         0x000000000001f01e        0x2 
 .text          0x000000000001f020        0xb /home/holy/vscode_remote_setup/glibc-build/libc_pic.a(prof-freq.os)
                0x000000000001f020                __GI___profile_frequency
                0x000000000001f020                __profile_frequency
 *fill*         0x000000000001f02b        0x5 
 .text          0x000000000001f030       0x4c /home/holy/vscode_remote_setup/glibc-build/libc_pic.a(libc-lowlevellock.os)
                0x000000000001f030                __lll_lock_wait_private
                0x000000000001f060                __lll_unlock_wake_private
 .text          0x000000000001f07c        0x0 /home/holy/vscode_remote_setup/glibc-build/libc_pic.a(libc_multiple_threads.os)
 *fill*         0x000000000001f07c        0x4 
 .text          0x000000000001f080       0x53 /home/holy/vscode_remote_setup/glibc-build/libc_pic.a(dl-addr-obj.os)
                0x000000000001f080                _dl_addr_inside_object
 *fill*         0x000000000001f0d3        0xd 
 .text          0x000000000001f0e0      0x27c /home/holy/vscode_remote_setup/glibc-build/libc_pic.a(sigaction.os)
                0x000000000001f100                __libc_sigaction
                0x000000000001f100                __GI___libc_sigaction
                0x000000000001f330                sigaction
                0x000000000001f330                __GI___sigaction
                0x000000000001f330                __sigaction
 *fill*         0x000000000001f35c        0x4 
 .text          0x000000000001f360       0x21 /home/holy/vscode_remote_setup/glibc-build/libc_pic.a(setitimer.os)
                0x000000000001f360                setitimer
                0x000000000001f360                __setitimer
                0x000000000001f360                __GI_setitimer
                0x000000000001f360                __GI___setitimer
 *fill*         0x000000000001f381        0xf 
 .text          0x000000000001f390       0x2c /home/holy/vscode_remote_setup/glibc-build/libc_pic.a(getdents64.os)
                0x000000000001f390                __getdents
                0x000000000001f390                __getdents64
 *(.gnu.warning)

.text.unlikely  0x0000000000000000      0x169
 .text.unlikely
                0x0000000000000000      0x169 /home/holy/vscode_remote_setup/glibc-build/elf/dl-allobjs.os
 .text.unlikely
                0x0000000000000169        0x0 /home/holy/vscode_remote_setup/glibc-build/libc_pic.a(check_fds.os)
 .text.unlikely
                0x0000000000000169        0x0 /home/holy/vscode_remote_setup/glibc-build/libc_pic.a(scratch_buffer_set_array_size.os)
 .text.unlikely
                0x0000000000000169        0x0 /home/holy/vscode_remote_setup/glibc-build/libc_pic.a(strchr.os)
 .text.unlikely
                0x0000000000000169        0x0 /home/holy/vscode_remote_setup/glibc-build/libc_pic.a(strcmp.os)
 .text.unlikely
                0x0000000000000169        0x0 /home/holy/vscode_remote_setup/glibc-build/libc_pic.a(strcspn.os)
 .text.unlikely
                0x0000000000000169        0x0 /home/holy/vscode_remote_setup/glibc-build/libc_pic.a(strdup.os)
 .text.unlikely
                0x0000000000000169        0x0 /home/holy/vscode_remote_setup/glibc-build/libc_pic.a(strlen.os)
 .text.unlikely
                0x0000000000000169        0x0 /home/holy/vscode_remote_setup/glibc-build/libc_pic.a(strnlen.os)
 .text.unlikely
                0x0000000000000169        0x0 /home/holy/vscode_remote_setup/glibc-build/libc_pic.a(strncmp.os)
 .text.unlikely
                0x0000000000000169        0x0 /home/holy/vscode_remote_setup/glibc-build/libc_pic.a(memchr.os)
 .text.unlikely
                0x0000000000000169        0x0 /home/holy/vscode_remote_setup/glibc-build/libc_pic.a(memcmp.os)
 .text.unlikely
                0x0000000000000169        0x0 /home/holy/vscode_remote_setup/glibc-build/libc_pic.a(memmove.os)
 .text.unlikely
                0x0000000000000169        0x0 /home/holy/vscode_remote_setup/glibc-build/libc_pic.a(memset.os)
 .text.unlikely
                0x0000000000000169        0x0 /home/holy/vscode_remote_setup/glibc-build/libc_pic.a(mempcpy.os)
 .text.unlikely
                0x0000000000000169        0x0 /home/holy/vscode_remote_setup/glibc-build/libc_pic.a(stpcpy.os)
 .text.unlikely
                0x0000000000000169        0x0 /home/holy/vscode_remote_setup/glibc-build/libc_pic.a(memcpy.os)
 .text.unlikely
                0x0000000000000169        0x0 /home/holy/vscode_remote_setup/glibc-build/libc_pic.a(rawmemchr.os)
 .text.unlikely
                0x0000000000000169        0x0 /home/holy/vscode_remote_setup/glibc-build/libc_pic.a(cacheinfo.os)
 .text.unlikely
                0x0000000000000169        0x0 /home/holy/vscode_remote_setup/glibc-build/libc_pic.a(closedir.os)
 .text.unlikely
                0x0000000000000169        0x0 /home/holy/vscode_remote_setup/glibc-build/libc_pic.a(rewinddir.os)
 .text.unlikely
                0x0000000000000169        0x0 /home/holy/vscode_remote_setup/glibc-build/libc_pic.a(readdir64.os)
 .text.unlikely
                0x0000000000000169        0x0 /home/holy/vscode_remote_setup/glibc-build/libc_pic.a(fdopendir.os)
 .text.unlikely
                0x0000000000000169        0x0 /home/holy/vscode_remote_setup/glibc-build/libc_pic.a(_exit.os)
 .text.unlikely
                0x0000000000000169        0x0 /home/holy/vscode_remote_setup/glibc-build/libc_pic.a(xstat.os)
 .text.unlikely
                0x0000000000000169        0x0 /home/holy/vscode_remote_setup/glibc-build/libc_pic.a(fxstat.os)
 .text.unlikely
                0x0000000000000169        0x0 /home/holy/vscode_remote_setup/glibc-build/libc_pic.a(lxstat.os)
 .text.unlikely
                0x0000000000000169        0x0 /home/holy/vscode_remote_setup/glibc-build/libc_pic.a(lseek64.os)
 .text.unlikely
                0x0000000000000169        0x0 /home/holy/vscode_remote_setup/glibc-build/libc_pic.a(access.os)
 .text.unlikely
                0x0000000000000169        0x0 /home/holy/vscode_remote_setup/glibc-build/libc_pic.a(close_nocancel.os)
 .text.unlikely
                0x0000000000000169        0x0 /home/holy/vscode_remote_setup/glibc-build/libc_pic.a(fcntl_nocancel.os)
 .text.unlikely
                0x0000000000000169        0x0 /home/holy/vscode_remote_setup/glibc-build/libc_pic.a(open64_nocancel.os)
 .text.unlikely
                0x0000000000000169        0x0 /home/holy/vscode_remote_setup/glibc-build/libc_pic.a(openat64_nocancel.os)
 .text.unlikely
                0x0000000000000169        0x0 /home/holy/vscode_remote_setup/glibc-build/libc_pic.a(read_nocancel.os)
 .text.unlikely
                0x0000000000000169        0x0 /home/holy/vscode_remote_setup/glibc-build/libc_pic.a(write_nocancel.os)
 .text.unlikely
                0x0000000000000169        0x0 /home/holy/vscode_remote_setup/glibc-build/libc_pic.a(mmap64.os)
 .text.unlikely
                0x0000000000000169        0x0 /home/holy/vscode_remote_setup/glibc-build/libc_pic.a(profil.os)
 .text.unlikely
                0x0000000000000169        0x0 /home/holy/vscode_remote_setup/glibc-build/libc_pic.a(prof-freq.os)
 .text.unlikely
                0x0000000000000169        0x0 /home/holy/vscode_remote_setup/glibc-build/libc_pic.a(dl-addr-obj.os)
 .text.unlikely
                0x0000000000000169        0x0 /home/holy/vscode_remote_setup/glibc-build/libc_pic.a(sigaction.os)
 .text.unlikely
                0x0000000000000169        0x0 /home/holy/vscode_remote_setup/glibc-build/libc_pic.a(getdents64.os)

.text.ssse3     0x0000000000000000     0xed43
 .text.ssse3    0x0000000000000000     0x1259 /home/holy/vscode_remote_setup/glibc-build/libc_pic.a(strcmp-ssse3.os)
                0x0000000000000000                __GI___strcmp_ssse3
                0x0000000000000000                __strcmp_ssse3
 *fill*         0x0000000000001259        0x7 
 .text.ssse3    0x0000000000001260     0x1759 /home/holy/vscode_remote_setup/glibc-build/libc_pic.a(strncmp-ssse3.os)
                0x0000000000001260                __strncmp_ssse3
 *fill*         0x00000000000029b9        0x7 
 .text.ssse3    0x00000000000029c0     0x29e6 /home/holy/vscode_remote_setup/glibc-build/libc_pic.a(memcpy-ssse3.os)
                0x00000000000029c0                __mempcpy_chk_ssse3
                0x00000000000029d0                __mempcpy_ssse3
                0x00000000000029e0                __memcpy_chk_ssse3
                0x00000000000029f0                __memcpy_ssse3
 *fill*         0x00000000000053a6        0xa 
 .text.ssse3    0x00000000000053b0     0x2b77 /home/holy/vscode_remote_setup/glibc-build/libc_pic.a(memmove-ssse3.os)
                0x00000000000053b0                __memmove_chk_ssse3
                0x00000000000053c0                __memmove_ssse3
 *fill*         0x0000000000007f27        0x9 
 .text.ssse3    0x0000000000007f30     0x2ae6 /home/holy/vscode_remote_setup/glibc-build/libc_pic.a(memcpy-ssse3-back.os)
                0x0000000000007f30                __mempcpy_chk_ssse3_back
                0x0000000000007f40                __mempcpy_ssse3_back
                0x0000000000007f50                __memcpy_chk_ssse3_back
                0x0000000000007f60                __memcpy_ssse3_back
 *fill*         0x000000000000aa16        0xa 
 .text.ssse3    0x000000000000aa20     0x2b16 /home/holy/vscode_remote_setup/glibc-build/libc_pic.a(memmove-ssse3-back.os)
                0x000000000000aa20                __memmove_chk_ssse3_back
                0x000000000000aa30                __memmove_ssse3_back
 *fill*         0x000000000000d536        0xa 
 .text.ssse3    0x000000000000d540     0x1803 /home/holy/vscode_remote_setup/glibc-build/libc_pic.a(stpcpy-ssse3.os)
                0x000000000000d540                __stpcpy_ssse3

.text.avx       0x0000000000000000     0x1e3b
 .text.avx      0x0000000000000000      0x43f /home/holy/vscode_remote_setup/glibc-build/libc_pic.a(strcmp-avx2.os)
                0x0000000000000000                __strcmp_avx2
 *fill*         0x000000000000043f        0x1 
 .text.avx      0x0000000000000440      0x508 /home/holy/vscode_remote_setup/glibc-build/libc_pic.a(strncmp-avx2.os)
                0x0000000000000440                __strncmp_avx2
 *fill*         0x0000000000000948        0x8 
 .text.avx      0x0000000000000950      0x2cd /home/holy/vscode_remote_setup/glibc-build/libc_pic.a(memchr-avx2.os)
                0x0000000000000950                __memchr_avx2
 *fill*         0x0000000000000c1d        0x3 
 .text.avx      0x0000000000000c20      0x13d /home/holy/vscode_remote_setup/glibc-build/libc_pic.a(rawmemchr-avx2.os)
                0x0000000000000c20                __rawmemchr_avx2
 *fill*         0x0000000000000d5d        0x3 
 .text.avx      0x0000000000000d60      0x3d4 /home/holy/vscode_remote_setup/glibc-build/libc_pic.a(memcmp-avx2-movbe.os)
                0x0000000000000d60                __memcmp_avx2_movbe
 *fill*         0x0000000000001134        0xc 
 .text.avx      0x0000000000001140      0x224 /home/holy/vscode_remote_setup/glibc-build/libc_pic.a(strchr-avx2.os)
                0x0000000000001140                __strchr_avx2
 *fill*         0x0000000000001364        0xc 
 .text.avx      0x0000000000001370      0x18e /home/holy/vscode_remote_setup/glibc-build/libc_pic.a(strlen-avx2.os)
                0x0000000000001370                __strlen_avx2
 *fill*         0x00000000000014fe        0x2 
 .text.avx      0x0000000000001500      0x31e /home/holy/vscode_remote_setup/glibc-build/libc_pic.a(strnlen-avx2.os)
                0x0000000000001500                __strnlen_avx2
 *fill*         0x000000000000181e        0x2 
 .text.avx      0x0000000000001820      0x464 /home/holy/vscode_remote_setup/glibc-build/libc_pic.a(memmove-avx-unaligned-erms.os)
                0x0000000000001820                __mempcpy_chk_avx_unaligned
                0x0000000000001830                __mempcpy_avx_unaligned
                0x0000000000001840                __memcpy_chk_avx_unaligned
                0x0000000000001840                __memmove_chk_avx_unaligned
                0x0000000000001850                __memcpy_avx_unaligned
                0x0000000000001850                __memmove_avx_unaligned
                0x0000000000001880                __mempcpy_chk_avx_unaligned_erms
                0x0000000000001890                __mempcpy_avx_unaligned_erms
                0x00000000000018a0                __memmove_chk_avx_unaligned_erms
                0x00000000000018a0                __memcpy_chk_avx_unaligned_erms
                0x00000000000018b0                __memcpy_avx_unaligned_erms
                0x00000000000018b0                __memmove_avx_unaligned_erms
 *fill*         0x0000000000001c84        0xc 
 .text.avx      0x0000000000001c90      0x1ab /home/holy/vscode_remote_setup/glibc-build/libc_pic.a(memset-avx2-unaligned-erms.os)
                0x0000000000001c90                __wmemset_chk_avx2_unaligned
                0x0000000000001ca0                __wmemset_avx2_unaligned
                0x0000000000001cc0                __memset_chk_avx2_unaligned
                0x0000000000001cd0                __memset_avx2_unaligned
                0x0000000000001d00                __memset_avx2_erms
                0x0000000000001d20                __memset_chk_avx2_unaligned_erms
                0x0000000000001d30                __memset_avx2_unaligned_erms

.text.sse4.2    0x0000000000000000     0x111f
 .text.sse4.2   0x0000000000000000      0xfd9 /home/holy/vscode_remote_setup/glibc-build/libc_pic.a(strncmp-sse4_2.os)
                0x0000000000000000                __strncmp_sse42
 *fill*         0x0000000000000fd9        0x7 
 .text.sse4.2   0x0000000000000fe0      0x13f /home/holy/vscode_remote_setup/glibc-build/libc_pic.a(strcspn-c.os)
                0x0000000000000fe0                __strcspn_sse42

.text.sse4.1    0x0000000000000000     0x163e
 .text.sse4.1   0x0000000000000000     0x163e /home/holy/vscode_remote_setup/glibc-build/libc_pic.a(memcmp-sse4.os)
                0x0000000000000000                __memcmp_sse4_1

.text.avx512    0x0000000000000000     0x1171
 .text.avx512   0x0000000000000000      0x76b /home/holy/vscode_remote_setup/glibc-build/libc_pic.a(memmove-avx512-no-vzeroupper.os)
                0x0000000000000000                __mempcpy_chk_avx512_no_vzeroupper
                0x0000000000000010                __mempcpy_avx512_no_vzeroupper
                0x0000000000000020                __memcpy_chk_avx512_no_vzeroupper
                0x0000000000000020                __memmove_chk_avx512_no_vzeroupper
                0x0000000000000030                __memcpy_avx512_no_vzeroupper
                0x0000000000000030                __memmove_avx512_no_vzeroupper
 *fill*         0x000000000000076b        0x5 
 .text.avx512   0x0000000000000770      0x280 /home/holy/vscode_remote_setup/glibc-build/libc_pic.a(memset-avx512-no-vzeroupper.os)
                0x0000000000000770                __memset_chk_avx512_no_vzeroupper
                0x0000000000000780                __memset_avx512_no_vzeroupper
 .text.avx512   0x00000000000009f0      0x57c /home/holy/vscode_remote_setup/glibc-build/libc_pic.a(memmove-avx512-unaligned-erms.os)
                0x00000000000009f0                __mempcpy_chk_avx512_unaligned
                0x0000000000000a00                __mempcpy_avx512_unaligned
                0x0000000000000a10                __memcpy_chk_avx512_unaligned
                0x0000000000000a10                __memmove_chk_avx512_unaligned
                0x0000000000000a20                __memmove_avx512_unaligned
                0x0000000000000a20                __memcpy_avx512_unaligned
                0x0000000000000a60                __mempcpy_chk_avx512_unaligned_erms
                0x0000000000000a70                __mempcpy_avx512_unaligned_erms
                0x0000000000000a80                __memcpy_chk_avx512_unaligned_erms
                0x0000000000000a80                __memmove_chk_avx512_unaligned_erms
                0x0000000000000a90                __memmove_avx512_unaligned_erms
                0x0000000000000a90                __memcpy_avx512_unaligned_erms
 *fill*         0x0000000000000f6c        0x4 
 .text.avx512   0x0000000000000f70      0x201 /home/holy/vscode_remote_setup/glibc-build/libc_pic.a(memset-avx512-unaligned-erms.os)
                0x0000000000000f70                __wmemset_chk_avx512_unaligned
                0x0000000000000f80                __wmemset_avx512_unaligned
                0x0000000000000fa0                __memset_chk_avx512_unaligned
                0x0000000000000fb0                __memset_avx512_unaligned
                0x0000000000000ff0                __memset_avx512_erms
                0x0000000000001010                __memset_chk_avx512_unaligned_erms
                0x0000000000001020                __memset_avx512_unaligned_erms

.text.atom      0x0000000000000000     0x1a83
 .text.atom     0x0000000000000000      0x315 /home/holy/vscode_remote_setup/glibc-build/libc_pic.a(strchr-sse2-no-bsf.os)
                0x0000000000000000                __strchr_sse2_no_bsf
 *fill*         0x0000000000000315        0xb 
 .text.atom     0x0000000000000320     0x1763 /home/holy/vscode_remote_setup/glibc-build/libc_pic.a(memcmp-ssse3.os)
                0x0000000000000320                __memcmp_ssse3

.text.startup   0x0000000000000000      0x49f
 .text.startup  0x0000000000000000      0x49f /home/holy/vscode_remote_setup/glibc-build/libc_pic.a(cacheinfo.os)

.fini
 *(SORT(.fini))

.rodata         0x0000000000000000     0x11e0
 *(.rodata)
 .rodata        0x0000000000000000      0xd48 /home/holy/vscode_remote_setup/glibc-build/elf/dl-allobjs.os
                0x0000000000000ca0                __GI__itoa_lower_digits
                0x0000000000000ca0                _itoa_lower_digits
 .rodata        0x0000000000000d48       0x40 /home/holy/vscode_remote_setup/glibc-build/libc_pic.a(strcmp-sse2.os)
 .rodata        0x0000000000000d88       0x40 /home/holy/vscode_remote_setup/glibc-build/libc_pic.a(strcmp-ssse3.os)
 .rodata        0x0000000000000dc8       0x40 /home/holy/vscode_remote_setup/glibc-build/libc_pic.a(strncmp-sse2.os)
 .rodata        0x0000000000000e08       0x40 /home/holy/vscode_remote_setup/glibc-build/libc_pic.a(strncmp-ssse3.os)
 .rodata        0x0000000000000e48       0x80 /home/holy/vscode_remote_setup/glibc-build/libc_pic.a(stpcpy-sse2-unaligned.os)
 *fill*         0x0000000000000ec8        0x8 
 .rodata        0x0000000000000ed0       0x1f /home/holy/vscode_remote_setup/glibc-build/libc_pic.a(varshift.os)
                0x0000000000000ed0                ___m128i_shift_right
 *fill*         0x0000000000000eef       0x11 
 .rodata        0x0000000000000f00      0x2e0 /home/holy/vscode_remote_setup/glibc-build/libc_pic.a(cacheinfo.os)

.rodata.str1.1  0x0000000000000000     0x12d2
 .rodata.str1.1
                0x0000000000000000     0x1285 /home/holy/vscode_remote_setup/glibc-build/elf/dl-allobjs.os
 .rodata.str1.1
                0x0000000000001285       0x14 /home/holy/vscode_remote_setup/glibc-build/libc_pic.a(check_fds.os)
 .rodata.str1.1
                0x0000000000001299       0x39 /home/holy/vscode_remote_setup/glibc-build/libc_pic.a(cacheinfo.os)

.rodata.str1.8  0x0000000000000000     0x2553
 .rodata.str1.8
                0x0000000000000000     0x2541 /home/holy/vscode_remote_setup/glibc-build/elf/dl-allobjs.os
 *fill*         0x0000000000002541        0x7 
 .rodata.str1.8
                0x0000000000002548        0xb /home/holy/vscode_remote_setup/glibc-build/libc_pic.a(cacheinfo.os)

.rodata.str1.16
                0x0000000000000000      0x361
 .rodata.str1.16
                0x0000000000000000      0x346 /home/holy/vscode_remote_setup/glibc-build/elf/dl-allobjs.os
 *fill*         0x0000000000000346        0xa 
 .rodata.str1.16
                0x0000000000000350       0x11 /home/holy/vscode_remote_setup/glibc-build/libc_pic.a(cacheinfo.os)

.rodata.cst16   0x0000000000000000       0x20
 .rodata.cst16  0x0000000000000000       0x20 /home/holy/vscode_remote_setup/glibc-build/elf/dl-allobjs.os

.rodata.cst4    0x0000000000000000        0x4
 .rodata.cst4   0x0000000000000000        0x4 /home/holy/vscode_remote_setup/glibc-build/elf/dl-allobjs.os

.rodata.str1.32
                0x0000000000000000       0x3b
 .rodata.str1.32
                0x0000000000000000       0x3b /home/holy/vscode_remote_setup/glibc-build/elf/dl-allobjs.os

.rodata.sse4.2  0x0000000000000000       0x40
 .rodata.sse4.2
                0x0000000000000000       0x40 /home/holy/vscode_remote_setup/glibc-build/libc_pic.a(strncmp-sse4_2.os)

.rodata.sse4.1  0x0000000000000000      0x140
 .rodata.sse4.1
                0x0000000000000000      0x140 /home/holy/vscode_remote_setup/glibc-build/libc_pic.a(memcmp-sse4.os)

.rodata.ssse3   0x0000000000000000      0xd80
 .rodata.ssse3  0x0000000000000000      0x1c0 /home/holy/vscode_remote_setup/glibc-build/libc_pic.a(memcpy-ssse3.os)
 .rodata.ssse3  0x00000000000001c0      0x1c0 /home/holy/vscode_remote_setup/glibc-build/libc_pic.a(memmove-ssse3.os)
 .rodata.ssse3  0x0000000000000380      0x500 /home/holy/vscode_remote_setup/glibc-build/libc_pic.a(memcpy-ssse3-back.os)
 .rodata.ssse3  0x0000000000000880      0x500 /home/holy/vscode_remote_setup/glibc-build/libc_pic.a(memmove-ssse3-back.os)

.rodata1
 *(.rodata1)

.eh_frame_hdr
 *(.eh_frame_hdr)

.eh_frame       0x0000000000000000     0x4130
 *(.eh_frame)
 .eh_frame      0x0000000000000000     0x25c0 /home/holy/vscode_remote_setup/glibc-build/elf/dl-allobjs.os
 .eh_frame      0x00000000000025c0       0x68 /home/holy/vscode_remote_setup/glibc-build/libc_pic.a(check_fds.os)
 .eh_frame      0x0000000000002628       0x30 /home/holy/vscode_remote_setup/glibc-build/libc_pic.a(setjmp.os)
 .eh_frame      0x0000000000002658       0x48 /home/holy/vscode_remote_setup/glibc-build/libc_pic.a(__longjmp.os)
 .eh_frame      0x00000000000026a0       0x58 /home/holy/vscode_remote_setup/glibc-build/libc_pic.a(scratch_buffer_set_array_size.os)
 .eh_frame      0x00000000000026f8       0x48 /home/holy/vscode_remote_setup/glibc-build/libc_pic.a(strchr.os)
                                         0x40 (size before relaxing)
 .eh_frame      0x0000000000002740       0x48 /home/holy/vscode_remote_setup/glibc-build/libc_pic.a(strcmp.os)
                                         0x40 (size before relaxing)
 .eh_frame      0x0000000000002788       0x48 /home/holy/vscode_remote_setup/glibc-build/libc_pic.a(strcspn.os)
                                         0x40 (size before relaxing)
 .eh_frame      0x00000000000027d0       0x50 /home/holy/vscode_remote_setup/glibc-build/libc_pic.a(strdup.os)
 .eh_frame      0x0000000000002820       0x48 /home/holy/vscode_remote_setup/glibc-build/libc_pic.a(strlen.os)
                                         0x40 (size before relaxing)
 .eh_frame      0x0000000000002868       0x48 /home/holy/vscode_remote_setup/glibc-build/libc_pic.a(strnlen.os)
                                         0x40 (size before relaxing)
 .eh_frame      0x00000000000028b0       0x48 /home/holy/vscode_remote_setup/glibc-build/libc_pic.a(strncmp.os)
                                         0x40 (size before relaxing)
 .eh_frame      0x00000000000028f8       0x48 /home/holy/vscode_remote_setup/glibc-build/libc_pic.a(memchr.os)
                                         0x40 (size before relaxing)
 .eh_frame      0x0000000000002940       0x48 /home/holy/vscode_remote_setup/glibc-build/libc_pic.a(memcmp.os)
                                         0x40 (size before relaxing)
 .eh_frame      0x0000000000002988       0x48 /home/holy/vscode_remote_setup/glibc-build/libc_pic.a(memmove.os)
                                         0x40 (size before relaxing)
 .eh_frame      0x00000000000029d0       0x48 /home/holy/vscode_remote_setup/glibc-build/libc_pic.a(memset.os)
                                         0x40 (size before relaxing)
 .eh_frame      0x0000000000002a18       0x48 /home/holy/vscode_remote_setup/glibc-build/libc_pic.a(mempcpy.os)
                                         0x40 (size before relaxing)
 .eh_frame      0x0000000000002a60       0x48 /home/holy/vscode_remote_setup/glibc-build/libc_pic.a(stpcpy.os)
                                         0x40 (size before relaxing)
 .eh_frame      0x0000000000002aa8       0x48 /home/holy/vscode_remote_setup/glibc-build/libc_pic.a(memcpy.os)
                                         0x40 (size before relaxing)
 .eh_frame      0x0000000000002af0       0x48 /home/holy/vscode_remote_setup/glibc-build/libc_pic.a(rawmemchr.os)
                                         0x40 (size before relaxing)
 .eh_frame      0x0000000000002b38       0x30 /home/holy/vscode_remote_setup/glibc-build/libc_pic.a(strcmp-sse2.os)
 .eh_frame      0x0000000000002b68       0x30 /home/holy/vscode_remote_setup/glibc-build/libc_pic.a(strcmp-sse2-unaligned.os)
 .eh_frame      0x0000000000002b98       0x30 /home/holy/vscode_remote_setup/glibc-build/libc_pic.a(strcmp-ssse3.os)
 .eh_frame      0x0000000000002bc8       0x30 /home/holy/vscode_remote_setup/glibc-build/libc_pic.a(strcmp-avx2.os)
 .eh_frame      0x0000000000002bf8       0x30 /home/holy/vscode_remote_setup/glibc-build/libc_pic.a(strncmp-sse2.os)
 .eh_frame      0x0000000000002c28       0x30 /home/holy/vscode_remote_setup/glibc-build/libc_pic.a(strncmp-ssse3.os)
 .eh_frame      0x0000000000002c58       0x30 /home/holy/vscode_remote_setup/glibc-build/libc_pic.a(strncmp-sse4_2.os)
 .eh_frame      0x0000000000002c88       0x30 /home/holy/vscode_remote_setup/glibc-build/libc_pic.a(strncmp-avx2.os)
 .eh_frame      0x0000000000002cb8       0x30 /home/holy/vscode_remote_setup/glibc-build/libc_pic.a(memchr-sse2.os)
 .eh_frame      0x0000000000002ce8       0x30 /home/holy/vscode_remote_setup/glibc-build/libc_pic.a(rawmemchr-sse2.os)
 .eh_frame      0x0000000000002d18       0x30 /home/holy/vscode_remote_setup/glibc-build/libc_pic.a(memchr-avx2.os)
 .eh_frame      0x0000000000002d48       0x30 /home/holy/vscode_remote_setup/glibc-build/libc_pic.a(rawmemchr-avx2.os)
 .eh_frame      0x0000000000002d78       0x30 /home/holy/vscode_remote_setup/glibc-build/libc_pic.a(memcmp-sse2.os)
 .eh_frame      0x0000000000002da8       0x30 /home/holy/vscode_remote_setup/glibc-build/libc_pic.a(memcmp-avx2-movbe.os)
 .eh_frame      0x0000000000002dd8       0x30 /home/holy/vscode_remote_setup/glibc-build/libc_pic.a(memcmp-sse4.os)
 .eh_frame      0x0000000000002e08       0x78 /home/holy/vscode_remote_setup/glibc-build/libc_pic.a(memcpy-ssse3.os)
                                         0x68 (size before relaxing)
 .eh_frame      0x0000000000002e80       0x48 /home/holy/vscode_remote_setup/glibc-build/libc_pic.a(memmove-ssse3.os)
                                         0x40 (size before relaxing)
 .eh_frame      0x0000000000002ec8       0x78 /home/holy/vscode_remote_setup/glibc-build/libc_pic.a(memcpy-ssse3-back.os)
                                         0x68 (size before relaxing)
 .eh_frame      0x0000000000002f40       0x48 /home/holy/vscode_remote_setup/glibc-build/libc_pic.a(memmove-ssse3-back.os)
                                         0x40 (size before relaxing)
 .eh_frame      0x0000000000002f88       0x78 /home/holy/vscode_remote_setup/glibc-build/libc_pic.a(memmove-avx512-no-vzeroupper.os)
                                         0x68 (size before relaxing)
 .eh_frame      0x0000000000003000       0x30 /home/holy/vscode_remote_setup/glibc-build/libc_pic.a(strchr-sse2.os)
 .eh_frame      0x0000000000003030       0x30 /home/holy/vscode_remote_setup/glibc-build/libc_pic.a(strchr-avx2.os)
 .eh_frame      0x0000000000003060       0x30 /home/holy/vscode_remote_setup/glibc-build/libc_pic.a(strlen-sse2.os)
 .eh_frame      0x0000000000003090       0x30 /home/holy/vscode_remote_setup/glibc-build/libc_pic.a(strnlen-sse2.os)
 .eh_frame      0x00000000000030c0       0x30 /home/holy/vscode_remote_setup/glibc-build/libc_pic.a(strlen-avx2.os)
 .eh_frame      0x00000000000030f0       0x30 /home/holy/vscode_remote_setup/glibc-build/libc_pic.a(strnlen-avx2.os)
 .eh_frame      0x0000000000003120       0x30 /home/holy/vscode_remote_setup/glibc-build/libc_pic.a(stpcpy-sse2.os)
 .eh_frame      0x0000000000003150       0x30 /home/holy/vscode_remote_setup/glibc-build/libc_pic.a(stpcpy-ssse3.os)
 .eh_frame      0x0000000000003180       0x30 /home/holy/vscode_remote_setup/glibc-build/libc_pic.a(stpcpy-sse2-unaligned.os)
 .eh_frame      0x00000000000031b0       0x30 /home/holy/vscode_remote_setup/glibc-build/libc_pic.a(strchr-sse2-no-bsf.os)
 .eh_frame      0x00000000000031e0       0x30 /home/holy/vscode_remote_setup/glibc-build/libc_pic.a(memcmp-ssse3.os)
 .eh_frame      0x0000000000003210       0x38 /home/holy/vscode_remote_setup/glibc-build/libc_pic.a(strcspn-sse2.os)
 .eh_frame      0x0000000000003248       0x30 /home/holy/vscode_remote_setup/glibc-build/libc_pic.a(strcspn-c.os)
 .eh_frame      0x0000000000003278       0x48 /home/holy/vscode_remote_setup/glibc-build/libc_pic.a(memset-avx512-no-vzeroupper.os)
                                         0x40 (size before relaxing)
 .eh_frame      0x00000000000032c0      0x138 /home/holy/vscode_remote_setup/glibc-build/libc_pic.a(memmove-sse2-unaligned-erms.os)
                                        0x108 (size before relaxing)
 .eh_frame      0x00000000000033f8       0xd8 /home/holy/vscode_remote_setup/glibc-build/libc_pic.a(memmove-avx-unaligned-erms.os)
                                         0xb8 (size before relaxing)
 .eh_frame      0x00000000000034d0       0xd8 /home/holy/vscode_remote_setup/glibc-build/libc_pic.a(memmove-avx512-unaligned-erms.os)
                                         0xb8 (size before relaxing)
 .eh_frame      0x00000000000035a8       0xf0 /home/holy/vscode_remote_setup/glibc-build/libc_pic.a(memset-sse2-unaligned-erms.os)
                                         0xd0 (size before relaxing)
 .eh_frame      0x0000000000003698       0xc0 /home/holy/vscode_remote_setup/glibc-build/libc_pic.a(memset-avx2-unaligned-erms.os)
                                         0xa8 (size before relaxing)
 .eh_frame      0x0000000000003758       0xc0 /home/holy/vscode_remote_setup/glibc-build/libc_pic.a(memset-avx512-unaligned-erms.os)
                                         0xa8 (size before relaxing)
 .eh_frame      0x0000000000003818      0x1c8 /home/holy/vscode_remote_setup/glibc-build/libc_pic.a(cacheinfo.os)
                                        0x1c0 (size before relaxing)
 .eh_frame      0x00000000000039e0       0x38 /home/holy/vscode_remote_setup/glibc-build/libc_pic.a(closedir.os)
 .eh_frame      0x0000000000003a18       0x40 /home/holy/vscode_remote_setup/glibc-build/libc_pic.a(rewinddir.os)
 .eh_frame      0x0000000000003a58       0x68 /home/holy/vscode_remote_setup/glibc-build/libc_pic.a(readdir64.os)
 .eh_frame      0x0000000000003ac0       0x50 /home/holy/vscode_remote_setup/glibc-build/libc_pic.a(fdopendir.os)
 .eh_frame      0x0000000000003b10       0x30 /home/holy/vscode_remote_setup/glibc-build/libc_pic.a(uname.os)
 .eh_frame      0x0000000000003b40       0x30 /home/holy/vscode_remote_setup/glibc-build/libc_pic.a(_exit.os)
 .eh_frame      0x0000000000003b70       0x30 /home/holy/vscode_remote_setup/glibc-build/libc_pic.a(getpid.os)
 .eh_frame      0x0000000000003ba0       0x30 /home/holy/vscode_remote_setup/glibc-build/libc_pic.a(xstat.os)
 .eh_frame      0x0000000000003bd0       0x30 /home/holy/vscode_remote_setup/glibc-build/libc_pic.a(fxstat.os)
 .eh_frame      0x0000000000003c00       0x30 /home/holy/vscode_remote_setup/glibc-build/libc_pic.a(lxstat.os)
 .eh_frame      0x0000000000003c30       0x30 /home/holy/vscode_remote_setup/glibc-build/libc_pic.a(lseek64.os)
 .eh_frame      0x0000000000003c60       0x30 /home/holy/vscode_remote_setup/glibc-build/libc_pic.a(access.os)
 .eh_frame      0x0000000000003c90       0x30 /home/holy/vscode_remote_setup/glibc-build/libc_pic.a(close_nocancel.os)
 .eh_frame      0x0000000000003cc0       0x48 /home/holy/vscode_remote_setup/glibc-build/libc_pic.a(fcntl_nocancel.os)
 .eh_frame      0x0000000000003d08       0x30 /home/holy/vscode_remote_setup/glibc-build/libc_pic.a(open64_nocancel.os)
 .eh_frame      0x0000000000003d38       0x30 /home/holy/vscode_remote_setup/glibc-build/libc_pic.a(openat64_nocancel.os)
 .eh_frame      0x0000000000003d68       0x30 /home/holy/vscode_remote_setup/glibc-build/libc_pic.a(read_nocancel.os)
 .eh_frame      0x0000000000003d98       0x30 /home/holy/vscode_remote_setup/glibc-build/libc_pic.a(write_nocancel.os)
 .eh_frame      0x0000000000003dc8       0x70 /home/holy/vscode_remote_setup/glibc-build/libc_pic.a(mmap64.os)
 .eh_frame      0x0000000000003e38       0x30 /home/holy/vscode_remote_setup/glibc-build/libc_pic.a(munmap.os)
 .eh_frame      0x0000000000003e68       0x30 /home/holy/vscode_remote_setup/glibc-build/libc_pic.a(mprotect.os)
 .eh_frame      0x0000000000003e98       0x80 /home/holy/vscode_remote_setup/glibc-build/libc_pic.a(profil.os)
 .eh_frame      0x0000000000003f18       0x30 /home/holy/vscode_remote_setup/glibc-build/libc_pic.a(prof-freq.os)
 .eh_frame      0x0000000000003f48       0x68 /home/holy/vscode_remote_setup/glibc-build/libc_pic.a(libc-lowlevellock.os)
                                         0x60 (size before relaxing)
 .eh_frame      0x0000000000003fb0       0x30 /home/holy/vscode_remote_setup/glibc-build/libc_pic.a(dl-addr-obj.os)
 .eh_frame      0x0000000000003fe0       0xf0 /home/holy/vscode_remote_setup/glibc-build/libc_pic.a(sigaction.os)
                                         0xe8 (size before relaxing)
 .eh_frame      0x00000000000040d0       0x30 /home/holy/vscode_remote_setup/glibc-build/libc_pic.a(setitimer.os)
 .eh_frame      0x0000000000004100       0x30 /home/holy/vscode_remote_setup/glibc-build/libc_pic.a(getdents64.os)

.gcc_except_table
 *(.gcc_except_table .gcc_except_table.*)

.gnu_extab
 *(.gnu_extab*)

.exception_ranges
 *(.exception_ranges .exception_ranges*)

.eh_frame
 *(.eh_frame)

.gnu_extab
 *(.gnu_extab)

.gcc_except_table
 *(.gcc_except_table .gcc_except_table.*)

.exception_ranges
 *(.exception_ranges .exception_ranges*)

.tdata
 *(.tdata)

.tbss           0x0000000000000000        0x4
 *(.tbss)
 .tbss          0x0000000000000000        0x4 /home/holy/vscode_remote_setup/glibc-build/libc_pic.a(errno.os)
                0x0000000000000000                errno
                0x0000000000000000                __libc_errno

.preinit_array
 *(.preinit_array)

.jcr
 *(.jcr)

.dynamic
 *(.dynamic)

.got
 *(.got)
 *(.igot)

.got.plt
 *(.got.plt)
 *(.igot.plt)

.data           0x0000000000000000      0xfd8
 *(.data)
 .data          0x0000000000000000      0xf98 /home/holy/vscode_remote_setup/glibc-build/elf/dl-allobjs.os
                0x0000000000000000                _rtld_global
                0x0000000000000000                _rtld_local
 .data          0x0000000000000f98        0x0 /home/holy/vscode_remote_setup/glibc-build/libc_pic.a(check_fds.os)
 .data          0x0000000000000f98        0x0 /home/holy/vscode_remote_setup/glibc-build/libc_pic.a(errno.os)
 .data          0x0000000000000f98        0x0 /home/holy/vscode_remote_setup/glibc-build/libc_pic.a(setjmp.os)
 .data          0x0000000000000f98        0x0 /home/holy/vscode_remote_setup/glibc-build/libc_pic.a(__longjmp.os)
 .data          0x0000000000000f98        0x0 /home/holy/vscode_remote_setup/glibc-build/libc_pic.a(scratch_buffer_set_array_size.os)
 .data          0x0000000000000f98        0x0 /home/holy/vscode_remote_setup/glibc-build/libc_pic.a(strchr.os)
 .data          0x0000000000000f98        0x0 /home/holy/vscode_remote_setup/glibc-build/libc_pic.a(strcmp.os)
 .data          0x0000000000000f98        0x0 /home/holy/vscode_remote_setup/glibc-build/libc_pic.a(strcspn.os)
 .data          0x0000000000000f98        0x0 /home/holy/vscode_remote_setup/glibc-build/libc_pic.a(strdup.os)
 .data          0x0000000000000f98        0x0 /home/holy/vscode_remote_setup/glibc-build/libc_pic.a(strlen.os)
 .data          0x0000000000000f98        0x0 /home/holy/vscode_remote_setup/glibc-build/libc_pic.a(strnlen.os)
 .data          0x0000000000000f98        0x0 /home/holy/vscode_remote_setup/glibc-build/libc_pic.a(strncmp.os)
 .data          0x0000000000000f98        0x0 /home/holy/vscode_remote_setup/glibc-build/libc_pic.a(memchr.os)
 .data          0x0000000000000f98        0x0 /home/holy/vscode_remote_setup/glibc-build/libc_pic.a(memcmp.os)
 .data          0x0000000000000f98        0x0 /home/holy/vscode_remote_setup/glibc-build/libc_pic.a(memmove.os)
 .data          0x0000000000000f98        0x0 /home/holy/vscode_remote_setup/glibc-build/libc_pic.a(memset.os)
 .data          0x0000000000000f98        0x0 /home/holy/vscode_remote_setup/glibc-build/libc_pic.a(mempcpy.os)
 .data          0x0000000000000f98        0x0 /home/holy/vscode_remote_setup/glibc-build/libc_pic.a(stpcpy.os)
 .data          0x0000000000000f98        0x0 /home/holy/vscode_remote_setup/glibc-build/libc_pic.a(memcpy.os)
 .data          0x0000000000000f98        0x0 /home/holy/vscode_remote_setup/glibc-build/libc_pic.a(rawmemchr.os)
 .data          0x0000000000000f98        0x0 /home/holy/vscode_remote_setup/glibc-build/libc_pic.a(strcmp-sse2.os)
 .data          0x0000000000000f98        0x0 /home/holy/vscode_remote_setup/glibc-build/libc_pic.a(strcmp-sse2-unaligned.os)
 .data          0x0000000000000f98        0x0 /home/holy/vscode_remote_setup/glibc-build/libc_pic.a(strcmp-ssse3.os)
 .data          0x0000000000000f98        0x0 /home/holy/vscode_remote_setup/glibc-build/libc_pic.a(strcmp-avx2.os)
 .data          0x0000000000000f98        0x0 /home/holy/vscode_remote_setup/glibc-build/libc_pic.a(strncmp-sse2.os)
 .data          0x0000000000000f98        0x0 /home/holy/vscode_remote_setup/glibc-build/libc_pic.a(strncmp-ssse3.os)
 .data          0x0000000000000f98        0x0 /home/holy/vscode_remote_setup/glibc-build/libc_pic.a(strncmp-sse4_2.os)
 .data          0x0000000000000f98        0x0 /home/holy/vscode_remote_setup/glibc-build/libc_pic.a(strncmp-avx2.os)
 .data          0x0000000000000f98        0x0 /home/holy/vscode_remote_setup/glibc-build/libc_pic.a(memchr-sse2.os)
 .data          0x0000000000000f98        0x0 /home/holy/vscode_remote_setup/glibc-build/libc_pic.a(rawmemchr-sse2.os)
 .data          0x0000000000000f98        0x0 /home/holy/vscode_remote_setup/glibc-build/libc_pic.a(memchr-avx2.os)
 .data          0x0000000000000f98        0x0 /home/holy/vscode_remote_setup/glibc-build/libc_pic.a(rawmemchr-avx2.os)
 .data          0x0000000000000f98        0x0 /home/holy/vscode_remote_setup/glibc-build/libc_pic.a(memcmp-sse2.os)
 .data          0x0000000000000f98        0x0 /home/holy/vscode_remote_setup/glibc-build/libc_pic.a(memcmp-avx2-movbe.os)
 .data          0x0000000000000f98        0x0 /home/holy/vscode_remote_setup/glibc-build/libc_pic.a(memcmp-sse4.os)
 .data          0x0000000000000f98        0x0 /home/holy/vscode_remote_setup/glibc-build/libc_pic.a(memcpy-ssse3.os)
 .data          0x0000000000000f98        0x0 /home/holy/vscode_remote_setup/glibc-build/libc_pic.a(memmove-ssse3.os)
 .data          0x0000000000000f98        0x0 /home/holy/vscode_remote_setup/glibc-build/libc_pic.a(memcpy-ssse3-back.os)
 .data          0x0000000000000f98        0x0 /home/holy/vscode_remote_setup/glibc-build/libc_pic.a(memmove-ssse3-back.os)
 .data          0x0000000000000f98        0x0 /home/holy/vscode_remote_setup/glibc-build/libc_pic.a(memmove-avx512-no-vzeroupper.os)
 .data          0x0000000000000f98        0x0 /home/holy/vscode_remote_setup/glibc-build/libc_pic.a(strchr-sse2.os)
 .data          0x0000000000000f98        0x0 /home/holy/vscode_remote_setup/glibc-build/libc_pic.a(strchr-avx2.os)
 .data          0x0000000000000f98        0x0 /home/holy/vscode_remote_setup/glibc-build/libc_pic.a(strlen-sse2.os)
 .data          0x0000000000000f98        0x0 /home/holy/vscode_remote_setup/glibc-build/libc_pic.a(strnlen-sse2.os)
 .data          0x0000000000000f98        0x0 /home/holy/vscode_remote_setup/glibc-build/libc_pic.a(strlen-avx2.os)
 .data          0x0000000000000f98        0x0 /home/holy/vscode_remote_setup/glibc-build/libc_pic.a(strnlen-avx2.os)
 .data          0x0000000000000f98        0x0 /home/holy/vscode_remote_setup/glibc-build/libc_pic.a(stpcpy-sse2.os)
 .data          0x0000000000000f98        0x0 /home/holy/vscode_remote_setup/glibc-build/libc_pic.a(stpcpy-ssse3.os)
 .data          0x0000000000000f98        0x0 /home/holy/vscode_remote_setup/glibc-build/libc_pic.a(stpcpy-sse2-unaligned.os)
 .data          0x0000000000000f98        0x0 /home/holy/vscode_remote_setup/glibc-build/libc_pic.a(strchr-sse2-no-bsf.os)
 .data          0x0000000000000f98        0x0 /home/holy/vscode_remote_setup/glibc-build/libc_pic.a(memcmp-ssse3.os)
 .data          0x0000000000000f98        0x0 /home/holy/vscode_remote_setup/glibc-build/libc_pic.a(strcspn-sse2.os)
 .data          0x0000000000000f98        0x0 /home/holy/vscode_remote_setup/glibc-build/libc_pic.a(strcspn-c.os)
 .data          0x0000000000000f98        0x0 /home/holy/vscode_remote_setup/glibc-build/libc_pic.a(varshift.os)
 .data          0x0000000000000f98        0x0 /home/holy/vscode_remote_setup/glibc-build/libc_pic.a(memset-avx512-no-vzeroupper.os)
 .data          0x0000000000000f98        0x0 /home/holy/vscode_remote_setup/glibc-build/libc_pic.a(memmove-sse2-unaligned-erms.os)
 .data          0x0000000000000f98        0x0 /home/holy/vscode_remote_setup/glibc-build/libc_pic.a(memmove-avx-unaligned-erms.os)
 .data          0x0000000000000f98        0x0 /home/holy/vscode_remote_setup/glibc-build/libc_pic.a(memmove-avx512-unaligned-erms.os)
 .data          0x0000000000000f98        0x0 /home/holy/vscode_remote_setup/glibc-build/libc_pic.a(memset-sse2-unaligned-erms.os)
 .data          0x0000000000000f98        0x0 /home/holy/vscode_remote_setup/glibc-build/libc_pic.a(memset-avx2-unaligned-erms.os)
 .data          0x0000000000000f98        0x0 /home/holy/vscode_remote_setup/glibc-build/libc_pic.a(memset-avx512-unaligned-erms.os)
 .data          0x0000000000000f98       0x40 /home/holy/vscode_remote_setup/glibc-build/libc_pic.a(cacheinfo.os)
                0x0000000000000f98                __x86_raw_shared_cache_size
                0x0000000000000fa0                __x86_raw_shared_cache_size_half
                0x0000000000000fa8                __x86_shared_cache_size
                0x0000000000000fb0                __x86_shared_cache_size_half
                0x0000000000000fb8                __x86_raw_data_cache_size
                0x0000000000000fc0                __x86_raw_data_cache_size_half
                0x0000000000000fc8                __x86_data_cache_size
                0x0000000000000fd0                __x86_data_cache_size_half
 .data          0x0000000000000fd8        0x0 /home/holy/vscode_remote_setup/glibc-build/libc_pic.a(closedir.os)
 .data          0x0000000000000fd8        0x0 /home/holy/vscode_remote_setup/glibc-build/libc_pic.a(rewinddir.os)
 .data          0x0000000000000fd8        0x0 /home/holy/vscode_remote_setup/glibc-build/libc_pic.a(readdir64.os)
 .data          0x0000000000000fd8        0x0 /home/holy/vscode_remote_setup/glibc-build/libc_pic.a(fdopendir.os)
 .data          0x0000000000000fd8        0x0 /home/holy/vscode_remote_setup/glibc-build/libc_pic.a(uname.os)
 .data          0x0000000000000fd8        0x0 /home/holy/vscode_remote_setup/glibc-build/libc_pic.a(_exit.os)
 .data          0x0000000000000fd8        0x0 /home/holy/vscode_remote_setup/glibc-build/libc_pic.a(getpid.os)
 .data          0x0000000000000fd8        0x0 /home/holy/vscode_remote_setup/glibc-build/libc_pic.a(environ.os)
 .data          0x0000000000000fd8        0x0 /home/holy/vscode_remote_setup/glibc-build/libc_pic.a(xstat.os)
 .data          0x0000000000000fd8        0x0 /home/holy/vscode_remote_setup/glibc-build/libc_pic.a(fxstat.os)
 .data          0x0000000000000fd8        0x0 /home/holy/vscode_remote_setup/glibc-build/libc_pic.a(lxstat.os)
 .data          0x0000000000000fd8        0x0 /home/holy/vscode_remote_setup/glibc-build/libc_pic.a(lseek64.os)
 .data          0x0000000000000fd8        0x0 /home/holy/vscode_remote_setup/glibc-build/libc_pic.a(access.os)
 .data          0x0000000000000fd8        0x0 /home/holy/vscode_remote_setup/glibc-build/libc_pic.a(close_nocancel.os)
 .data          0x0000000000000fd8        0x0 /home/holy/vscode_remote_setup/glibc-build/libc_pic.a(fcntl_nocancel.os)
 .data          0x0000000000000fd8        0x0 /home/holy/vscode_remote_setup/glibc-build/libc_pic.a(open64_nocancel.os)
 .data          0x0000000000000fd8        0x0 /home/holy/vscode_remote_setup/glibc-build/libc_pic.a(openat64_nocancel.os)
 .data          0x0000000000000fd8        0x0 /home/holy/vscode_remote_setup/glibc-build/libc_pic.a(read_nocancel.os)
 .data          0x0000000000000fd8        0x0 /home/holy/vscode_remote_setup/glibc-build/libc_pic.a(write_nocancel.os)
 .data          0x0000000000000fd8        0x0 /home/holy/vscode_remote_setup/glibc-build/libc_pic.a(mmap64.os)
 .data          0x0000000000000fd8        0x0 /home/holy/vscode_remote_setup/glibc-build/libc_pic.a(munmap.os)
 .data          0x0000000000000fd8        0x0 /home/holy/vscode_remote_setup/glibc-build/libc_pic.a(mprotect.os)
 .data          0x0000000000000fd8        0x0 /home/holy/vscode_remote_setup/glibc-build/libc_pic.a(profil.os)
 .data          0x0000000000000fd8        0x0 /home/holy/vscode_remote_setup/glibc-build/libc_pic.a(prof-freq.os)
 .data          0x0000000000000fd8        0x0 /home/holy/vscode_remote_setup/glibc-build/libc_pic.a(libc-lowlevellock.os)
 .data          0x0000000000000fd8        0x0 /home/holy/vscode_remote_setup/glibc-build/libc_pic.a(libc_multiple_threads.os)
 .data          0x0000000000000fd8        0x0 /home/holy/vscode_remote_setup/glibc-build/libc_pic.a(dl-addr-obj.os)
 .data          0x0000000000000fd8        0x0 /home/holy/vscode_remote_setup/glibc-build/libc_pic.a(sigaction.os)
 .data          0x0000000000000fd8        0x0 /home/holy/vscode_remote_setup/glibc-build/libc_pic.a(setitimer.os)
 .data          0x0000000000000fd8        0x0 /home/holy/vscode_remote_setup/glibc-build/libc_pic.a(getdents64.os)

.data.rel.ro    0x0000000000000000      0x834
 .data.rel.ro   0x0000000000000000      0x834 /home/holy/vscode_remote_setup/glibc-build/elf/dl-allobjs.os
                0x00000000000000b0                __pointer_chk_guard_local
                0x00000000000000b8                _dl_skip_args
                0x00000000000000c0                __GI__dl_argv
                0x00000000000000c0                _dl_argv
                0x00000000000000c8                _dl_argc
                0x00000000000000e0                _rtld_global_ro
                0x00000000000000e0                _rtld_local_ro
                0x00000000000002d0                __stack_prot
                0x0000000000000820                _dl_random
                0x0000000000000828                __libc_stack_end
                0x0000000000000828                __GI___libc_stack_end
                0x0000000000000830                __GI___libc_enable_secure
                0x0000000000000830                __libc_enable_secure

.init_array     0x0000000000000000        0x8
 .init_array    0x0000000000000000        0x8 /home/holy/vscode_remote_setup/glibc-build/libc_pic.a(cacheinfo.os)

.data1
 *(.data1)

.bss            0x0000000000000000      0x200
 *(.dynbss)
 *(.bss)
 .bss           0x0000000000000000      0x118 /home/holy/vscode_remote_setup/glibc-build/elf/dl-allobjs.os
                0x00000000000000e0                __libc_multiple_libcs
                0x0000000000000110                __curbrk
 .bss           0x0000000000000118        0x0 /home/holy/vscode_remote_setup/glibc-build/libc_pic.a(check_fds.os)
 .bss           0x0000000000000118        0x0 /home/holy/vscode_remote_setup/glibc-build/libc_pic.a(errno.os)
 .bss           0x0000000000000118        0x0 /home/holy/vscode_remote_setup/glibc-build/libc_pic.a(setjmp.os)
 .bss           0x0000000000000118        0x0 /home/holy/vscode_remote_setup/glibc-build/libc_pic.a(__longjmp.os)
 .bss           0x0000000000000118        0x0 /home/holy/vscode_remote_setup/glibc-build/libc_pic.a(scratch_buffer_set_array_size.os)
 .bss           0x0000000000000118        0x0 /home/holy/vscode_remote_setup/glibc-build/libc_pic.a(strchr.os)
 .bss           0x0000000000000118        0x0 /home/holy/vscode_remote_setup/glibc-build/libc_pic.a(strcmp.os)
 .bss           0x0000000000000118        0x0 /home/holy/vscode_remote_setup/glibc-build/libc_pic.a(strcspn.os)
 .bss           0x0000000000000118        0x0 /home/holy/vscode_remote_setup/glibc-build/libc_pic.a(strdup.os)
 .bss           0x0000000000000118        0x0 /home/holy/vscode_remote_setup/glibc-build/libc_pic.a(strlen.os)
 .bss           0x0000000000000118        0x0 /home/holy/vscode_remote_setup/glibc-build/libc_pic.a(strnlen.os)
 .bss           0x0000000000000118        0x0 /home/holy/vscode_remote_setup/glibc-build/libc_pic.a(strncmp.os)
 .bss           0x0000000000000118        0x0 /home/holy/vscode_remote_setup/glibc-build/libc_pic.a(memchr.os)
 .bss           0x0000000000000118        0x0 /home/holy/vscode_remote_setup/glibc-build/libc_pic.a(memcmp.os)
 .bss           0x0000000000000118        0x0 /home/holy/vscode_remote_setup/glibc-build/libc_pic.a(memmove.os)
 .bss           0x0000000000000118        0x0 /home/holy/vscode_remote_setup/glibc-build/libc_pic.a(memset.os)
 .bss           0x0000000000000118        0x0 /home/holy/vscode_remote_setup/glibc-build/libc_pic.a(mempcpy.os)
 .bss           0x0000000000000118        0x0 /home/holy/vscode_remote_setup/glibc-build/libc_pic.a(stpcpy.os)
 .bss           0x0000000000000118        0x0 /home/holy/vscode_remote_setup/glibc-build/libc_pic.a(memcpy.os)
 .bss           0x0000000000000118        0x0 /home/holy/vscode_remote_setup/glibc-build/libc_pic.a(rawmemchr.os)
 .bss           0x0000000000000118        0x0 /home/holy/vscode_remote_setup/glibc-build/libc_pic.a(strcmp-sse2.os)
 .bss           0x0000000000000118        0x0 /home/holy/vscode_remote_setup/glibc-build/libc_pic.a(strcmp-sse2-unaligned.os)
 .bss           0x0000000000000118        0x0 /home/holy/vscode_remote_setup/glibc-build/libc_pic.a(strcmp-ssse3.os)
 .bss           0x0000000000000118        0x0 /home/holy/vscode_remote_setup/glibc-build/libc_pic.a(strcmp-avx2.os)
 .bss           0x0000000000000118        0x0 /home/holy/vscode_remote_setup/glibc-build/libc_pic.a(strncmp-sse2.os)
 .bss           0x0000000000000118        0x0 /home/holy/vscode_remote_setup/glibc-build/libc_pic.a(strncmp-ssse3.os)
 .bss           0x0000000000000118        0x0 /home/holy/vscode_remote_setup/glibc-build/libc_pic.a(strncmp-sse4_2.os)
 .bss           0x0000000000000118        0x0 /home/holy/vscode_remote_setup/glibc-build/libc_pic.a(strncmp-avx2.os)
 .bss           0x0000000000000118        0x0 /home/holy/vscode_remote_setup/glibc-build/libc_pic.a(memchr-sse2.os)
 .bss           0x0000000000000118        0x0 /home/holy/vscode_remote_setup/glibc-build/libc_pic.a(rawmemchr-sse2.os)
 .bss           0x0000000000000118        0x0 /home/holy/vscode_remote_setup/glibc-build/libc_pic.a(memchr-avx2.os)
 .bss           0x0000000000000118        0x0 /home/holy/vscode_remote_setup/glibc-build/libc_pic.a(rawmemchr-avx2.os)
 .bss           0x0000000000000118        0x0 /home/holy/vscode_remote_setup/glibc-build/libc_pic.a(memcmp-sse2.os)
 .bss           0x0000000000000118        0x0 /home/holy/vscode_remote_setup/glibc-build/libc_pic.a(memcmp-avx2-movbe.os)
 .bss           0x0000000000000118        0x0 /home/holy/vscode_remote_setup/glibc-build/libc_pic.a(memcmp-sse4.os)
 .bss           0x0000000000000118        0x0 /home/holy/vscode_remote_setup/glibc-build/libc_pic.a(memcpy-ssse3.os)
 .bss           0x0000000000000118        0x0 /home/holy/vscode_remote_setup/glibc-build/libc_pic.a(memmove-ssse3.os)
 .bss           0x0000000000000118        0x0 /home/holy/vscode_remote_setup/glibc-build/libc_pic.a(memcpy-ssse3-back.os)
 .bss           0x0000000000000118        0x0 /home/holy/vscode_remote_setup/glibc-build/libc_pic.a(memmove-ssse3-back.os)
 .bss           0x0000000000000118        0x0 /home/holy/vscode_remote_setup/glibc-build/libc_pic.a(memmove-avx512-no-vzeroupper.os)
 .bss           0x0000000000000118        0x0 /home/holy/vscode_remote_setup/glibc-build/libc_pic.a(strchr-sse2.os)
 .bss           0x0000000000000118        0x0 /home/holy/vscode_remote_setup/glibc-build/libc_pic.a(strchr-avx2.os)
 .bss           0x0000000000000118        0x0 /home/holy/vscode_remote_setup/glibc-build/libc_pic.a(strlen-sse2.os)
 .bss           0x0000000000000118        0x0 /home/holy/vscode_remote_setup/glibc-build/libc_pic.a(strnlen-sse2.os)
 .bss           0x0000000000000118        0x0 /home/holy/vscode_remote_setup/glibc-build/libc_pic.a(strlen-avx2.os)
 .bss           0x0000000000000118        0x0 /home/holy/vscode_remote_setup/glibc-build/libc_pic.a(strnlen-avx2.os)
 .bss           0x0000000000000118        0x0 /home/holy/vscode_remote_setup/glibc-build/libc_pic.a(stpcpy-sse2.os)
 .bss           0x0000000000000118        0x0 /home/holy/vscode_remote_setup/glibc-build/libc_pic.a(stpcpy-ssse3.os)
 .bss           0x0000000000000118        0x0 /home/holy/vscode_remote_setup/glibc-build/libc_pic.a(stpcpy-sse2-unaligned.os)
 .bss           0x0000000000000118        0x0 /home/holy/vscode_remote_setup/glibc-build/libc_pic.a(strchr-sse2-no-bsf.os)
 .bss           0x0000000000000118        0x0 /home/holy/vscode_remote_setup/glibc-build/libc_pic.a(memcmp-ssse3.os)
 .bss           0x0000000000000118        0x0 /home/holy/vscode_remote_setup/glibc-build/libc_pic.a(strcspn-sse2.os)
 .bss           0x0000000000000118        0x0 /home/holy/vscode_remote_setup/glibc-build/libc_pic.a(strcspn-c.os)
 .bss           0x0000000000000118        0x0 /home/holy/vscode_remote_setup/glibc-build/libc_pic.a(varshift.os)
 .bss           0x0000000000000118        0x0 /home/holy/vscode_remote_setup/glibc-build/libc_pic.a(memset-avx512-no-vzeroupper.os)
 .bss           0x0000000000000118        0x0 /home/holy/vscode_remote_setup/glibc-build/libc_pic.a(memmove-sse2-unaligned-erms.os)
 .bss           0x0000000000000118        0x0 /home/holy/vscode_remote_setup/glibc-build/libc_pic.a(memmove-avx-unaligned-erms.os)
 .bss           0x0000000000000118        0x0 /home/holy/vscode_remote_setup/glibc-build/libc_pic.a(memmove-avx512-unaligned-erms.os)
 .bss           0x0000000000000118        0x0 /home/holy/vscode_remote_setup/glibc-build/libc_pic.a(memset-sse2-unaligned-erms.os)
 .bss           0x0000000000000118        0x0 /home/holy/vscode_remote_setup/glibc-build/libc_pic.a(memset-avx2-unaligned-erms.os)
 .bss           0x0000000000000118        0x0 /home/holy/vscode_remote_setup/glibc-build/libc_pic.a(memset-avx512-unaligned-erms.os)
 .bss           0x0000000000000118        0x0 /home/holy/vscode_remote_setup/glibc-build/libc_pic.a(cacheinfo.os)
 .bss           0x0000000000000118        0x0 /home/holy/vscode_remote_setup/glibc-build/libc_pic.a(closedir.os)
 .bss           0x0000000000000118        0x0 /home/holy/vscode_remote_setup/glibc-build/libc_pic.a(rewinddir.os)
 .bss           0x0000000000000118        0x0 /home/holy/vscode_remote_setup/glibc-build/libc_pic.a(readdir64.os)
 .bss           0x0000000000000118        0x0 /home/holy/vscode_remote_setup/glibc-build/libc_pic.a(fdopendir.os)
 .bss           0x0000000000000118        0x0 /home/holy/vscode_remote_setup/glibc-build/libc_pic.a(uname.os)
 .bss           0x0000000000000118        0x0 /home/holy/vscode_remote_setup/glibc-build/libc_pic.a(_exit.os)
 .bss           0x0000000000000118        0x0 /home/holy/vscode_remote_setup/glibc-build/libc_pic.a(getpid.os)
 .bss           0x0000000000000118        0x8 /home/holy/vscode_remote_setup/glibc-build/libc_pic.a(environ.os)
                0x0000000000000118                _environ
                0x0000000000000118                __environ
                0x0000000000000118                environ
 .bss           0x0000000000000120        0x0 /home/holy/vscode_remote_setup/glibc-build/libc_pic.a(xstat.os)
 .bss           0x0000000000000120        0x0 /home/holy/vscode_remote_setup/glibc-build/libc_pic.a(fxstat.os)
 .bss           0x0000000000000120        0x0 /home/holy/vscode_remote_setup/glibc-build/libc_pic.a(lxstat.os)
 .bss           0x0000000000000120        0x0 /home/holy/vscode_remote_setup/glibc-build/libc_pic.a(lseek64.os)
 .bss           0x0000000000000120        0x0 /home/holy/vscode_remote_setup/glibc-build/libc_pic.a(access.os)
 .bss           0x0000000000000120        0x0 /home/holy/vscode_remote_setup/glibc-build/libc_pic.a(close_nocancel.os)
 .bss           0x0000000000000120        0x0 /home/holy/vscode_remote_setup/glibc-build/libc_pic.a(fcntl_nocancel.os)
 .bss           0x0000000000000120        0x0 /home/holy/vscode_remote_setup/glibc-build/libc_pic.a(open64_nocancel.os)
 .bss           0x0000000000000120        0x0 /home/holy/vscode_remote_setup/glibc-build/libc_pic.a(openat64_nocancel.os)
 .bss           0x0000000000000120        0x0 /home/holy/vscode_remote_setup/glibc-build/libc_pic.a(read_nocancel.os)
 .bss           0x0000000000000120        0x0 /home/holy/vscode_remote_setup/glibc-build/libc_pic.a(write_nocancel.os)
 .bss           0x0000000000000120        0x0 /home/holy/vscode_remote_setup/glibc-build/libc_pic.a(mmap64.os)
 .bss           0x0000000000000120        0x0 /home/holy/vscode_remote_setup/glibc-build/libc_pic.a(munmap.os)
 .bss           0x0000000000000120        0x0 /home/holy/vscode_remote_setup/glibc-build/libc_pic.a(mprotect.os)
 .bss           0x0000000000000120       0xe0 /home/holy/vscode_remote_setup/glibc-build/libc_pic.a(profil.os)
 .bss           0x0000000000000200        0x0 /home/holy/vscode_remote_setup/glibc-build/libc_pic.a(prof-freq.os)
 .bss           0x0000000000000200        0x0 /home/holy/vscode_remote_setup/glibc-build/libc_pic.a(libc-lowlevellock.os)
 .bss           0x0000000000000200        0x0 /home/holy/vscode_remote_setup/glibc-build/libc_pic.a(libc_multiple_threads.os)
 .bss           0x0000000000000200        0x0 /home/holy/vscode_remote_setup/glibc-build/libc_pic.a(dl-addr-obj.os)
 .bss           0x0000000000000200        0x0 /home/holy/vscode_remote_setup/glibc-build/libc_pic.a(sigaction.os)
 .bss           0x0000000000000200        0x0 /home/holy/vscode_remote_setup/glibc-build/libc_pic.a(setitimer.os)
 .bss           0x0000000000000200        0x0 /home/holy/vscode_remote_setup/glibc-build/libc_pic.a(getdents64.os)
 *(COMMON)
 COMMON         0x0000000000000200        0x0 /home/holy/vscode_remote_setup/glibc-build/elf/dl-allobjs.os
 COMMON         0x0000000000000200        0x0 /home/holy/vscode_remote_setup/glibc-build/libc_pic.a(cacheinfo.os)
 COMMON         0x0000000000000200        0x0 /home/holy/vscode_remote_setup/glibc-build/libc_pic.a(libc_multiple_threads.os)

.lbss
 *(.dynlbss)
 *(.lbss)
 *(LARGE_COMMON)

.lrodata
 *(.lrodata)

.ldata
 *(.ldata)

.stab
 *(.stab)

.stabstr
 *(.stabstr)

.stab.excl
 *(.stab.excl)

.stab.exclstr
 *(.stab.exclstr)

.stab.index
 *(.stab.index)

.stab.indexstr
 *(.stab.indexstr)

.comment        0x0000000000000000     0x114c
 *(.comment)
 .comment       0x0000000000000000      0x7ce /home/holy/vscode_remote_setup/glibc-build/elf/dl-allobjs.os
 .comment       0x00000000000007ce       0x36 /home/holy/vscode_remote_setup/glibc-build/libc_pic.a(check_fds.os)
 .comment       0x0000000000000804       0x36 /home/holy/vscode_remote_setup/glibc-build/libc_pic.a(errno.os)
 .comment       0x000000000000083a       0x36 /home/holy/vscode_remote_setup/glibc-build/libc_pic.a(scratch_buffer_set_array_size.os)