Archive member included to satisfy reference by file (symbol)

/home/holy/vscode_remote_setup/glibc-build/elf/rtld-libc.a(rtld-check_fds.os)
                              /home/holy/vscode_remote_setup/glibc-build/elf/dl-allobjs.os (__libc_check_standard_fds)
/home/holy/vscode_remote_setup/glibc-build/elf/rtld-libc.a(rtld-errno.os)
                              /home/holy/vscode_remote_setup/glibc-build/elf/dl-allobjs.os (rtld_errno)
/home/holy/vscode_remote_setup/glibc-build/elf/rtld-libc.a(rtld-closedir.os)
                              /home/holy/vscode_remote_setup/glibc-build/elf/dl-allobjs.os (__closedir)
/home/holy/vscode_remote_setup/glibc-build/elf/rtld-libc.a(rtld-rewinddir.os)
                              /home/holy/vscode_remote_setup/glibc-build/elf/dl-allobjs.os (__rewinddir)
/home/holy/vscode_remote_setup/glibc-build/elf/rtld-libc.a(rtld-readdir64.os)
                              /home/holy/vscode_remote_setup/glibc-build/elf/dl-allobjs.os (__readdir)
/home/holy/vscode_remote_setup/glibc-build/elf/rtld-libc.a(rtld-fdopendir.os)
                              /home/holy/vscode_remote_setup/glibc-build/elf/dl-allobjs.os (__fdopendir)
/home/holy/vscode_remote_setup/glibc-build/elf/rtld-libc.a(rtld-getdents64.os)
                              /home/holy/vscode_remote_setup/glibc-build/elf/rtld-libc.a(rtld-readdir64.os) (__getdents64)
/home/holy/vscode_remote_setup/glibc-build/elf/rtld-libc.a(rtld-dl-addr-obj.os)
                              /home/holy/vscode_remote_setup/glibc-build/elf/dl-allobjs.os (_dl_addr_inside_object)
/home/holy/vscode_remote_setup/glibc-build/elf/rtld-libc.a(rtld-profil.os)
                              /home/holy/vscode_remote_setup/glibc-build/elf/dl-allobjs.os (__profil)
/home/holy/vscode_remote_setup/glibc-build/elf/rtld-libc.a(rtld-prof-freq.os)
                              /home/holy/vscode_remote_setup/glibc-build/elf/dl-allobjs.os (__profile_frequency)
/home/holy/vscode_remote_setup/glibc-build/elf/rtld-libc.a(rtld-xstat.os)
                              /home/holy/vscode_remote_setup/glibc-build/elf/dl-allobjs.os (__GI___xstat64)
/home/holy/vscode_remote_setup/glibc-build/elf/rtld-libc.a(rtld-fxstat.os)
                              /home/holy/vscode_remote_setup/glibc-build/elf/dl-allobjs.os (__GI___fxstat64)
/home/holy/vscode_remote_setup/glibc-build/elf/rtld-libc.a(rtld-lxstat.os)
                              /home/holy/vscode_remote_setup/glibc-build/elf/dl-allobjs.os (__GI___lxstat64)
/home/holy/vscode_remote_setup/glibc-build/elf/rtld-libc.a(rtld-lseek64.os)
                              /home/holy/vscode_remote_setup/glibc-build/elf/dl-allobjs.os (__lseek)
/home/holy/vscode_remote_setup/glibc-build/elf/rtld-libc.a(rtld-access.os)
                              /home/holy/vscode_remote_setup/glibc-build/elf/dl-allobjs.os (__access)
/home/holy/vscode_remote_setup/glibc-build/elf/rtld-libc.a(rtld-close_nocancel.os)
                              /home/holy/vscode_remote_setup/glibc-build/elf/dl-allobjs.os (__GI___close_nocancel)
/home/holy/vscode_remote_setup/glibc-build/elf/rtld-libc.a(rtld-fcntl_nocancel.os)
                              /home/holy/vscode_remote_setup/glibc-build/elf/dl-allobjs.os (__GI___fcntl64_nocancel)
/home/holy/vscode_remote_setup/glibc-build/elf/rtld-libc.a(rtld-open64_nocancel.os)
                              /home/holy/vscode_remote_setup/glibc-build/elf/dl-allobjs.os (__GI___open64_nocancel)
/home/holy/vscode_remote_setup/glibc-build/elf/rtld-libc.a(rtld-openat64_nocancel.os)
                              /home/holy/vscode_remote_setup/glibc-build/elf/dl-allobjs.os (__GI___openat64_nocancel)
/home/holy/vscode_remote_setup/glibc-build/elf/rtld-libc.a(rtld-read_nocancel.os)
                              /home/holy/vscode_remote_setup/glibc-build/elf/dl-allobjs.os (__GI___read_nocancel)
/home/holy/vscode_remote_setup/glibc-build/elf/rtld-libc.a(rtld-write_nocancel.os)
                              /home/holy/vscode_remote_setup/glibc-build/elf/dl-allobjs.os (__GI___write_nocancel)
/home/holy/vscode_remote_setup/glibc-build/elf/rtld-libc.a(rtld-scratch_buffer_set_array_size.os)
                              /home/holy/vscode_remote_setup/glibc-build/elf/dl-allobjs.os (__libc_scratch_buffer_set_array_size)
/home/holy/vscode_remote_setup/glibc-build/elf/rtld-libc.a(rtld-mmap64.os)
                              /home/holy/vscode_remote_setup/glibc-build/elf/dl-allobjs.os (__mmap)
/home/holy/vscode_remote_setup/glibc-build/elf/rtld-libc.a(rtld-munmap.os)
                              /home/holy/vscode_remote_setup/glibc-build/elf/dl-allobjs.os (__munmap)
/home/holy/vscode_remote_setup/glibc-build/elf/rtld-libc.a(rtld-mprotect.os)
                              /home/holy/vscode_remote_setup/glibc-build/elf/dl-allobjs.os (__mprotect)
/home/holy/vscode_remote_setup/glibc-build/elf/rtld-libc.a(rtld-uname.os)
                              /home/holy/vscode_remote_setup/glibc-build/elf/dl-allobjs.os (__uname)
[...]
Memory Configuration

Name             Origin             Length             Attributes
*default*        0x0000000000000000 0xffffffffffffffff

Linker script and memory map

START GROUP
LOAD /home/holy/vscode_remote_setup/glibc-build/elf/dl-allobjs.os
LOAD /home/holy/vscode_remote_setup/glibc-build/elf/rtld-libc.a
LOAD /usr/lib/gcc/x86_64-linux-gnu/7/libgcc.a
END GROUP

.interp
 *(.interp)

.note.gnu.build-id
 *(.note.gnu.build-id)

.hash
 *(.hash)

.gnu.hash
 *(.gnu.hash)

.dynsym
 *(.dynsym)

.dynstr
 *(.dynstr)

.gnu.version
 *(.gnu.version)

.gnu.version_d
 *(.gnu.version_d)

.gnu.version_r
 *(.gnu.version_r)

.rela.init
 *(.rela.init)

.rela.text
 *(.rela.text)

.rela.fini
 *(.rela.fini)

.rela.rodata
 *(.rela.rodata)

.rela.data.rel.ro
 *(.rela.data.rel.ro)

.rela.data
 *(.rela.data)

.rela.tdata
 *(.rela.tdata)

.rela.tbss
 *(.rela.tbss)

.rela.ctors
 *(.rela.ctors)

.rela.dtors
 *(.rela.dtors)

.rela.got
 *(.rela.got)

.rela.bss
 *(.rela.bss)

.rela.ldata
 *(.rela.ldata)

.rela.lbss
 *(.rela.lbss)

.rela.lrodata
 *(.rela.lrodata)

.rela.ifunc
 *(.rela.ifunc)

.rela.plt
 *(.rela.plt)

.init
 *(SORT_NONE(.init))

.plt
 *(.plt)
 *(.iplt)

.plt.got
 *(.plt.got)

.plt.sec
 *(.plt.sec)

.text           0x0000000000000000    0x1d7b0
 *(.text .stub)
 .text          0x0000000000000000    0x18b40 /home/holy/vscode_remote_setup/glibc-build/elf/dl-allobjs.os
                0x0000000000000000                _start
                0x0000000000000008                _dl_start_user
                0x0000000000001270                handle_ld_preload
                0x00000000000068d0                _dl_dst_count
                0x0000000000006970                _dl_dst_substitute
                0x0000000000007130                _dl_init_paths
                0x0000000000007430                _dl_map_object
                0x0000000000007eb0                _dl_rtld_di_serinfo
                0x0000000000008e00                _dl_lookup_symbol_x
                0x0000000000009d20                _dl_setup_hash
                0x0000000000009dd0                _dl_add_to_namespace_list
                0x0000000000009e60                _dl_new_object
                0x000000000000a1d0                _dl_try_allocate_static_tls
                0x000000000000a2b0                _dl_allocate_static_tls
                0x000000000000a2e0                _dl_nothread_init_static_tls
                0x000000000000a320                _dl_protect_relro
                0x000000000000a390                _dl_reloc_bad_type
                0x000000000000a460                _dl_relocate_object
                0x000000000000be90                _dl_map_object_deps
                0x000000000000cee0                _dl_important_hwcaps
                0x000000000000d6a0                _dl_fixup
                0x000000000000d860                _dl_profile_fixup
                0x000000000000de50                _dl_call_pltexit
                0x000000000000e070                _dl_init
                0x000000000000e1b0                _dl_fini
                0x000000000000e590                _dl_debug_state
                0x000000000000e590                __GI__dl_debug_state
                0x000000000000e5a0                _dl_debug_initialize
                0x000000000000ec30                _dl_sysdep_read_whole_file
                0x000000000000ecc0                _dl_debug_printf
                0x000000000000ed70                _dl_debug_printf_c
                0x000000000000ee20                _dl_dprintf
                0x000000000000eec0                _dl_name_match_p
                0x000000000000ef30                _dl_higher_prime_number
                0x000000000000efb0                _dl_strtoul
                0x000000000000f120                _dl_check_map_versions
                0x000000000000f880                _dl_check_all_versions
                0x000000000000f8f0                _dl_start_profile
                0x0000000000010050                __GI__dl_mcount
                0x0000000000010050                _dl_mcount
                0x00000000000105a0                _dl_next_tls_modid
                0x00000000000106a0                _dl_count_modids
                0x0000000000010710                _dl_determine_tlsoffset
                0x00000000000108d0                _dl_get_tls_static_info
                0x00000000000108f0                _dl_allocate_tls_storage
                0x00000000000109b0                __GI__dl_allocate_tls_init
                0x00000000000109b0                _dl_allocate_tls_init
                0x0000000000010c30                __GI__dl_allocate_tls
                0x0000000000010c30                _dl_allocate_tls
                0x0000000000010c70                _dl_deallocate_tls
                0x0000000000010c70                __GI__dl_deallocate_tls
                0x0000000000010cf0                _dl_update_slotinfo
                0x0000000000010f60                __GI___tls_get_addr
                0x0000000000010f60                ___tls_get_addr
                0x0000000000010fa0                _dl_tls_get_addr_soft
                0x0000000000011020                _dl_add_to_slotinfo
                0x0000000000011110                __tls_get_addr_slow
                0x0000000000011140                _dl_get_origin
                0x00000000000112e0                _dl_scope_free
                0x00000000000113b0                _dl_make_stack_executable
                0x00000000000113b0                __GI__dl_make_stack_executable
                0x0000000000011620                __GI__dl_find_dso_for_object
                0x0000000000011620                _dl_find_dso_for_object
                0x00000000000116f0                _dl_open
                0x0000000000011a10                _dl_show_scope
                0x0000000000012420                _dl_close_worker
                0x0000000000013460                _dl_close
                0x00000000000134d0                _dl_runtime_profile_avx512
                0x0000000000013950                _dl_runtime_profile_avx
                0x0000000000013dd0                _dl_runtime_profile_sse
                0x0000000000013fd0                _dl_runtime_resolve_fxsave
                0x0000000000014050                _dl_runtime_resolve_xsave
                0x0000000000014120                _dl_runtime_resolve_xsavec
                0x0000000000014210                _dl_exception_create
                0x0000000000014210                __GI__dl_exception_create
                0x0000000000014310                __GI__dl_exception_create_format
                0x0000000000014310                _dl_exception_create_format
                0x0000000000014630                _dl_exception_free
                0x0000000000014630                __GI__dl_exception_free
                0x0000000000014660                _dl_sort_maps
                0x0000000000014940                _dl_cache_libcmp
                0x0000000000014a10                _dl_load_cache_lookup
                0x0000000000015090                _dl_unload_cache
                0x0000000000015190                __tunable_set_val
                0x00000000000151b0                __GI___tunables_init
                0x0000000000015670                __tunable_get_val
                0x0000000000015670                __GI___tunable_get_val
                0x00000000000156d0                _dl_make_tlsdesc_dynamic
                0x00000000000159d0                _dl_tlsdesc_resolve_rela_fixup
                0x0000000000015b90                _dl_tlsdesc_resolve_hold_fixup
                0x0000000000015bd0                _dl_unmap
                0x0000000000015c50                _dl_tlsdesc_return
                0x0000000000015c60                _dl_tlsdesc_undefweak
                0x0000000000015c70                _dl_tlsdesc_dynamic
                0x0000000000015d10                _dl_tlsdesc_resolve_rela
                0x0000000000015d80                _dl_tlsdesc_resolve_hold
                0x0000000000015e00                __tls_get_addr
                0x0000000000015e40                __get_cpu_features
                0x0000000000015e50                _dl_tunable_set_hwcaps
                0x0000000000016dc0                _dl_sysdep_start
                0x0000000000017590                _dl_sysdep_start_cleanup
                0x00000000000175a0                _dl_show_auxv
                0x0000000000017720                _dl_discover_osversion
                0x0000000000017900                _dl_next_ld_env_entry
                0x0000000000017950                unsetenv
                0x00000000000179c0                malloc
                0x0000000000017af0                calloc
                0x0000000000017b30                free
                0x0000000000017b70                __sigjmp_save
                0x0000000000017b80                __strerror_r
                0x0000000000017c60                __GI___libc_fatal
                0x0000000000017c60                __libc_fatal
                0x0000000000017c90                __GI___chk_fail
                0x0000000000017c90                __chk_fail
                0x0000000000017ca0                __GI___assert_fail
                0x0000000000017ca0                __assert_fail
                0x0000000000017cf0                realloc
                0x0000000000017d80                __GI___assert_perror_fail
                0x0000000000017d80                __assert_perror_fail
                0x0000000000017df0                _itoa
                0x0000000000017e40                __strsep
                0x0000000000017e40                strsep
                0x0000000000017e40                __strsep_g
                0x0000000000017f80                _dl_signal_exception
                0x0000000000017fd0                _dl_signal_error
                0x0000000000018020                _dl_signal_cexception
                0x00000000000180a0                _dl_signal_cerror
                0x0000000000018130                _dl_catch_exception
                0x00000000000181e0                _dl_catch_error
                0x0000000000018230                _dl_receive_error
                0x0000000000018270                _dl_resolve_conflicts
                0x00000000000183e0                __brk
                0x00000000000183e0                brk
                0x0000000000018430                sbrk
                0x0000000000018430                __sbrk
                0x00000000000184c0                __getcwd
                0x00000000000184c0                getcwd
                0x00000000000188f0                openat64
                0x0000000000018950                __alloc_dir
                0x0000000000018a50                __opendir
                0x0000000000018a50                opendir
                0x0000000000018af0                __fxstatat
                0x0000000000018af0                __fxstatat64
                0x0000000000018af0                __GI___fxstatat64
 .text          0x0000000000018b40       0xd2 /home/holy/vscode_remote_setup/glibc-build/elf/rtld-libc.a(rtld-check_fds.os)
                0x0000000000018be0                __libc_check_standard_fds
 .text          0x0000000000018c12        0x0 /home/holy/vscode_remote_setup/glibc-build/elf/rtld-libc.a(rtld-errno.os)
 *fill*         0x0000000000018c12        0xe 
 .text          0x0000000000018c20       0x28 /home/holy/vscode_remote_setup/glibc-build/elf/rtld-libc.a(rtld-closedir.os)
                0x0000000000018c20                __closedir
                0x0000000000018c20                closedir
 *fill*         0x0000000000018c48        0x8 
 .text          0x0000000000018c50       0x30 /home/holy/vscode_remote_setup/glibc-build/elf/rtld-libc.a(rtld-rewinddir.os)
                0x0000000000018c50                rewinddir
                0x0000000000018c50                __rewinddir
 .text          0x0000000000018c80       0x8d /home/holy/vscode_remote_setup/glibc-build/elf/rtld-libc.a(rtld-readdir64.os)
                0x0000000000018c80                readdir
                0x0000000000018c80                __readdir64
                0x0000000000018c80                __readdir
                0x0000000000018c80                readdir64
 *fill*         0x0000000000018d0d        0x3 
 .text          0x0000000000018d10       0x9e /home/holy/vscode_remote_setup/glibc-build/elf/rtld-libc.a(rtld-fdopendir.os)
                0x0000000000018d10                fdopendir
                0x0000000000018d10                __fdopendir
 *fill*         0x0000000000018dae        0x2 
 .text          0x0000000000018db0       0x28 /home/holy/vscode_remote_setup/glibc-build/elf/rtld-libc.a(rtld-getdents64.os)
                0x0000000000018db0                __getdents
                0x0000000000018db0                __getdents64
 *fill*         0x0000000000018dd8        0x8 
 .text          0x0000000000018de0       0x53 /home/holy/vscode_remote_setup/glibc-build/elf/rtld-libc.a(rtld-dl-addr-obj.os)
                0x0000000000018de0                _dl_addr_inside_object
 *fill*         0x0000000000018e33        0xd 
 .text          0x0000000000018e40      0x103 /home/holy/vscode_remote_setup/glibc-build/elf/rtld-libc.a(rtld-profil.os)
                0x0000000000018e90                __profil
                0x0000000000018e90                profil
 *fill*         0x0000000000018f43        0xd 
 .text          0x0000000000018f50        0x7 /home/holy/vscode_remote_setup/glibc-build/elf/rtld-libc.a(rtld-prof-freq.os)
                0x0000000000018f50                __profile_frequency
 *fill*         0x0000000000018f57        0x9 
 .text          0x0000000000018f60       0x40 /home/holy/vscode_remote_setup/glibc-build/elf/rtld-libc.a(rtld-xstat.os)
                0x0000000000018f60                _xstat
                0x0000000000018f60                __xstat64
                0x0000000000018f60                __GI___xstat64
                0x0000000000018f60                __GI___xstat
                0x0000000000018f60                __xstat
 .text          0x0000000000018fa0       0x40 /home/holy/vscode_remote_setup/glibc-build/elf/rtld-libc.a(rtld-fxstat.os)
                0x0000000000018fa0                __GI___fxstat
                0x0000000000018fa0                __GI___fxstat64
                0x0000000000018fa0                __fxstat64
                0x0000000000018fa0                _fxstat
                0x0000000000018fa0                __fxstat
 .text          0x0000000000018fe0       0x40 /home/holy/vscode_remote_setup/glibc-build/elf/rtld-libc.a(rtld-lxstat.os)
                0x0000000000018fe0                __GI___lxstat
                0x0000000000018fe0                _lxstat
                0x0000000000018fe0                __lxstat
                0x0000000000018fe0                __lxstat64
                0x0000000000018fe0                __GI___lxstat64
 .text          0x0000000000019020       0x28 /home/holy/vscode_remote_setup/glibc-build/elf/rtld-libc.a(rtld-lseek64.os)
                0x0000000000019020                __lseek64
                0x0000000000019020                lseek
                0x0000000000019020                __libc_lseek64
                0x0000000000019020                __lseek
                0x0000000000019020                __libc_lseek
                0x0000000000019020                lseek64
 *fill*         0x0000000000019048        0x8 
 .text          0x0000000000019050       0x26 /home/holy/vscode_remote_setup/glibc-build/elf/rtld-libc.a(rtld-access.os)
                0x0000000000019050                access
                0x0000000000019050                __access
 *fill*         0x0000000000019076        0xa 
 .text          0x0000000000019080       0x26 /home/holy/vscode_remote_setup/glibc-build/elf/rtld-libc.a(rtld-close_nocancel.os)
                0x0000000000019080                __GI___close_nocancel
 *fill*         0x00000000000190a6        0xa 
 .text          0x00000000000190b0       0x8f /home/holy/vscode_remote_setup/glibc-build/elf/rtld-libc.a(rtld-fcntl_nocancel.os)
                0x00000000000190b0                __fcntl64_nocancel_adjusted
                0x0000000000019110                __fcntl64_nocancel
                0x0000000000019110                __GI___fcntl64_nocancel
 *fill*         0x000000000001913f        0x1 
 .text          0x0000000000019140       0x76 /home/holy/vscode_remote_setup/glibc-build/elf/rtld-libc.a(rtld-open64_nocancel.os)
                0x0000000000019140                __GI___open_nocancel
                0x0000000000019140                __open_nocancel
                0x0000000000019140                __GI___open64_nocancel
                0x0000000000019140                __open64_nocancel
 *fill*         0x00000000000191b6        0xa 
 .text          0x00000000000191c0       0x66 /home/holy/vscode_remote_setup/glibc-build/elf/rtld-libc.a(rtld-openat64_nocancel.os)
                0x00000000000191c0                __GI___openat64_nocancel
                0x00000000000191c0                __openat64_nocancel
                0x00000000000191c0                __GI___openat_nocancel
                0x00000000000191c0                __openat_nocancel
 *fill*         0x0000000000019226        0xa 
 .text          0x0000000000019230       0x20 /home/holy/vscode_remote_setup/glibc-build/elf/rtld-libc.a(rtld-read_nocancel.os)
                0x0000000000019230                __read_nocancel
                0x0000000000019230                __GI___read_nocancel
 .text          0x0000000000019250       0x28 /home/holy/vscode_remote_setup/glibc-build/elf/rtld-libc.a(rtld-write_nocancel.os)
                0x0000000000019250                __GI___write_nocancel
                0x0000000000019250                __write_nocancel
 *fill*         0x0000000000019278        0x8 
 .text          0x0000000000019280       0xb0 /home/holy/vscode_remote_setup/glibc-build/elf/rtld-libc.a(rtld-scratch_buffer_set_array_size.os)
                0x0000000000019280                __libc_scratch_buffer_set_array_size
 .text          0x0000000000019330       0xc1 /home/holy/vscode_remote_setup/glibc-build/elf/rtld-libc.a(rtld-mmap64.os)
                0x0000000000019330                __mmap
                0x0000000000019330                mmap
                0x0000000000019330                __mmap64
                0x0000000000019330                mmap64
 *fill*         0x00000000000193f1        0xf 
 .text          0x0000000000019400       0x20 /home/holy/vscode_remote_setup/glibc-build/elf/rtld-libc.a(rtld-munmap.os)
                0x0000000000019400                munmap
                0x0000000000019400                __GI___munmap
                0x0000000000019400                __GI_munmap
                0x0000000000019400                __munmap
 .text          0x0000000000019420       0x20 /home/holy/vscode_remote_setup/glibc-build/elf/rtld-libc.a(rtld-mprotect.os)
                0x0000000000019420                __mprotect
                0x0000000000019420                __GI___mprotect
                0x0000000000019420                __GI_mprotect
                0x0000000000019420                mprotect
 .text          0x0000000000019440       0x20 /home/holy/vscode_remote_setup/glibc-build/elf/rtld-libc.a(rtld-uname.os)
                0x0000000000019440                uname
                0x0000000000019440                __GI_uname
                0x0000000000019440                __uname
                0x0000000000019440                __GI___uname
 .text          0x0000000000019460       0x4a /home/holy/vscode_remote_setup/glibc-build/elf/rtld-libc.a(rtld-_exit.os)
                0x0000000000019460                _Exit
                0x0000000000019460                __GI__exit
                0x0000000000019460                _exit
 *fill*         0x00000000000194aa        0x6 
 .text          0x00000000000194b0        0x8 /home/holy/vscode_remote_setup/glibc-build/elf/rtld-libc.a(rtld-getpid.os)
                0x00000000000194b0                __getpid
                0x00000000000194b0                getpid
                0x00000000000194b0                __GI_getpid
                0x00000000000194b0                __GI___getpid
 .text          0x00000000000194b8        0x0 /home/holy/vscode_remote_setup/glibc-build/elf/rtld-libc.a(rtld-environ.os)
 *fill*         0x00000000000194b8        0x8 
 .text          0x00000000000194c0       0x4f /home/holy/vscode_remote_setup/glibc-build/elf/rtld-libc.a(rtld-setjmp.os)
                0x00000000000194c0                __sigsetjmp
                0x00000000000194c0                __GI___sigsetjmp
 *fill*         0x000000000001950f        0x1 
 .text          0x0000000000019510       0x4a /home/holy/vscode_remote_setup/glibc-build/elf/rtld-libc.a(rtld-__longjmp.os)
                0x0000000000019510                __longjmp
 *fill*         0x000000000001955a        0x6 
 .text          0x0000000000019560      0x1e8 /home/holy/vscode_remote_setup/glibc-build/elf/rtld-libc.a(rtld-sigaction.os)
                0x0000000000019580                __libc_sigaction
                0x0000000000019720                sigaction
                0x0000000000019720                __sigaction
 *fill*         0x0000000000019748        0x8 
 .text          0x0000000000019750       0x41 /home/holy/vscode_remote_setup/glibc-build/elf/rtld-libc.a(rtld-strdup.os)
                0x0000000000019750                __strdup
                0x0000000000019750                strdup
 *fill*         0x0000000000019791        0xf 
 .text          0x00000000000197a0     0x1439 /home/holy/vscode_remote_setup/glibc-build/elf/rtld-libc.a(rtld-strcmp-sse2.os)
                0x00000000000197a0                strcmp
 *fill*         0x000000000001abd9        0x7 
 .text          0x000000000001abe0     0x1849 /home/holy/vscode_remote_setup/glibc-build/elf/rtld-libc.a(rtld-strncmp-sse2.os)
                0x000000000001abe0                strncmp
 *fill*         0x000000000001c429        0x7 
 .text          0x000000000001c430      0x323 /home/holy/vscode_remote_setup/glibc-build/elf/rtld-libc.a(rtld-memchr-sse2.os)
                0x000000000001c430                memchr
                0x000000000001c430                __memchr
 *fill*         0x000000000001c753        0xd 
 .text          0x000000000001c760      0x1f9 /home/holy/vscode_remote_setup/glibc-build/elf/rtld-libc.a(rtld-rawmemchr-sse2.os)
                0x000000000001c760                __rawmemchr
                0x000000000001c760                rawmemchr
 *fill*         0x000000000001c959        0x7 
 .text          0x000000000001c960      0x400 /home/holy/vscode_remote_setup/glibc-build/elf/rtld-libc.a(rtld-memcmp-sse2.os)
                0x000000000001c960                bcmp
                0x000000000001c960                memcmp
 .text          0x000000000001cd60      0x21a /home/holy/vscode_remote_setup/glibc-build/elf/rtld-libc.a(rtld-strchr-sse2.os)
                0x000000000001cd60                index
                0x000000000001cd60                strchr
 *fill*         0x000000000001cf7a        0x6 
 .text          0x000000000001cf80      0x19c /home/holy/vscode_remote_setup/glibc-build/elf/rtld-libc.a(rtld-strlen-sse2.os)
                0x000000000001cf80                strlen
 *fill*         0x000000000001d11c        0x4 
 .text          0x000000000001d120      0x218 /home/holy/vscode_remote_setup/glibc-build/elf/rtld-libc.a(rtld-strnlen-sse2.os)
                0x000000000001d120                __strnlen
                0x000000000001d120                strnlen
 *fill*         0x000000000001d338        0x8 
 .text          0x000000000001d340       0xdc /home/holy/vscode_remote_setup/glibc-build/elf/rtld-libc.a(rtld-stpcpy-sse2.os)
                0x000000000001d340                stpcpy
                0x000000000001d340                __stpcpy
 *fill*         0x000000000001d41c        0x4 
 .text          0x000000000001d420       0x97 /home/holy/vscode_remote_setup/glibc-build/elf/rtld-libc.a(rtld-strcspn-sse2.os)
                0x000000000001d420                strcspn
 *fill*         0x000000000001d4b7        0x9 
 .text          0x000000000001d4c0      0x1ed /home/holy/vscode_remote_setup/glibc-build/elf/rtld-libc.a(rtld-memmove-sse2-unaligned-erms.os)
                0x000000000001d4c0                mempcpy
                0x000000000001d4c0                __mempcpy
                0x000000000001d4d0                memmove
                0x000000000001d4d0                memcpy
 *fill*         0x000000000001d6ad        0x3 
 .text          0x000000000001d6b0       0xda /home/holy/vscode_remote_setup/glibc-build/elf/rtld-libc.a(rtld-memset-sse2-unaligned-erms.os)
                0x000000000001d6b0                memset
 *fill*         0x000000000001d78a        0x6 
 .text          0x000000000001d790       0x20 /home/holy/vscode_remote_setup/glibc-build/elf/rtld-libc.a(rtld-setitimer.os)
                0x000000000001d790                setitimer
                0x000000000001d790                __setitimer
                0x000000000001d790                __GI_setitimer
                0x000000000001d790                __GI___setitimer
 *(.gnu.warning)

.text.unlikely  0x0000000000000000      0x172
 .text.unlikely
                0x0000000000000000      0x172 /home/holy/vscode_remote_setup/glibc-build/elf/dl-allobjs.os

.fini
 *(SORT_NONE(.fini))

.rodata         0x0000000000000000      0xdc8
 *(.rodata)
 .rodata        0x0000000000000000      0xd48 /home/holy/vscode_remote_setup/glibc-build/elf/dl-allobjs.os
                0x0000000000000ca0                __GI__itoa_lower_digits
                0x0000000000000ca0                _itoa_lower_digits
 .rodata        0x0000000000000d48       0x40 /home/holy/vscode_remote_setup/glibc-build/elf/rtld-libc.a(rtld-strcmp-sse2.os)
 .rodata        0x0000000000000d88       0x40 /home/holy/vscode_remote_setup/glibc-build/elf/rtld-libc.a(rtld-strncmp-sse2.os)

.rodata.str1.1  0x0000000000000000     0x1212
 .rodata.str1.1
                0x0000000000000000     0x11fe /home/holy/vscode_remote_setup/glibc-build/elf/dl-allobjs.os
 .rodata.str1.1
                0x00000000000011fe       0x14 /home/holy/vscode_remote_setup/glibc-build/elf/rtld-libc.a(rtld-check_fds.os)

.rodata.str1.8  0x0000000000000000     0x2541
 .rodata.str1.8
                0x0000000000000000     0x2541 /home/holy/vscode_remote_setup/glibc-build/elf/dl-allobjs.os

.rodata.str1.16
                0x0000000000000000      0x346
 .rodata.str1.16
                0x0000000000000000      0x346 /home/holy/vscode_remote_setup/glibc-build/elf/dl-allobjs.os

.rodata.cst16   0x0000000000000000       0x20
 .rodata.cst16  0x0000000000000000       0x20 /home/holy/vscode_remote_setup/glibc-build/elf/dl-allobjs.os

.rodata.cst4    0x0000000000000000        0x4
 .rodata.cst4   0x0000000000000000        0x4 /home/holy/vscode_remote_setup/glibc-build/elf/dl-allobjs.os

.rodata.str1.32
                0x0000000000000000       0x3b
 .rodata.str1.32
                0x0000000000000000       0x3b /home/holy/vscode_remote_setup/glibc-build/elf/dl-allobjs.os

.rodata1
 *(.rodata1)

.eh_frame_hdr
 *(.eh_frame_hdr)

.eh_frame       0x0000000000000000     0x2edc
 *(.eh_frame)
 .eh_frame      0x0000000000000000     0x2480 /home/holy/vscode_remote_setup/glibc-build/elf/dl-allobjs.os
                                       0x24c4 (size before relaxing)
 *fill*         0x0000000000002480        0x0 
 .eh_frame      0x0000000000002480       0x68 /home/holy/vscode_remote_setup/glibc-build/elf/rtld-libc.a(rtld-check_fds.os)
 .eh_frame      0x00000000000024e8       0x38 /home/holy/vscode_remote_setup/glibc-build/elf/rtld-libc.a(rtld-closedir.os)
 .eh_frame      0x0000000000002520       0x38 /home/holy/vscode_remote_setup/glibc-build/elf/rtld-libc.a(rtld-rewinddir.os)
 .eh_frame      0x0000000000002558       0x48 /home/holy/vscode_remote_setup/glibc-build/elf/rtld-libc.a(rtld-readdir64.os)
 .eh_frame      0x00000000000025a0       0x50 /home/holy/vscode_remote_setup/glibc-build/elf/rtld-libc.a(rtld-fdopendir.os)
 .eh_frame      0x00000000000025f0       0x30 /home/holy/vscode_remote_setup/glibc-build/elf/rtld-libc.a(rtld-getdents64.os)
 .eh_frame      0x0000000000002620       0x30 /home/holy/vscode_remote_setup/glibc-build/elf/rtld-libc.a(rtld-dl-addr-obj.os)
 .eh_frame      0x0000000000002650       0x48 /home/holy/vscode_remote_setup/glibc-build/elf/rtld-libc.a(rtld-profil.os)
 .eh_frame      0x0000000000002698       0x30 /home/holy/vscode_remote_setup/glibc-build/elf/rtld-libc.a(rtld-prof-freq.os)
 .eh_frame      0x00000000000026c8       0x30 /home/holy/vscode_remote_setup/glibc-build/elf/rtld-libc.a(rtld-xstat.os)
 .eh_frame      0x00000000000026f8       0x30 /home/holy/vscode_remote_setup/glibc-build/elf/rtld-libc.a(rtld-fxstat.os)
 .eh_frame      0x0000000000002728       0x30 /home/holy/vscode_remote_setup/glibc-build/elf/rtld-libc.a(rtld-lxstat.os)
 .eh_frame      0x0000000000002758       0x30 /home/holy/vscode_remote_setup/glibc-build/elf/rtld-libc.a(rtld-lseek64.os)
 .eh_frame      0x0000000000002788       0x30 /home/holy/vscode_remote_setup/glibc-build/elf/rtld-libc.a(rtld-access.os)
 .eh_frame      0x00000000000027b8       0x30 /home/holy/vscode_remote_setup/glibc-build/elf/rtld-libc.a(rtld-close_nocancel.os)
 .eh_frame      0x00000000000027e8       0x48 /home/holy/vscode_remote_setup/glibc-build/elf/rtld-libc.a(rtld-fcntl_nocancel.os)
 .eh_frame      0x0000000000002830       0x30 /home/holy/vscode_remote_setup/glibc-build/elf/rtld-libc.a(rtld-open64_nocancel.os)
 .eh_frame      0x0000000000002860       0x30 /home/holy/vscode_remote_setup/glibc-build/elf/rtld-libc.a(rtld-openat64_nocancel.os)
 .eh_frame      0x0000000000002890       0x30 /home/holy/vscode_remote_setup/glibc-build/elf/rtld-libc.a(rtld-read_nocancel.os)
 .eh_frame      0x00000000000028c0       0x30 /home/holy/vscode_remote_setup/glibc-build/elf/rtld-libc.a(rtld-write_nocancel.os)
 .eh_frame      0x00000000000028f0       0x60 /home/holy/vscode_remote_setup/glibc-build/elf/rtld-libc.a(rtld-scratch_buffer_set_array_size.os)
 .eh_frame      0x0000000000002950       0x70 /home/holy/vscode_remote_setup/glibc-build/elf/rtld-libc.a(rtld-mmap64.os)
 .eh_frame      0x00000000000029c0       0x30 /home/holy/vscode_remote_setup/glibc-build/elf/rtld-libc.a(rtld-munmap.os)
 .eh_frame      0x00000000000029f0       0x30 /home/holy/vscode_remote_setup/glibc-build/elf/rtld-libc.a(rtld-mprotect.os)
 .eh_frame      0x0000000000002a20       0x30 /home/holy/vscode_remote_setup/glibc-build/elf/rtld-libc.a(rtld-uname.os)
 .eh_frame      0x0000000000002a50       0x30 /home/holy/vscode_remote_setup/glibc-build/elf/rtld-libc.a(rtld-_exit.os)
 .eh_frame      0x0000000000002a80       0x30 /home/holy/vscode_remote_setup/glibc-build/elf/rtld-libc.a(rtld-getpid.os)
 .eh_frame      0x0000000000002ab0       0x30 /home/holy/vscode_remote_setup/glibc-build/elf/rtld-libc.a(rtld-setjmp.os)
 .eh_frame      0x0000000000002ae0       0x48 /home/holy/vscode_remote_setup/glibc-build/elf/rtld-libc.a(rtld-__longjmp.os)
 .eh_frame      0x0000000000002b28       0xe0 /home/holy/vscode_remote_setup/glibc-build/elf/rtld-libc.a(rtld-sigaction.os)
                                         0xe8 (size before relaxing)
 .eh_frame      0x0000000000002c08       0x50 /home/holy/vscode_remote_setup/glibc-build/elf/rtld-libc.a(rtld-strdup.os)
 .eh_frame      0x0000000000002c58       0x30 /home/holy/vscode_remote_setup/glibc-build/elf/rtld-libc.a(rtld-strcmp-sse2.os)
 .eh_frame      0x0000000000002c88       0x30 /home/holy/vscode_remote_setup/glibc-build/elf/rtld-libc.a(rtld-strncmp-sse2.os)
 .eh_frame      0x0000000000002cb8       0x30 /home/holy/vscode_remote_setup/glibc-build/elf/rtld-libc.a(rtld-memchr-sse2.os)
 .eh_frame      0x0000000000002ce8       0x30 /home/holy/vscode_remote_setup/glibc-build/elf/rtld-libc.a(rtld-rawmemchr-sse2.os)
 .eh_frame      0x0000000000002d18       0x30 /home/holy/vscode_remote_setup/glibc-build/elf/rtld-libc.a(rtld-memcmp-sse2.os)
 .eh_frame      0x0000000000002d48       0x30 /home/holy/vscode_remote_setup/glibc-build/elf/rtld-libc.a(rtld-strchr-sse2.os)
 .eh_frame      0x0000000000002d78       0x30 /home/holy/vscode_remote_setup/glibc-build/elf/rtld-libc.a(rtld-strlen-sse2.os)
 .eh_frame      0x0000000000002da8       0x30 /home/holy/vscode_remote_setup/glibc-build/elf/rtld-libc.a(rtld-strnlen-sse2.os)
 .eh_frame      0x0000000000002dd8       0x30 /home/holy/vscode_remote_setup/glibc-build/elf/rtld-libc.a(rtld-stpcpy-sse2.os)
 .eh_frame      0x0000000000002e08       0x38 /home/holy/vscode_remote_setup/glibc-build/elf/rtld-libc.a(rtld-strcspn-sse2.os)
 .eh_frame      0x0000000000002e40       0x40 /home/holy/vscode_remote_setup/glibc-build/elf/rtld-libc.a(rtld-memmove-sse2-unaligned-erms.os)
 .eh_frame      0x0000000000002e80       0x30 /home/holy/vscode_remote_setup/glibc-build/elf/rtld-libc.a(rtld-memset-sse2-unaligned-erms.os)
 .eh_frame      0x0000000000002eb0       0x2c /home/holy/vscode_remote_setup/glibc-build/elf/rtld-libc.a(rtld-setitimer.os)
                                         0x30 (size before relaxing)

.gcc_except_table
 *(.gcc_except_table .gcc_except_table.*)

.gnu_extab
 *(.gnu_extab*)

.exception_ranges
 *(.exception_ranges .exception_ranges*)

.eh_frame
 *(.eh_frame)

.gnu_extab
 *(.gnu_extab)

.gcc_except_table
 *(.gcc_except_table .gcc_except_table.*)

.exception_ranges
 *(.exception_ranges .exception_ranges*)

.tdata
 *(.tdata)

.tbss
 *(.tbss)

.jcr
 *(.jcr)

.dynamic
 *(.dynamic)

.got
 *(.got)
 *(.igot)

.got.plt
 *(.got.plt)
 *(.igot.plt)

.data           0x0000000000000000      0xf98
 *(.data)
 .data          0x0000000000000000      0xf98 /home/holy/vscode_remote_setup/glibc-build/elf/dl-allobjs.os
                0x0000000000000000                _rtld_global
                0x0000000000000000                _rtld_local
 .data          0x0000000000000f98        0x0 /home/holy/vscode_remote_setup/glibc-build/elf/rtld-libc.a(rtld-check_fds.os)
 .data          0x0000000000000f98        0x0 /home/holy/vscode_remote_setup/glibc-build/elf/rtld-libc.a(rtld-errno.os)
 .data          0x0000000000000f98        0x0 /home/holy/vscode_remote_setup/glibc-build/elf/rtld-libc.a(rtld-closedir.os)
 .data          0x0000000000000f98        0x0 /home/holy/vscode_remote_setup/glibc-build/elf/rtld-libc.a(rtld-rewinddir.os)
 .data          0x0000000000000f98        0x0 /home/holy/vscode_remote_setup/glibc-build/elf/rtld-libc.a(rtld-readdir64.os)
 .data          0x0000000000000f98        0x0 /home/holy/vscode_remote_setup/glibc-build/elf/rtld-libc.a(rtld-fdopendir.os)
 .data          0x0000000000000f98        0x0 /home/holy/vscode_remote_setup/glibc-build/elf/rtld-libc.a(rtld-getdents64.os)
 .data          0x0000000000000f98        0x0 /home/holy/vscode_remote_setup/glibc-build/elf/rtld-libc.a(rtld-dl-addr-obj.os)
 .data          0x0000000000000f98        0x0 /home/holy/vscode_remote_setup/glibc-build/elf/rtld-libc.a(rtld-profil.os)
 .data          0x0000000000000f98        0x0 /home/holy/vscode_remote_setup/glibc-build/elf/rtld-libc.a(rtld-prof-freq.os)
 .data          0x0000000000000f98        0x0 /home/holy/vscode_remote_setup/glibc-build/elf/rtld-libc.a(rtld-xstat.os)
 .data          0x0000000000000f98        0x0 /home/holy/vscode_remote_setup/glibc-build/elf/rtld-libc.a(rtld-fxstat.os)
 .data          0x0000000000000f98        0x0 /home/holy/vscode_remote_setup/glibc-build/elf/rtld-libc.a(rtld-lxstat.os)
 .data          0x0000000000000f98        0x0 /home/holy/vscode_remote_setup/glibc-build/elf/rtld-libc.a(rtld-lseek64.os)
 .data          0x0000000000000f98        0x0 /home/holy/vscode_remote_setup/glibc-build/elf/rtld-libc.a(rtld-access.os)
 .data          0x0000000000000f98        0x0 /home/holy/vscode_remote_setup/glibc-build/elf/rtld-libc.a(rtld-close_nocancel.os)
 .data          0x0000000000000f98        0x0 /home/holy/vscode_remote_setup/glibc-build/elf/rtld-libc.a(rtld-fcntl_nocancel.os)
 .data          0x0000000000000f98        0x0 /home/holy/vscode_remote_setup/glibc-build/elf/rtld-libc.a(rtld-open64_nocancel.os)
 .data          0x0000000000000f98        0x0 /home/holy/vscode_remote_setup/glibc-build/elf/rtld-libc.a(rtld-openat64_nocancel.os)
 .data          0x0000000000000f98        0x0 /home/holy/vscode_remote_setup/glibc-build/elf/rtld-libc.a(rtld-read_nocancel.os)
 .data          0x0000000000000f98        0x0 /home/holy/vscode_remote_setup/glibc-build/elf/rtld-libc.a(rtld-write_nocancel.os)
 .data          0x0000000000000f98        0x0 /home/holy/vscode_remote_setup/glibc-build/elf/rtld-libc.a(rtld-scratch_buffer_set_array_size.os)
 .data          0x0000000000000f98        0x0 /home/holy/vscode_remote_setup/glibc-build/elf/rtld-libc.a(rtld-mmap64.os)
 .data          0x0000000000000f98        0x0 /home/holy/vscode_remote_setup/glibc-build/elf/rtld-libc.a(rtld-munmap.os)
 .data          0x0000000000000f98        0x0 /home/holy/vscode_remote_setup/glibc-build/elf/rtld-libc.a(rtld-mprotect.os)
 .data          0x0000000000000f98        0x0 /home/holy/vscode_remote_setup/glibc-build/elf/rtld-libc.a(rtld-uname.os)
 .data          0x0000000000000f98        0x0 /home/holy/vscode_remote_setup/glibc-build/elf/rtld-libc.a(rtld-_exit.os)
 .data          0x0000000000000f98        0x0 /home/holy/vscode_remote_setup/glibc-build/elf/rtld-libc.a(rtld-getpid.os)
 .data          0x0000000000000f98        0x0 /home/holy/vscode_remote_setup/glibc-build/elf/rtld-libc.a(rtld-environ.os)
 .data          0x0000000000000f98        0x0 /home/holy/vscode_remote_setup/glibc-build/elf/rtld-libc.a(rtld-setjmp.os)
 .data          0x0000000000000f98        0x0 /home/holy/vscode_remote_setup/glibc-build/elf/rtld-libc.a(rtld-__longjmp.os)
 .data          0x0000000000000f98        0x0 /home/holy/vscode_remote_setup/glibc-build/elf/rtld-libc.a(rtld-sigaction.os)
 .data          0x0000000000000f98        0x0 /home/holy/vscode_remote_setup/glibc-build/elf/rtld-libc.a(rtld-strdup.os)
 .data          0x0000000000000f98        0x0 /home/holy/vscode_remote_setup/glibc-build/elf/rtld-libc.a(rtld-strcmp-sse2.os)
 .data          0x0000000000000f98        0x0 /home/holy/vscode_remote_setup/glibc-build/elf/rtld-libc.a(rtld-strncmp-sse2.os)
 .data          0x0000000000000f98        0x0 /home/holy/vscode_remote_setup/glibc-build/elf/rtld-libc.a(rtld-memchr-sse2.os)
 .data          0x0000000000000f98        0x0 /home/holy/vscode_remote_setup/glibc-build/elf/rtld-libc.a(rtld-rawmemchr-sse2.os)
 .data          0x0000000000000f98        0x0 /home/holy/vscode_remote_setup/glibc-build/elf/rtld-libc.a(rtld-memcmp-sse2.os)
 .data          0x0000000000000f98        0x0 /home/holy/vscode_remote_setup/glibc-build/elf/rtld-libc.a(rtld-strchr-sse2.os)
 .data          0x0000000000000f98        0x0 /home/holy/vscode_remote_setup/glibc-build/elf/rtld-libc.a(rtld-strlen-sse2.os)
 .data          0x0000000000000f98        0x0 /home/holy/vscode_remote_setup/glibc-build/elf/rtld-libc.a(rtld-strnlen-sse2.os)
 .data          0x0000000000000f98        0x0 /home/holy/vscode_remote_setup/glibc-build/elf/rtld-libc.a(rtld-stpcpy-sse2.os)
 .data          0x0000000000000f98        0x0 /home/holy/vscode_remote_setup/glibc-build/elf/rtld-libc.a(rtld-strcspn-sse2.os)
 .data          0x0000000000000f98        0x0 /home/holy/vscode_remote_setup/glibc-build/elf/rtld-libc.a(rtld-memmove-sse2-unaligned-erms.os)
 .data          0x0000000000000f98        0x0 /home/holy/vscode_remote_setup/glibc-build/elf/rtld-libc.a(rtld-memset-sse2-unaligned-erms.os)
 .data          0x0000000000000f98        0x0 /home/holy/vscode_remote_setup/glibc-build/elf/rtld-libc.a(rtld-setitimer.os)

.data.rel.ro    0x0000000000000000      0x834
 .data.rel.ro   0x0000000000000000      0x834 /home/holy/vscode_remote_setup/glibc-build/elf/dl-allobjs.os
                0x00000000000000b0                __pointer_chk_guard_local
                0x00000000000000b8                _dl_skip_args
                0x00000000000000c0                __GI__dl_argv
                0x00000000000000c0                _dl_argv
                0x00000000000000c8                _dl_argc
                0x00000000000000e0                _rtld_global_ro
                0x00000000000000e0                _rtld_local_ro
                0x00000000000002d0                __stack_prot
                0x0000000000000820                _dl_random
                0x0000000000000828                __libc_stack_end
                0x0000000000000828                __GI___libc_stack_end
                0x0000000000000830                __GI___libc_enable_secure
                0x0000000000000830                __libc_enable_secure

.data1
 *(.data1)

.bss            0x0000000000000000      0x140
 *(.bss)
 .bss           0x0000000000000000      0x118 /home/holy/vscode_remote_setup/glibc-build/elf/dl-allobjs.os
                0x00000000000000e0                __libc_multiple_libcs
                0x0000000000000110                __curbrk
 .bss           0x0000000000000118        0x0 /home/holy/vscode_remote_setup/glibc-build/elf/rtld-libc.a(rtld-check_fds.os)
 .bss           0x0000000000000118        0x0 /home/holy/vscode_remote_setup/glibc-build/elf/rtld-libc.a(rtld-errno.os)
 .bss           0x0000000000000118        0x0 /home/holy/vscode_remote_setup/glibc-build/elf/rtld-libc.a(rtld-closedir.os)
 .bss           0x0000000000000118        0x0 /home/holy/vscode_remote_setup/glibc-build/elf/rtld-libc.a(rtld-rewinddir.os)
 .bss           0x0000000000000118        0x0 /home/holy/vscode_remote_setup/glibc-build/elf/rtld-libc.a(rtld-readdir64.os)
 .bss           0x0000000000000118        0x0 /home/holy/vscode_remote_setup/glibc-build/elf/rtld-libc.a(rtld-fdopendir.os)
 .bss           0x0000000000000118        0x0 /home/holy/vscode_remote_setup/glibc-build/elf/rtld-libc.a(rtld-getdents64.os)
 .bss           0x0000000000000118        0x0 /home/holy/vscode_remote_setup/glibc-build/elf/rtld-libc.a(rtld-dl-addr-obj.os)
 .bss           0x0000000000000118       0x20 /home/holy/vscode_remote_setup/glibc-build/elf/rtld-libc.a(rtld-profil.os)
 .bss           0x0000000000000138        0x0 /home/holy/vscode_remote_setup/glibc-build/elf/rtld-libc.a(rtld-prof-freq.os)
 .bss           0x0000000000000138        0x0 /home/holy/vscode_remote_setup/glibc-build/elf/rtld-libc.a(rtld-xstat.os)
 .bss           0x0000000000000138        0x0 /home/holy/vscode_remote_setup/glibc-build/elf/rtld-libc.a(rtld-fxstat.os)
 .bss           0x0000000000000138        0x0 /home/holy/vscode_remote_setup/glibc-build/elf/rtld-libc.a(rtld-lxstat.os)
 .bss           0x0000000000000138        0x0 /home/holy/vscode_remote_setup/glibc-build/elf/rtld-libc.a(rtld-lseek64.os)
 .bss           0x0000000000000138        0x0 /home/holy/vscode_remote_setup/glibc-build/elf/rtld-libc.a(rtld-access.os)
 .bss           0x0000000000000138        0x0 /home/holy/vscode_remote_setup/glibc-build/elf/rtld-libc.a(rtld-close_nocancel.os)
 .bss           0x0000000000000138        0x0 /home/holy/vscode_remote_setup/glibc-build/elf/rtld-libc.a(rtld-fcntl_nocancel.os)
 .bss           0x0000000000000138        0x0 /home/holy/vscode_remote_setup/glibc-build/elf/rtld-libc.a(rtld-open64_nocancel.os)
 .bss           0x0000000000000138        0x0 /home/holy/vscode_remote_setup/glibc-build/elf/rtld-libc.a(rtld-openat64_nocancel.os)
 .bss           0x0000000000000138        0x0 /home/holy/vscode_remote_setup/glibc-build/elf/rtld-libc.a(rtld-read_nocancel.os)
 .bss           0x0000000000000138        0x0 /home/holy/vscode_remote_setup/glibc-build/elf/rtld-libc.a(rtld-write_nocancel.os)
 .bss           0x0000000000000138        0x0 /home/holy/vscode_remote_setup/glibc-build/elf/rtld-libc.a(rtld-scratch_buffer_set_array_size.os)
 .bss           0x0000000000000138        0x0 /home/holy/vscode_remote_setup/glibc-build/elf/rtld-libc.a(rtld-mmap64.os)
 .bss           0x0000000000000138        0x0 /home/holy/vscode_remote_setup/glibc-build/elf/rtld-libc.a(rtld-munmap.os)
 .bss           0x0000000000000138        0x0 /home/holy/vscode_remote_setup/glibc-build/elf/rtld-libc.a(rtld-mprotect.os)
 .bss           0x0000000000000138        0x0 /home/holy/vscode_remote_setup/glibc-build/elf/rtld-libc.a(rtld-uname.os)
 .bss           0x0000000000000138        0x0 /home/holy/vscode_remote_setup/glibc-build/elf/rtld-libc.a(rtld-_exit.os)
 .bss           0x0000000000000138        0x0 /home/holy/vscode_remote_setup/glibc-build/elf/rtld-libc.a(rtld-getpid.os)
 .bss           0x0000000000000138        0x8 /home/holy/vscode_remote_setup/glibc-build/elf/rtld-libc.a(rtld-environ.os)
                0x0000000000000138                _environ
                0x0000000000000138                __environ
                0x0000000000000138                environ
 .bss           0x0000000000000140        0x0 /home/holy/vscode_remote_setup/glibc-build/elf/rtld-libc.a(rtld-setjmp.os)
 .bss           0x0000000000000140        0x0 /home/holy/vscode_remote_setup/glibc-build/elf/rtld-libc.a(rtld-__longjmp.os)
 .bss           0x0000000000000140        0x0 /home/holy/vscode_remote_setup/glibc-build/elf/rtld-libc.a(rtld-sigaction.os)
 .bss           0x0000000000000140        0x0 /home/holy/vscode_remote_setup/glibc-build/elf/rtld-libc.a(rtld-strdup.os)
 .bss           0x0000000000000140        0x0 /home/holy/vscode_remote_setup/glibc-build/elf/rtld-libc.a(rtld-strcmp-sse2.os)
 .bss           0x0000000000000140        0x0 /home/holy/vscode_remote_setup/glibc-build/elf/rtld-libc.a(rtld-strncmp-sse2.os)
 .bss           0x0000000000000140        0x0 /home/holy/vscode_remote_setup/glibc-build/elf/rtld-libc.a(rtld-memchr-sse2.os)
 .bss           0x0000000000000140        0x0 /home/holy/vscode_remote_setup/glibc-build/elf/rtld-libc.a(rtld-rawmemchr-sse2.os)
 .bss           0x0000000000000140        0x0 /home/holy/vscode_remote_setup/glibc-build/elf/rtld-libc.a(rtld-memcmp-sse2.os)
 .bss           0x0000000000000140        0x0 /home/holy/vscode_remote_setup/glibc-build/elf/rtld-libc.a(rtld-strchr-sse2.os)
 .bss           0x0000000000000140        0x0 /home/holy/vscode_remote_setup/glibc-build/elf/rtld-libc.a(rtld-strlen-sse2.os)
 .bss           0x0000000000000140        0x0 /home/holy/vscode_remote_setup/glibc-build/elf/rtld-libc.a(rtld-strnlen-sse2.os)
 .bss           0x0000000000000140        0x0 /home/holy/vscode_remote_setup/glibc-build/elf/rtld-libc.a(rtld-stpcpy-sse2.os)
 .bss           0x0000000000000140        0x0 /home/holy/vscode_remote_setup/glibc-build/elf/rtld-libc.a(rtld-strcspn-sse2.os)
 .bss           0x0000000000000140        0x0 /home/holy/vscode_remote_setup/glibc-build/elf/rtld-libc.a(rtld-memmove-sse2-unaligned-erms.os)
 .bss           0x0000000000000140        0x0 /home/holy/vscode_remote_setup/glibc-build/elf/rtld-libc.a(rtld-memset-sse2-unaligned-erms.os)
 .bss           0x0000000000000140        0x0 /home/holy/vscode_remote_setup/glibc-build/elf/rtld-libc.a(rtld-setitimer.os)
 *(COMMON)
 COMMON         0x0000000000000140        0x0 /home/holy/vscode_remote_setup/glibc-build/elf/dl-allobjs.os
 COMMON         0x0000000000000140        0x0 /home/holy/vscode_remote_setup/glibc-build/elf/rtld-libc.a(rtld-errno.os)

.lbss
 *(.dynlbss)
 *(.lbss)
 *(LARGE_COMMON)

.lrodata
 *(.lrodata)

.ldata
 *(.ldata)

.stab
 *(.stab)

.stabstr
 *(.stabstr)

.stab.excl
 *(.stab.excl)

.stab.exclstr
 *(.stab.exclstr)

.stab.index
 *(.stab.index)

.stab.indexstr
 *(.stab.indexstr)

.comment        0x0000000000000000      0xa80
 *(.comment)
 .comment       0x0000000000000000      0x612 /home/holy/vscode_remote_setup/glibc-build/elf/dl-allobjs.os
 .comment       0x0000000000000612       0x2a /home/holy/vscode_remote_setup/glibc-build/elf/rtld-libc.a(rtld-check_fds.os)
 .comment       0x000000000000063c       0x2a /home/holy/vscode_remote_setup/glibc-build/elf/rtld-libc.a(rtld-errno.os)
 .comment       0x0000000000000666       0x2a /home/holy/vscode_remote_setup/glibc-build/elf/rtld-libc.a(rtld-closedir.os)
 .comment       0x0000000000000690       0x2a /home/holy/vscode_remote_setup/glibc-build/elf/rtld-libc.a(rtld-rewinddir.os)
 .comment       0x00000000000006ba       0x2a /home/holy/vscode_remote_setup/glibc-build/elf/rtld-libc.a(rtld-readdir64.os)
 .comment       0x00000000000006e4       0x2a /home/holy/vscode_remote_setup/glibc-build/elf/rtld-libc.a(rtld-fdopendir.os)
 .comment       0x000000000000070e       0x2a /home/holy/vscode_remote_setup/glibc-build/elf/rtld-libc.a(rtld-getdents64.os)
 .comment       0x0000000000000738       0x2a /home/holy/vscode_remote_setup/glibc-build/elf/rtld-libc.a(rtld-dl-addr-obj.os)
 .comment       0x0000000000000762       0x2a /home/holy/vscode_remote_setup/glibc-build/elf/rtld-libc.a(rtld-profil.os)
 .comment       0x000000000000078c       0x2a /home/holy/vscode_remote_setup/glibc-build/elf/rtld-libc.a(rtld-prof-freq.os)
 .comment       0x00000000000007b6       0x2a /home/holy/vscode_remote_setup/glibc-build/elf/rtld-libc.a(rtld-xstat.os)
 .comment       0x00000000000007e0       0x2a /home/holy/vscode_remote_setup/glibc-build/elf/rtld-libc.a(rtld-fxstat.os)
 .comment       0x000000000000080a       0x2a /home/holy/vscode_remote_setup/glibc-build/elf/rtld-libc.a(rtld-lxstat.os)
 .comment       0x0000000000000834       0x2a /home/holy/vscode_remote_setup/glibc-build/elf/rtld-libc.a(rtld-lseek64.os)
 .comment       0x000000000000085e       0x2a /home/holy/vscode_remote_setup/glibc-build/elf/rtld-libc.a(rtld-access.os)
 .comment       0x0000000000000888       0x2a /home/holy/vscode_remote_setup/glibc-build/elf/rtld-libc.a(rtld-close_nocancel.os)
 .comment       0x00000000000008b2       0x2a /home/holy/vscode_remote_setup/glibc-build/elf/rtld-libc.a(rtld-fcntl_nocancel.os)
 .comment       0x00000000000008dc       0x2a /home/holy/vscode_remote_setup/glibc-build/elf/rtld-libc.a(rtld-open64_nocancel.os)
 .comment       0x0000000000000906       0x2a /home/holy/vscode_remote_setup/glibc-build/elf/rtld-libc.a(rtld-openat64_nocancel.os)
 .comment       0x0000000000000930       0x2a /home/holy/vscode_remote_setup/glibc-build/elf/rtld-libc.a(rtld-read_nocancel.os)
 .comment       0x000000000000095a       0x2a /home/holy/vscode_remote_setup/glibc-build/elf/rtld-libc.a(rtld-write_nocancel.os)
 .comment       0x0000000000000984       0x2a /home/holy/vscode_remote_setup/glibc-build/elf/rtld-libc.a(rtld-scratch_buffer_set_array_size.os)
 .comment       0x00000000000009ae       0x2a /home/holy/vscode_remote_setup/glibc-build/elf/rtld-libc.a(rtld-mmap64.os)
 .comment       0x00000000000009d8       0x2a /home/holy/vscode_remote_setup/glibc-build/elf/rtld-libc.a(rtld-_exit.os)
 .comment       0x0000000000000a02       0x2a /home/holy/vscode_remote_setup/glibc-build/elf/rtld-libc.a(rtld-environ.os)
 .comment       0x0000000000000a2c       0x2a /home/holy/vscode_remote_setup/glibc-build/elf/rtld-libc.a(rtld-sigaction.os)
 .comment       0x0000000000000a56       0x2a /home/holy/vscode_remote_setup/glibc-build/elf/rtld-libc.a(rtld-strdup.os)

.note.GNU-stack
                0x0000000000000000        0x0
 .note.GNU-stack
                0x0000000000000000        0x0 /home/holy/vscode_remote_setup/glibc-build/elf/dl-allobjs.os
 .note.GNU-stack
                0x0000000000000000        0x0 /home/holy/vscode_remote_setup/glibc-build/elf/rtld-libc.a(rtld-check_fds.os)
 .note.GNU-stack
                0x0000000000000000        0x0 /home/holy/vscode_remote_setup/glibc-build/elf/rtld-libc.a(rtld-errno.os)
 .note.GNU-stack
                0x0000000000000000        0x0 /home/holy/vscode_remote_setup/glibc-build/elf/rtld-libc.a(rtld-closedir.os)
 .note.GNU-stack
                0x0000000000000000        0x0 /home/holy/vscode_remote_setup/glibc-build/elf/rtld-libc.a(rtld-rewinddir.os)
 .note.GNU-stack
                0x0000000000000000        0x0 /home/holy/vscode_remote_setup/glibc-build/elf/rtld-libc.a(rtld-readdir64.os)
 .note.GNU-stack
                0x0000000000000000        0x0 /home/holy/vscode_remote_setup/glibc-build/elf/rtld-libc.a(rtld-fdopendir.os)
 .note.GNU-stack
                0x0000000000000000        0x0 /home/holy/vscode_remote_setup/glibc-build/elf/rtld-libc.a(rtld-getdents64.os)
 .note.GNU-stack
                0x0000000000000000        0x0 /home/holy/vscode_remote_setup/glibc-build/elf/rtld-libc.a(rtld-dl-addr-obj.os)
 .note.GNU-stack
                0x0000000000000000        0x0 /home/holy/vscode_remote_setup/glibc-build/elf/rtld-libc.a(rtld-profil.os)
 .note.GNU-stack
                0x0000000000000000        0x0 /home/holy/vscode_remote_setup/glibc-build/elf/rtld-libc.a(rtld-prof-freq.os)
 .note.GNU-stack
                0x0000000000000000        0x0 /home/holy/vscode_remote_setup/glibc-build/elf/rtld-libc.a(rtld-xstat.os)
 .note.GNU-stack
                0x0000000000000000        0x0 /home/holy/vscode_remote_setup/glibc-build/elf/rtld-libc.a(rtld-fxstat.os)
 .note.GNU-stack
                0x0000000000000000        0x0 /home/holy/vscode_remote_setup/glibc-build/elf/rtld-libc.a(rtld-lxstat.os)
 .note.GNU-stack
                0x0000000000000000        0x0 /home/holy/vscode_remote_setup/glibc-build/elf/rtld-libc.a(rtld-lseek64.os)
 .note.GNU-stack
                0x0000000000000000        0x0 /home/holy/vscode_remote_setup/glibc-build/elf/rtld-libc.a(rtld-access.os)
 .note.GNU-stack
                0x0000000000000000        0x0 /home/holy/vscode_remote_setup/glibc-build/elf/rtld-libc.a(rtld-close_nocancel.os)
 .note.GNU-stack
                0x0000000000000000        0x0 /home/holy/vscode_remote_setup/glibc-build/elf/rtld-libc.a(rtld-fcntl_nocancel.os)
 .note.GNU-stack
                0x0000000000000000        0x0 /home/holy/vscode_remote_setup/glibc-build/elf/rtld-libc.a(rtld-open64_nocancel.os)
 .note.GNU-stack
                0x0000000000000000        0x0 /home/holy/vscode_remote_setup/glibc-build/elf/rtld-libc.a(rtld-openat64_nocancel.os)
 .note.GNU-stack
                0x0000000000000000        0x0 /home/holy/vscode_remote_setup/glibc-build/elf/rtld-libc.a(rtld-read_nocancel.os)
 .note.GNU-stack
                0x0000000000000000        0x0 /home/holy/vscode_remote_setup/glibc-build/elf/rtld-libc.a(rtld-write_nocancel.os)
 .note.GNU-stack
                0x0000000000000000        0x0 /home/holy/vscode_remote_setup/glibc-build/elf/rtld-libc.a(rtld-scratch_buffer_set_array_size.os)
 .note.GNU-stack
                0x0000000000000000        0x0 /home/holy/vscode_remote_setup/glibc-build/elf/rtld-libc.a(rtld-mmap64.os)
 .note.GNU-stack
                0x0000000000000000        0x0 /home/holy/vscode_remote_setup/glibc-build/elf/rtld-libc.a(rtld-munmap.os)
 .note.GNU-stack
                0x0000000000000000        0x0 /home/holy/vscode_remote_setup/glibc-build/elf/rtld-libc.a(rtld-mprotect.os)
 .note.GNU-stack
                0x0000000000000000        0x0 /home/holy/vscode_remote_setup/glibc-build/elf/rtld-libc.a(rtld-uname.os)
 .note.GNU-stack
                0x0000000000000000        0x0 /home/holy/vscode_remote_setup/glibc-build/elf/rtld-libc.a(rtld-_exit.os)
 .note.GNU-stack
                0x0000000000000000        0x0 /home/holy/vscode_remote_setup/glibc-build/elf/rtld-libc.a(rtld-getpid.os)
 .note.GNU-stack
                0x0000000000000000        0x0 /home/holy/vscode_remote_setup/glibc-build/elf/rtld-libc.a(rtld-environ.os)
 .note.GNU-stack
                0x0000000000000000        0x0 /home/holy/vscode_remote_setup/glibc-build/elf/rtld-libc.a(rtld-setjmp.os)
 .note.GNU-stack
                0x0000000000000000        0x0 /home/holy/vscode_remote_setup/glibc-build/elf/rtld-libc.a(rtld-__longjmp.os)
 .note.GNU-stack
                0x0000000000000000        0x0 /home/holy/vscode_remote_setup/glibc-build/elf/rtld-libc.a(rtld-sigaction.os)
 .note.GNU-stack
                0x0000000000000000        0x0 /home/holy/vscode_remote_setup/glibc-build/elf/rtld-libc.a(rtld-strdup.os)
 .note.GNU-stack
                0x0000000000000000        0x0 /home/holy/vscode_remote_setup/glibc-build/elf/rtld-libc.a(rtld-strcmp-sse2.os)
 .note.GNU-stack
                0x0000000000000000        0x0 /home/holy/vscode_remote_setup/glibc-build/elf/rtld-libc.a(rtld-strncmp-sse2.os)
 .note.GNU-stack
                0x0000000000000000        0x0 /home/holy/vscode_remote_setup/glibc-build/elf/rtld-libc.a(rtld-memchr-sse2.os)
 .note.GNU-stack
                0x0000000000000000        0x0 /home/holy/vscode_remote_setup/glibc-build/elf/rtld-libc.a(rtld-rawmemchr-sse2.os)
 .note.GNU-stack
                0x0000000000000000        0x0 /home/holy/vscode_remote_setup/glibc-build/elf/rtld-libc.a(rtld-memcmp-sse2.os)
 .note.GNU-stack
                0x0000000000000000        0x0 /home/holy/vscode_remote_setup/glibc-build/elf/rtld-libc.a(rtld-strchr-sse2.os)
 .note.GNU-stack
                0x0000000000000000        0x0 /home/holy/vscode_remote_setup/glibc-build/elf/rtld-libc.a(rtld-strlen-sse2.os)
 .note.GNU-stack
                0x0000000000000000        0x0 /home/holy/vscode_remote_setup/glibc-build/elf/rtld-libc.a(rtld-strnlen-sse2.os)
 .note.GNU-stack
                0x0000000000000000        0x0 /home/holy/vscode_remote_setup/glibc-build/elf/rtld-libc.a(rtld-stpcpy-sse2.os)
 .note.GNU-stack
                0x0000000000000000        0x0 /home/holy/vscode_remote_setup/glibc-build/elf/rtld-libc.a(rtld-strcspn-sse2.os)
 .note.GNU-stack
                0x0000000000000000        0x0 /home/holy/vscode_remote_setup/glibc-build/elf/rtld-libc.a(rtld-memmove-sse2-unaligned-erms.os)
 .note.GNU-stack
                0x0000000000000000        0x0 /home/holy/vscode_remote_setup/glibc-build/elf/rtld-libc.a(rtld-memset-sse2-unaligned-erms.os)
 .note.GNU-stack
                0x0000000000000000        0x0 /home/holy/vscode_remote_setup/glibc-build/elf/rtld-libc.a(rtld-setitimer.os)

.debug
 *(.debug)

.line
 *(.line)

.debug_srcinfo
 *(.debug_srcinfo)

.debug_sfnames
 *(.debug_sfnames)

.debug_aranges  0x0000000000000000     0x1020
 *(.debug_aranges)
 .debug_aranges
                0x0000000000000000      0x7a0 /home/holy/vscode_remote_setup/glibc-build/elf/dl-allobjs.os
 .debug_aranges
                0x00000000000007a0       0x30 /home/holy/vscode_remote_setup/glibc-build/elf/rtld-libc.a(rtld-check_fds.os)
 .debug_aranges
                0x00000000000007d0       0x20 /home/holy/vscode_remote_setup/glibc-build/elf/rtld-libc.a(rtld-errno.os)
 .debug_aranges
                0x00000000000007f0       0x30 /home/holy/vscode_remote_setup/glibc-build/elf/rtld-libc.a(rtld-closedir.os)
 .debug_aranges
                0x0000000000000820       0x30 /home/holy/vscode_remote_setup/glibc-build/elf/rtld-libc.a(rtld-rewinddir.os)
 .debug_aranges
                0x0000000000000850       0x30 /home/holy/vscode_remote_setup/glibc-build/elf/rtld-libc.a(rtld-readdir64.os)
 .debug_aranges
                0x0000000000000880       0x30 /home/holy/vscode_remote_setup/glibc-build/elf/rtld-libc.a(rtld-fdopendir.os)
 .debug_aranges
                0x00000000000008b0       0x30 /home/holy/vscode_remote_setup/glibc-build/elf/rtld-libc.a(rtld-getdents64.os)
 .debug_aranges
                0x00000000000008e0       0x30 /home/holy/vscode_remote_setup/glibc-build/elf/rtld-libc.a(rtld-dl-addr-obj.os)
 .debug_aranges
                0x0000000000000910       0x30 /home/holy/vscode_remote_setup/glibc-build/elf/rtld-libc.a(rtld-profil.os)
 .debug_aranges
                0x0000000000000940       0x30 /home/holy/vscode_remote_setup/glibc-build/elf/rtld-libc.a(rtld-prof-freq.os)
 .debug_aranges
                0x0000000000000970       0x30 /home/holy/vscode_remote_setup/glibc-build/elf/rtld-libc.a(rtld-xstat.os)
 .debug_aranges
                0x00000000000009a0       0x30 /home/holy/vscode_remote_setup/glibc-build/elf/rtld-libc.a(rtld-fxstat.os)
 .debug_aranges
                0x00000000000009d0       0x30 /home/holy/vscode_remote_setup/glibc-build/elf/rtld-libc.a(rtld-lxstat.os)
 .debug_aranges
                0x0000000000000a00       0x30 /home/holy/vscode_remote_setup/glibc-build/elf/rtld-libc.a(rtld-lseek64.os)
 .debug_aranges
                0x0000000000000a30       0x30 /home/holy/vscode_remote_setup/glibc-build/elf/rtld-libc.a(rtld-access.os)
 .debug_aranges
                0x0000000000000a60       0x30 /home/holy/vscode_remote_setup/glibc-build/elf/rtld-libc.a(rtld-close_nocancel.os)
 .debug_aranges
                0x0000000000000a90       0x30 /home/holy/vscode_remote_setup/glibc-build/elf/rtld-libc.a(rtld-fcntl_nocancel.os)
 .debug_aranges
                0x0000000000000ac0       0x30 /home/holy/vscode_remote_setup/glibc-build/elf/rtld-libc.a(rtld-open64_nocancel.os)
 .debug_aranges
                0x0000000000000af0       0x30 /home/holy/vscode_remote_setup/glibc-build/elf/rtld-libc.a(rtld-openat64_nocancel.os)
 .debug_aranges
                0x0000000000000b20       0x30 /home/holy/vscode_remote_setup/glibc-build/elf/rtld-libc.a(rtld-read_nocancel.os)
 .debug_aranges
                0x0000000000000b50       0x30 /home/holy/vscode_remote_setup/glibc-build/elf/rtld-libc.a(rtld-write_nocancel.os)
 .debug_aranges
                0x0000000000000b80       0x30 /home/holy/vscode_remote_setup/glibc-build/elf/rtld-libc.a(rtld-scratch_buffer_set_array_size.os)
 .debug_aranges
                0x0000000000000bb0       0x30 /home/holy/vscode_remote_setup/glibc-build/elf/rtld-libc.a(rtld-mmap64.os)
 .debug_aranges
                0x0000000000000be0       0x30 /home/holy/vscode_remote_setup/glibc-build/elf/rtld-libc.a(rtld-munmap.os)
 .debug_aranges
                0x0000000000000c10       0x30 /home/holy/vscode_remote_setup/glibc-build/elf/rtld-libc.a(rtld-mprotect.os)
 .debug_aranges
                0x0000000000000c40       0x30 /home/holy/vscode_remote_setup/glibc-build/elf/rtld-libc.a(rtld-uname.os)
 .debug_aranges
                0x0000000000000c70       0x30 /home/holy/vscode_remote_setup/glibc-build/elf/rtld-libc.a(rtld-_exit.os)
 .debug_aranges
                0x0000000000000ca0       0x30 /home/holy/vscode_remote_setup/glibc-build/elf/rtld-libc.a(rtld-getpid.os)
 .debug_aranges
                0x0000000000000cd0       0x20 /home/holy/vscode_remote_setup/glibc-build/elf/rtld-libc.a(rtld-environ.os)
 .debug_aranges
                0x0000000000000cf0       0x30 /home/holy/vscode_remote_setup/glibc-build/elf/rtld-libc.a(rtld-setjmp.os)
 .debug_aranges
                0x0000000000000d20       0x30 /home/holy/vscode_remote_setup/glibc-build/elf/rtld-libc.a(rtld-__longjmp.os)
 .debug_aranges
                0x0000000000000d50       0x30 /home/holy/vscode_remote_setup/glibc-build/elf/rtld-libc.a(rtld-sigaction.os)
 .debug_aranges
                0x0000000000000d80       0x30 /home/holy/vscode_remote_setup/glibc-build/elf/rtld-libc.a(rtld-strdup.os)
 .debug_aranges
                0x0000000000000db0       0x30 /home/holy/vscode_remote_setup/glibc-build/elf/rtld-libc.a(rtld-strcmp-sse2.os)
 .debug_aranges
                0x0000000000000de0       0x30 /home/holy/vscode_remote_setup/glibc-build/elf/rtld-libc.a(rtld-strncmp-sse2.os)
 .debug_aranges
                0x0000000000000e10       0x30 /home/holy/vscode_remote_setup/glibc-build/elf/rtld-libc.a(rtld-memchr-sse2.os)
 .debug_aranges
                0x0000000000000e40       0x30 /home/holy/vscode_remote_setup/glibc-build/elf/rtld-libc.a(rtld-rawmemchr-sse2.os)
 .debug_aranges
                0x0000000000000e70       0x30 /home/holy/vscode_remote_setup/glibc-build/elf/rtld-libc.a(rtld-memcmp-sse2.os)
 .debug_aranges
                0x0000000000000ea0       0x30 /home/holy/vscode_remote_setup/glibc-build/elf/rtld-libc.a(rtld-strchr-sse2.os)
 .debug_aranges
                0x0000000000000ed0       0x30 /home/holy/vscode_remote_setup/glibc-build/elf/rtld-libc.a(rtld-strlen-sse2.os)
 .debug_aranges
                0x0000000000000f00       0x30 /home/holy/vscode_remote_setup/glibc-build/elf/rtld-libc.a(rtld-strnlen-sse2.os)
 .debug_aranges
                0x0000000000000f30       0x30 /home/holy/vscode_remote_setup/glibc-build/elf/rtld-libc.a(rtld-stpcpy-sse2.os)
 .debug_aranges
                0x0000000000000f60       0x30 /home/holy/vscode_remote_setup/glibc-build/elf/rtld-libc.a(rtld-strcspn-sse2.os)
 .debug_aranges
                0x0000000000000f90       0x30 /home/holy/vscode_remote_setup/glibc-build/elf/rtld-libc.a(rtld-memmove-sse2-unaligned-erms.os)
 .debug_aranges
                0x0000000000000fc0       0x30 /home/holy/vscode_remote_setup/glibc-build/elf/rtld-libc.a(rtld-memset-sse2-unaligned-erms.os)
 .debug_aranges
                0x0000000000000ff0       0x30 /home/holy/vscode_remote_setup/glibc-build/elf/rtld-libc.a(rtld-setitimer.os)

.debug_pubnames
 *(.debug_pubnames)

.debug_info     0x0000000000000000    0xb7f6d
 *(.debug_info)
 .debug_info    0x0000000000000000    0x9299d /home/holy/vscode_remote_setup/glibc-build/elf/dl-allobjs.os
 .debug_info    0x000000000009299d      0xac1 /home/holy/vscode_remote_setup/glibc-build/elf/rtld-libc.a(rtld-check_fds.os)
 .debug_info    0x000000000009345e      0x6ad /home/holy/vscode_remote_setup/glibc-build/elf/rtld-libc.a(rtld-errno.os)
 .debug_info    0x0000000000093b0b     0x1db3 /home/holy/vscode_remote_setup/glibc-build/elf/rtld-libc.a(rtld-closedir.os)
 .debug_info    0x00000000000958be     0x1d57 /home/holy/vscode_remote_setup/glibc-build/elf/rtld-libc.a(rtld-rewinddir.os)
 .debug_info    0x0000000000097615     0x1e4a /home/holy/vscode_remote_setup/glibc-build/elf/rtld-libc.a(rtld-readdir64.os)
 .debug_info    0x000000000009945f     0x1f32 /home/holy/vscode_remote_setup/glibc-build/elf/rtld-libc.a(rtld-fdopendir.os)
 .debug_info    0x000000000009b391     0x1cf2 /home/holy/vscode_remote_setup/glibc-build/elf/rtld-libc.a(rtld-getdents64.os)
 .debug_info    0x000000000009d083     0x283e /home/holy/vscode_remote_setup/glibc-build/elf/rtld-libc.a(rtld-dl-addr-obj.os)
 .debug_info    0x000000000009f8c1      0xb2f /home/holy/vscode_remote_setup/glibc-build/elf/rtld-libc.a(rtld-profil.os)
 .debug_info    0x00000000000a03f0     0x3897 /home/holy/vscode_remote_setup/glibc-build/elf/rtld-libc.a(rtld-prof-freq.os)
 .debug_info    0x00000000000a3c87      0x8e0 /home/holy/vscode_remote_setup/glibc-build/elf/rtld-libc.a(rtld-xstat.os)
 .debug_info    0x00000000000a4567      0x8df /home/holy/vscode_remote_setup/glibc-build/elf/rtld-libc.a(rtld-fxstat.os)
 .debug_info    0x00000000000a4e46      0x8e0 /home/holy/vscode_remote_setup/glibc-build/elf/rtld-libc.a(rtld-lxstat.os)
 .debug_info    0x00000000000a5726      0x7ee /home/holy/vscode_remote_setup/glibc-build/elf/rtld-libc.a(rtld-lseek64.os)
 .debug_info    0x00000000000a5f14     0x1ed4 /home/holy/vscode_remote_setup/glibc-build/elf/rtld-libc.a(rtld-access.os)
 .debug_info    0x00000000000a7de8     0x1eb1 /home/holy/vscode_remote_setup/glibc-build/elf/rtld-libc.a(rtld-close_nocancel.os)
 .debug_info    0x00000000000a9c99     0x217d /home/holy/vscode_remote_setup/glibc-build/elf/rtld-libc.a(rtld-fcntl_nocancel.os)
 .debug_info    0x00000000000abe16      0x8a4 /home/holy/vscode_remote_setup/glibc-build/elf/rtld-libc.a(rtld-open64_nocancel.os)
 .debug_info    0x00000000000ac6ba     0x1fd7 /home/holy/vscode_remote_setup/glibc-build/elf/rtld-libc.a(rtld-openat64_nocancel.os)
 .debug_info    0x00000000000ae691     0x1f15 /home/holy/vscode_remote_setup/glibc-build/elf/rtld-libc.a(rtld-read_nocancel.os)
 .debug_info    0x00000000000b05a6     0x1f15 /home/holy/vscode_remote_setup/glibc-build/elf/rtld-libc.a(rtld-write_nocancel.os)
 .debug_info    0x00000000000b24bb      0x388 /home/holy/vscode_remote_setup/glibc-build/elf/rtld-libc.a(rtld-scratch_buffer_set_array_size.os)
 .debug_info    0x00000000000b2843     0x3c69 /home/holy/vscode_remote_setup/glibc-build/elf/rtld-libc.a(rtld-mmap64.os)
 .debug_info    0x00000000000b64ac       0x2e /home/holy/vscode_remote_setup/glibc-build/elf/rtld-libc.a(rtld-munmap.os)
 .debug_info    0x00000000000b64da       0x2e /home/holy/vscode_remote_setup/glibc-build/elf/rtld-libc.a(rtld-mprotect.os)
 .debug_info    0x00000000000b6508       0x2e /home/holy/vscode_remote_setup/glibc-build/elf/rtld-libc.a(rtld-uname.os)
 .debug_info    0x00000000000b6536      0x7d7 /home/holy/vscode_remote_setup/glibc-build/elf/rtld-libc.a(rtld-_exit.os)
 .debug_info    0x00000000000b6d0d       0x2e /home/holy/vscode_remote_setup/glibc-build/elf/rtld-libc.a(rtld-getpid.os)
 .debug_info    0x00000000000b6d3b       0xf8 /home/holy/vscode_remote_setup/glibc-build/elf/rtld-libc.a(rtld-environ.os)
 .debug_info    0x00000000000b6e33       0x2e /home/holy/vscode_remote_setup/glibc-build/elf/rtld-libc.a(rtld-setjmp.os)
 .debug_info    0x00000000000b6e61       0x2e /home/holy/vscode_remote_setup/glibc-build/elf/rtld-libc.a(rtld-__longjmp.os)
 .debug_info    0x00000000000b6e8f      0xc7d /home/holy/vscode_remote_setup/glibc-build/elf/rtld-libc.a(rtld-sigaction.os)
 .debug_info    0x00000000000b7b0c      0x20b /home/holy/vscode_remote_setup/glibc-build/elf/rtld-libc.a(rtld-strdup.os)
 .debug_info    0x00000000000b7d17       0x2e /home/holy/vscode_remote_setup/glibc-build/elf/rtld-libc.a(rtld-strcmp-sse2.os)
 .debug_info    0x00000000000b7d45       0x2e /home/holy/vscode_remote_setup/glibc-build/elf/rtld-libc.a(rtld-strncmp-sse2.os)
 .debug_info    0x00000000000b7d73       0x2e /home/holy/vscode_remote_setup/glibc-build/elf/rtld-libc.a(rtld-memchr-sse2.os)
 .debug_info    0x00000000000b7da1       0x2e /home/holy/vscode_remote_setup/glibc-build/elf/rtld-libc.a(rtld-rawmemchr-sse2.os)
 .debug_info    0x00000000000b7dcf       0x2e /home/holy/vscode_remote_setup/glibc-build/elf/rtld-libc.a(rtld-memcmp-sse2.os)
 .debug_info    0x00000000000b7dfd       0x2e /home/holy/vscode_remote_setup/glibc-build/elf/rtld-libc.a(rtld-strchr-sse2.os)
 .debug_info    0x00000000000b7e2b       0x2e /home/holy/vscode_remote_setup/glibc-build/elf/rtld-libc.a(rtld-strlen-sse2.os)
 .debug_info    0x00000000000b7e59       0x2e /home/holy/vscode_remote_setup/glibc-build/elf/rtld-libc.a(rtld-strnlen-sse2.os)
 .debug_info    0x00000000000b7e87       0x2e /home/holy/vscode_remote_setup/glibc-build/elf/rtld-libc.a(rtld-stpcpy-sse2.os)
 .debug_info    0x00000000000b7eb5       0x2e /home/holy/vscode_remote_setup/glibc-build/elf/rtld-libc.a(rtld-strcspn-sse2.os)
 .debug_info    0x00000000000b7ee3       0x2e /home/holy/vscode_remote_setup/glibc-build/elf/rtld-libc.a(rtld-memmove-sse2-unaligned-erms.os)
 .debug_info    0x00000000000b7f11       0x2e /home/holy/vscode_remote_setup/glibc-build/elf/rtld-libc.a(rtld-memset-sse2-unaligned-erms.os)
 .debug_info    0x00000000000b7f3f       0x2e /home/holy/vscode_remote_setup/glibc-build/elf/rtld-libc.a(rtld-setitimer.os)

.debug_abbrev   0x0000000000000000    0x10069
 *(.debug_abbrev)
 .debug_abbrev  0x0000000000000000     0xb8ed /home/holy/vscode_remote_setup/glibc-build/elf/dl-allobjs.os
 .debug_abbrev  0x000000000000b8ed      0x22a /home/holy/vscode_remote_setup/glibc-build/elf/rtld-libc.a(rtld-check_fds.os)
 .debug_abbrev  0x000000000000bb17      0x127 /home/holy/vscode_remote_setup/glibc-build/elf/rtld-libc.a(rtld-errno.os)
 .debug_abbrev  0x000000000000bc3e      0x363 /home/holy/vscode_remote_setup/glibc-build/elf/rtld-libc.a(rtld-closedir.os)
 .debug_abbrev  0x000000000000bfa1      0x32f /home/holy/vscode_remote_setup/glibc-build/elf/rtld-libc.a(rtld-rewinddir.os)
 .debug_abbrev  0x000000000000c2d0      0x356 /home/holy/vscode_remote_setup/glibc-build/elf/rtld-libc.a(rtld-readdir64.os)
 .debug_abbrev  0x000000000000c626      0x36f /home/holy/vscode_remote_setup/glibc-build/elf/rtld-libc.a(rtld-fdopendir.os)
 .debug_abbrev  0x000000000000c995      0x343 /home/holy/vscode_remote_setup/glibc-build/elf/rtld-libc.a(rtld-getdents64.os)
 .debug_abbrev  0x000000000000ccd8      0x35d /home/holy/vscode_remote_setup/glibc-build/elf/rtld-libc.a(rtld-dl-addr-obj.os)
 .debug_abbrev  0x000000000000d035      0x2bb /home/holy/vscode_remote_setup/glibc-build/elf/rtld-libc.a(rtld-profil.os)
 .debug_abbrev  0x000000000000d2f0      0x39a /home/holy/vscode_remote_setup/glibc-build/elf/rtld-libc.a(rtld-prof-freq.os)
 .debug_abbrev  0x000000000000d68a      0x188 /home/holy/vscode_remote_setup/glibc-build/elf/rtld-libc.a(rtld-xstat.os)
 .debug_abbrev  0x000000000000d812      0x197 /home/holy/vscode_remote_setup/glibc-build/elf/rtld-libc.a(rtld-fxstat.os)
 .debug_abbrev  0x000000000000d9a9      0x188 /home/holy/vscode_remote_setup/glibc-build/elf/rtld-libc.a(rtld-lxstat.os)
 .debug_abbrev  0x000000000000db31      0x193 /home/holy/vscode_remote_setup/glibc-build/elf/rtld-libc.a(rtld-lseek64.os)
 .debug_abbrev  0x000000000000dcc4      0x33d /home/holy/vscode_remote_setup/glibc-build/elf/rtld-libc.a(rtld-access.os)
 .debug_abbrev  0x000000000000e001      0x34c /home/holy/vscode_remote_setup/glibc-build/elf/rtld-libc.a(rtld-close_nocancel.os)
 .debug_abbrev  0x000000000000e34d      0x3fc /home/holy/vscode_remote_setup/glibc-build/elf/rtld-libc.a(rtld-fcntl_nocancel.os)
 .debug_abbrev  0x000000000000e749      0x197 /home/holy/vscode_remote_setup/glibc-build/elf/rtld-libc.a(rtld-open64_nocancel.os)
 .debug_abbrev  0x000000000000e8e0      0x358 /home/holy/vscode_remote_setup/glibc-build/elf/rtld-libc.a(rtld-openat64_nocancel.os)
 .debug_abbrev  0x000000000000ec38      0x35b /home/holy/vscode_remote_setup/glibc-build/elf/rtld-libc.a(rtld-read_nocancel.os)
 .debug_abbrev  0x000000000000ef93      0x35b /home/holy/vscode_remote_setup/glibc-build/elf/rtld-libc.a(rtld-write_nocancel.os)
 .debug_abbrev  0x000000000000f2ee      0x1ef /home/holy/vscode_remote_setup/glibc-build/elf/rtld-libc.a(rtld-scratch_buffer_set_array_size.os)
 .debug_abbrev  0x000000000000f4dd      0x436 /home/holy/vscode_remote_setup/glibc-build/elf/rtld-libc.a(rtld-mmap64.os)
 .debug_abbrev  0x000000000000f913       0x14 /home/holy/vscode_remote_setup/glibc-build/elf/rtld-libc.a(rtld-munmap.os)
 .debug_abbrev  0x000000000000f927       0x14 /home/holy/vscode_remote_setup/glibc-build/elf/rtld-libc.a(rtld-mprotect.os)
 .debug_abbrev  0x000000000000f93b       0x14 /home/holy/vscode_remote_setup/glibc-build/elf/rtld-libc.a(rtld-uname.os)
 .debug_abbrev  0x000000000000f94f      0x190 /home/holy/vscode_remote_setup/glibc-build/elf/rtld-libc.a(rtld-_exit.os)
 .debug_abbrev  0x000000000000fadf       0x14 /home/holy/vscode_remote_setup/glibc-build/elf/rtld-libc.a(rtld-getpid.os)
 .debug_abbrev  0x000000000000faf3       0x8b /home/holy/vscode_remote_setup/glibc-build/elf/rtld-libc.a(rtld-environ.os)
 .debug_abbrev  0x000000000000fb7e       0x14 /home/holy/vscode_remote_setup/glibc-build/elf/rtld-libc.a(rtld-setjmp.os)
 .debug_abbrev  0x000000000000fb92       0x14 /home/holy/vscode_remote_setup/glibc-build/elf/rtld-libc.a(rtld-__longjmp.os)
 .debug_abbrev  0x000000000000fba6      0x273 /home/holy/vscode_remote_setup/glibc-build/elf/rtld-libc.a(rtld-sigaction.os)
 .debug_abbrev  0x000000000000fe19      0x14c /home/holy/vscode_remote_setup/glibc-build/elf/rtld-libc.a(rtld-strdup.os)
 .debug_abbrev  0x000000000000ff65       0x14 /home/holy/vscode_remote_setup/glibc-build/elf/rtld-libc.a(rtld-strcmp-sse2.os)
 .debug_abbrev  0x000000000000ff79       0x14 /home/holy/vscode_remote_setup/glibc-build/elf/rtld-libc.a(rtld-strncmp-sse2.os)
 .debug_abbrev  0x000000000000ff8d       0x14 /home/holy/vscode_remote_setup/glibc-build/elf/rtld-libc.a(rtld-memchr-sse2.os)
 .debug_abbrev  0x000000000000ffa1       0x14 /home/holy/vscode_remote_setup/glibc-build/elf/rtld-libc.a(rtld-rawmemchr-sse2.os)
 .debug_abbrev  0x000000000000ffb5       0x14 /home/holy/vscode_remote_setup/glibc-build/elf/rtld-libc.a(rtld-memcmp-sse2.os)
 .debug_abbrev  0x000000000000ffc9       0x14 /home/holy/vscode_remote_setup/glibc-build/elf/rtld-libc.a(rtld-strchr-sse2.os)
 .debug_abbrev  0x000000000000ffdd       0x14 /home/holy/vscode_remote_setup/glibc-build/elf/rtld-libc.a(rtld-strlen-sse2.os)
 .debug_abbrev  0x000000000000fff1       0x14 /home/holy/vscode_remote_setup/glibc-build/elf/rtld-libc.a(rtld-strnlen-sse2.os)
 .debug_abbrev  0x0000000000010005       0x14 /home/holy/vscode_remote_setup/glibc-build/elf/rtld-libc.a(rtld-stpcpy-sse2.os)
 .debug_abbrev  0x0000000000010019       0x14 /home/holy/vscode_remote_setup/glibc-build/elf/rtld-libc.a(rtld-strcspn-sse2.os)
 .debug_abbrev  0x000000000001002d       0x14 /home/holy/vscode_remote_setup/glibc-build/elf/rtld-libc.a(rtld-memmove-sse2-unaligned-erms.os)
 .debug_abbrev  0x0000000000010041       0x14 /home/holy/vscode_remote_setup/glibc-build/elf/rtld-libc.a(rtld-memset-sse2-unaligned-erms.os)
 .debug_abbrev  0x0000000000010055       0x14 /home/holy/vscode_remote_setup/glibc-build/elf/rtld-libc.a(rtld-setitimer.os)

.debug_line     0x0000000000000000    0x18538
 *(.debug_line .debug_line.* .debug_line_end)
 .debug_line    0x0000000000000000    0x11788 /home/holy/vscode_remote_setup/glibc-build/elf/dl-allobjs.os
 .debug_line    0x0000000000011788      0x2b7 /home/holy/vscode_remote_setup/glibc-build/elf/rtld-libc.a(rtld-check_fds.os)
 .debug_line    0x0000000000011a3f      0x193 /home/holy/vscode_remote_setup/glibc-build/elf/rtld-libc.a(rtld-errno.os)
 .debug_line    0x0000000000011bd2      0x48e /home/holy/vscode_remote_setup/glibc-build/elf/rtld-libc.a(rtld-closedir.os)
 .debug_line    0x0000000000012060      0x44a /home/holy/vscode_remote_setup/glibc-build/elf/rtld-libc.a(rtld-rewinddir.os)
 .debug_line    0x00000000000124aa      0x49b /home/holy/vscode_remote_setup/glibc-build/elf/rtld-libc.a(rtld-readdir64.os)
 .debug_line    0x0000000000012945      0x4ed /home/holy/vscode_remote_setup/glibc-build/elf/rtld-libc.a(rtld-fdopendir.os)
 .debug_line    0x0000000000012e32      0x3fa /home/holy/vscode_remote_setup/glibc-build/elf/rtld-libc.a(rtld-getdents64.os)
 .debug_line    0x000000000001322c      0x473 /home/holy/vscode_remote_setup/glibc-build/elf/rtld-libc.a(rtld-dl-addr-obj.os)
 .debug_line    0x000000000001369f      0x319 /home/holy/vscode_remote_setup/glibc-build/elf/rtld-libc.a(rtld-profil.os)
 .debug_line    0x00000000000139b8      0x507 /home/holy/vscode_remote_setup/glibc-build/elf/rtld-libc.a(rtld-prof-freq.os)
 .debug_line    0x0000000000013ebf      0x21e /home/holy/vscode_remote_setup/glibc-build/elf/rtld-libc.a(rtld-xstat.os)
 .debug_line    0x00000000000140dd      0x21f /home/holy/vscode_remote_setup/glibc-build/elf/rtld-libc.a(rtld-fxstat.os)
 .debug_line    0x00000000000142fc      0x21f /home/holy/vscode_remote_setup/glibc-build/elf/rtld-libc.a(rtld-lxstat.os)
 .debug_line    0x000000000001451b      0x201 /home/holy/vscode_remote_setup/glibc-build/elf/rtld-libc.a(rtld-lseek64.os)
 .debug_line    0x000000000001471c      0x45d /home/holy/vscode_remote_setup/glibc-build/elf/rtld-libc.a(rtld-access.os)
 .debug_line    0x0000000000014b79      0x454 /home/holy/vscode_remote_setup/glibc-build/elf/rtld-libc.a(rtld-close_nocancel.os)
 .debug_line    0x0000000000014fcd      0x4a4 /home/holy/vscode_remote_setup/glibc-build/elf/rtld-libc.a(rtld-fcntl_nocancel.os)
 .debug_line    0x0000000000015471      0x267 /home/holy/vscode_remote_setup/glibc-build/elf/rtld-libc.a(rtld-open64_nocancel.os)
 .debug_line    0x00000000000156d8      0x49c /home/holy/vscode_remote_setup/glibc-build/elf/rtld-libc.a(rtld-openat64_nocancel.os)
 .debug_line    0x0000000000015b74      0x453 /home/holy/vscode_remote_setup/glibc-build/elf/rtld-libc.a(rtld-read_nocancel.os)
 .debug_line    0x0000000000015fc7      0x454 /home/holy/vscode_remote_setup/glibc-build/elf/rtld-libc.a(rtld-write_nocancel.os)
 .debug_line    0x000000000001641b      0x126 /home/holy/vscode_remote_setup/glibc-build/elf/rtld-libc.a(rtld-scratch_buffer_set_array_size.os)
 .debug_line    0x0000000000016541      0x563 /home/holy/vscode_remote_setup/glibc-build/elf/rtld-libc.a(rtld-mmap64.os)
 .debug_line    0x0000000000016aa4       0x59 /home/holy/vscode_remote_setup/glibc-build/elf/rtld-libc.a(rtld-munmap.os)
 .debug_line    0x0000000000016afd       0x59 /home/holy/vscode_remote_setup/glibc-build/elf/rtld-libc.a(rtld-mprotect.os)
 .debug_line    0x0000000000016b56       0x59 /home/holy/vscode_remote_setup/glibc-build/elf/rtld-libc.a(rtld-uname.os)
 .debug_line    0x0000000000016baf      0x210 /home/holy/vscode_remote_setup/glibc-build/elf/rtld-libc.a(rtld-_exit.os)
 .debug_line    0x0000000000016dbf       0x57 /home/holy/vscode_remote_setup/glibc-build/elf/rtld-libc.a(rtld-getpid.os)
 .debug_line    0x0000000000016e16       0x75 /home/holy/vscode_remote_setup/glibc-build/elf/rtld-libc.a(rtld-environ.os)
 .debug_line    0x0000000000016e8b       0x61 /home/holy/vscode_remote_setup/glibc-build/elf/rtld-libc.a(rtld-setjmp.os)
 .debug_line    0x0000000000016eec       0x61 /home/holy/vscode_remote_setup/glibc-build/elf/rtld-libc.a(rtld-__longjmp.os)
 .debug_line    0x0000000000016f4d      0x2f8 /home/holy/vscode_remote_setup/glibc-build/elf/rtld-libc.a(rtld-sigaction.os)
 .debug_line    0x0000000000017245       0xbf /home/holy/vscode_remote_setup/glibc-build/elf/rtld-libc.a(rtld-strdup.os)
 .debug_line    0x0000000000017304      0x48f /home/holy/vscode_remote_setup/glibc-build/elf/rtld-libc.a(rtld-strcmp-sse2.os)
 .debug_line    0x0000000000017793      0x525 /home/holy/vscode_remote_setup/glibc-build/elf/rtld-libc.a(rtld-strncmp-sse2.os)
 .debug_line    0x0000000000017cb8      0x124 /home/holy/vscode_remote_setup/glibc-build/elf/rtld-libc.a(rtld-memchr-sse2.os)
 .debug_line    0x0000000000017ddc       0xd3 /home/holy/vscode_remote_setup/glibc-build/elf/rtld-libc.a(rtld-rawmemchr-sse2.os)
 .debug_line    0x0000000000017eaf      0x14c /home/holy/vscode_remote_setup/glibc-build/elf/rtld-libc.a(rtld-memcmp-sse2.os)
 .debug_line    0x0000000000017ffb       0xde /home/holy/vscode_remote_setup/glibc-build/elf/rtld-libc.a(rtld-strchr-sse2.os)
 .debug_line    0x00000000000180d9       0xa5 /home/holy/vscode_remote_setup/glibc-build/elf/rtld-libc.a(rtld-strlen-sse2.os)
 .debug_line    0x000000000001817e       0xa5 /home/holy/vscode_remote_setup/glibc-build/elf/rtld-libc.a(rtld-strnlen-sse2.os)
 .debug_line    0x0000000000018223       0x95 /home/holy/vscode_remote_setup/glibc-build/elf/rtld-libc.a(rtld-stpcpy-sse2.os)
 .debug_line    0x00000000000182b8       0x80 /home/holy/vscode_remote_setup/glibc-build/elf/rtld-libc.a(rtld-strcspn-sse2.os)
 .debug_line    0x0000000000018338       0xfc /home/holy/vscode_remote_setup/glibc-build/elf/rtld-libc.a(rtld-memmove-sse2-unaligned-erms.os)
 .debug_line    0x0000000000018434       0xab /home/holy/vscode_remote_setup/glibc-build/elf/rtld-libc.a(rtld-memset-sse2-unaligned-erms.os)
 .debug_line    0x00000000000184df       0x59 /home/holy/vscode_remote_setup/glibc-build/elf/rtld-libc.a(rtld-setitimer.os)

.debug_frame
 *(.debug_frame)

.debug_str      0x0000000000000000    0x7896a
 *(.debug_str)
 .debug_str     0x0000000000000000    0x5c829 /home/holy/vscode_remote_setup/glibc-build/elf/dl-allobjs.os
 .debug_str     0x000000000005c829      0x7ba /home/holy/vscode_remote_setup/glibc-build/elf/rtld-libc.a(rtld-check_fds.os)
 .debug_str     0x000000000005cfe3      0x54b /home/holy/vscode_remote_setup/glibc-build/elf/rtld-libc.a(rtld-errno.os)
 .debug_str     0x000000000005d52e     0x166d /home/holy/vscode_remote_setup/glibc-build/elf/rtld-libc.a(rtld-closedir.os)
 .debug_str     0x000000000005eb9b     0x15fc /home/holy/vscode_remote_setup/glibc-build/elf/rtld-libc.a(rtld-rewinddir.os)
 .debug_str     0x0000000000060197     0x16bf /home/holy/vscode_remote_setup/glibc-build/elf/rtld-libc.a(rtld-readdir64.os)
 .debug_str     0x0000000000061856     0x176f /home/holy/vscode_remote_setup/glibc-build/elf/rtld-libc.a(rtld-fdopendir.os)
 .debug_str     0x0000000000062fc5     0x15b0 /home/holy/vscode_remote_setup/glibc-build/elf/rtld-libc.a(rtld-getdents64.os)
 .debug_str     0x0000000000064575     0x1cb8 /home/holy/vscode_remote_setup/glibc-build/elf/rtld-libc.a(rtld-dl-addr-obj.os)
 .debug_str     0x000000000006622d      0x82f /home/holy/vscode_remote_setup/glibc-build/elf/rtld-libc.a(rtld-profil.os)
 .debug_str     0x0000000000066a5c     0x27b3 /home/holy/vscode_remote_setup/glibc-build/elf/rtld-libc.a(rtld-prof-freq.os)
 .debug_str     0x000000000006920f      0x6b4 /home/holy/vscode_remote_setup/glibc-build/elf/rtld-libc.a(rtld-xstat.os)
 .debug_str     0x00000000000698c3      0x6b2 /home/holy/vscode_remote_setup/glibc-build/elf/rtld-libc.a(rtld-fxstat.os)
 .debug_str     0x0000000000069f75      0x6b7 /home/holy/vscode_remote_setup/glibc-build/elf/rtld-libc.a(rtld-lxstat.os)
 .debug_str     0x000000000006a62c      0x62a /home/holy/vscode_remote_setup/glibc-build/elf/rtld-libc.a(rtld-lseek64.os)
 .debug_str     0x000000000006ac56     0x17e1 /home/holy/vscode_remote_setup/glibc-build/elf/rtld-libc.a(rtld-access.os)
 .debug_str     0x000000000006c437     0x17f6 /home/holy/vscode_remote_setup/glibc-build/elf/rtld-libc.a(rtld-close_nocancel.os)
 .debug_str     0x000000000006dc2d     0x18db /home/holy/vscode_remote_setup/glibc-build/elf/rtld-libc.a(rtld-fcntl_nocancel.os)
 .debug_str     0x000000000006f508      0x6c1 /home/holy/vscode_remote_setup/glibc-build/elf/rtld-libc.a(rtld-open64_nocancel.os)
 .debug_str     0x000000000006fbc9     0x189f /home/holy/vscode_remote_setup/glibc-build/elf/rtld-libc.a(rtld-openat64_nocancel.os)
 .debug_str     0x0000000000071468     0x181a /home/holy/vscode_remote_setup/glibc-build/elf/rtld-libc.a(rtld-read_nocancel.os)
 .debug_str     0x0000000000072c82     0x181d /home/holy/vscode_remote_setup/glibc-build/elf/rtld-libc.a(rtld-write_nocancel.os)
 .debug_str     0x000000000007449f      0x305 /home/holy/vscode_remote_setup/glibc-build/elf/rtld-libc.a(rtld-scratch_buffer_set_array_size.os)
 .debug_str     0x00000000000747a4     0x289c /home/holy/vscode_remote_setup/glibc-build/elf/rtld-libc.a(rtld-mmap64.os)
 .debug_str     0x0000000000077040       0x5e /home/holy/vscode_remote_setup/glibc-build/elf/rtld-libc.a(rtld-munmap.os)
 .debug_str     0x000000000007709e       0x5e /home/holy/vscode_remote_setup/glibc-build/elf/rtld-libc.a(rtld-mprotect.os)
 .debug_str     0x00000000000770fc       0x5f /home/holy/vscode_remote_setup/glibc-build/elf/rtld-libc.a(rtld-uname.os)
 .debug_str     0x000000000007715b      0x60b /home/holy/vscode_remote_setup/glibc-build/elf/rtld-libc.a(rtld-_exit.os)
 .debug_str     0x0000000000077766       0x5f /home/holy/vscode_remote_setup/glibc-build/elf/rtld-libc.a(rtld-getpid.os)
 .debug_str     0x00000000000777c5      0x1f1 /home/holy/vscode_remote_setup/glibc-build/elf/rtld-libc.a(rtld-environ.os)
 .debug_str     0x00000000000779b6       0x58 /home/holy/vscode_remote_setup/glibc-build/elf/rtld-libc.a(rtld-setjmp.os)
 .debug_str     0x0000000000077a0e       0x5b /home/holy/vscode_remote_setup/glibc-build/elf/rtld-libc.a(rtld-__longjmp.os)
 .debug_str     0x0000000000077a69      0x7fb /home/holy/vscode_remote_setup/glibc-build/elf/rtld-libc.a(rtld-sigaction.os)
 .debug_str     0x0000000000078264      0x208 /home/holy/vscode_remote_setup/glibc-build/elf/rtld-libc.a(rtld-strdup.os)
 .debug_str     0x000000000007846c       0x58 /home/holy/vscode_remote_setup/glibc-build/elf/rtld-libc.a(rtld-strcmp-sse2.os)
 .debug_str     0x00000000000784c4       0x58 /home/holy/vscode_remote_setup/glibc-build/elf/rtld-libc.a(rtld-strncmp-sse2.os)
 .debug_str     0x000000000007851c       0x65 /home/holy/vscode_remote_setup/glibc-build/elf/rtld-libc.a(rtld-memchr-sse2.os)
 .debug_str     0x0000000000078581       0x68 /home/holy/vscode_remote_setup/glibc-build/elf/rtld-libc.a(rtld-rawmemchr-sse2.os)
 .debug_str     0x00000000000785e9       0x58 /home/holy/vscode_remote_setup/glibc-build/elf/rtld-libc.a(rtld-memcmp-sse2.os)
 .debug_str     0x0000000000078641       0x65 /home/holy/vscode_remote_setup/glibc-build/elf/rtld-libc.a(rtld-strchr-sse2.os)
 .debug_str     0x00000000000786a6       0x65 /home/holy/vscode_remote_setup/glibc-build/elf/rtld-libc.a(rtld-strlen-sse2.os)
 .debug_str     0x000000000007870b       0x65 /home/holy/vscode_remote_setup/glibc-build/elf/rtld-libc.a(rtld-strnlen-sse2.os)
 .debug_str     0x0000000000078770       0x58 /home/holy/vscode_remote_setup/glibc-build/elf/rtld-libc.a(rtld-stpcpy-sse2.os)
 .debug_str     0x00000000000787c8       0x59 /home/holy/vscode_remote_setup/glibc-build/elf/rtld-libc.a(rtld-strcspn-sse2.os)
 .debug_str     0x0000000000078821       0x76 /home/holy/vscode_remote_setup/glibc-build/elf/rtld-libc.a(rtld-memmove-sse2-unaligned-erms.os)
 .debug_str     0x0000000000078897       0x75 /home/holy/vscode_remote_setup/glibc-build/elf/rtld-libc.a(rtld-memset-sse2-unaligned-erms.os)
 .debug_str     0x000000000007890c       0x5e /home/holy/vscode_remote_setup/glibc-build/elf/rtld-libc.a(rtld-setitimer.os)

.debug_loc      0x0000000000000000    0x31d0e
 *(.debug_loc)
 .debug_loc     0x0000000000000000    0x2f9ac /home/holy/vscode_remote_setup/glibc-build/elf/dl-allobjs.os
 .debug_loc     0x000000000002f9ac      0x138 /home/holy/vscode_remote_setup/glibc-build/elf/rtld-libc.a(rtld-check_fds.os)
 .debug_loc     0x000000000002fae4       0x82 /home/holy/vscode_remote_setup/glibc-build/elf/rtld-libc.a(rtld-closedir.os)
 .debug_loc     0x000000000002fb66       0x4c /home/holy/vscode_remote_setup/glibc-build/elf/rtld-libc.a(rtld-rewinddir.os)
 .debug_loc     0x000000000002fbb2      0x1a8 /home/holy/vscode_remote_setup/glibc-build/elf/rtld-libc.a(rtld-readdir64.os)
 .debug_loc     0x000000000002fd5a       0xbe /home/holy/vscode_remote_setup/glibc-build/elf/rtld-libc.a(rtld-fdopendir.os)
 .debug_loc     0x000000000002fe18       0x5b /home/holy/vscode_remote_setup/glibc-build/elf/rtld-libc.a(rtld-getdents64.os)
 .debug_loc     0x000000000002fe73       0x65 /home/holy/vscode_remote_setup/glibc-build/elf/rtld-libc.a(rtld-dl-addr-obj.os)
 .debug_loc     0x000000000002fed8      0x23a /home/holy/vscode_remote_setup/glibc-build/elf/rtld-libc.a(rtld-profil.os)
 .debug_loc     0x0000000000030112      0x182 /home/holy/vscode_remote_setup/glibc-build/elf/rtld-libc.a(rtld-xstat.os)
 .debug_loc     0x0000000000030294      0x182 /home/holy/vscode_remote_setup/glibc-build/elf/rtld-libc.a(rtld-fxstat.os)
 .debug_loc     0x0000000000030416      0x182 /home/holy/vscode_remote_setup/glibc-build/elf/rtld-libc.a(rtld-lxstat.os)
 .debug_loc     0x0000000000030598       0x5b /home/holy/vscode_remote_setup/glibc-build/elf/rtld-libc.a(rtld-lseek64.os)
 .debug_loc     0x00000000000305f3       0x5b /home/holy/vscode_remote_setup/glibc-build/elf/rtld-libc.a(rtld-access.os)
 .debug_loc     0x000000000003064e       0x5b /home/holy/vscode_remote_setup/glibc-build/elf/rtld-libc.a(rtld-close_nocancel.os)
 .debug_loc     0x00000000000306a9      0x337 /home/holy/vscode_remote_setup/glibc-build/elf/rtld-libc.a(rtld-fcntl_nocancel.os)
 .debug_loc     0x00000000000309e0      0x299 /home/holy/vscode_remote_setup/glibc-build/elf/rtld-libc.a(rtld-open64_nocancel.os)
 .debug_loc     0x0000000000030c79      0x1b7 /home/holy/vscode_remote_setup/glibc-build/elf/rtld-libc.a(rtld-openat64_nocancel.os)
 .debug_loc     0x0000000000030e30       0x5b /home/holy/vscode_remote_setup/glibc-build/elf/rtld-libc.a(rtld-read_nocancel.os)
 .debug_loc     0x0000000000030e8b       0x5b /home/holy/vscode_remote_setup/glibc-build/elf/rtld-libc.a(rtld-write_nocancel.os)
 .debug_loc     0x0000000000030ee6      0x323 /home/holy/vscode_remote_setup/glibc-build/elf/rtld-libc.a(rtld-scratch_buffer_set_array_size.os)
 .debug_loc     0x0000000000031209      0x57d /home/holy/vscode_remote_setup/glibc-build/elf/rtld-libc.a(rtld-mmap64.os)
 .debug_loc     0x0000000000031786      0x148 /home/holy/vscode_remote_setup/glibc-build/elf/rtld-libc.a(rtld-_exit.os)
 .debug_loc     0x00000000000318ce      0x339 /home/holy/vscode_remote_setup/glibc-build/elf/rtld-libc.a(rtld-sigaction.os)
 .debug_loc     0x0000000000031c07      0x107 /home/holy/vscode_remote_setup/glibc-build/elf/rtld-libc.a(rtld-strdup.os)

.debug_macinfo
 *(.debug_macinfo)

.debug_weaknames
 *(.debug_weaknames)

.debug_funcnames
 *(.debug_funcnames)

.debug_typenames
 *(.debug_typenames)

.debug_varnames
 *(.debug_varnames)

.debug_pubtypes
 *(.debug_pubtypes)

.debug_ranges   0x0000000000000000     0x7840
 *(.debug_ranges)
 .debug_ranges  0x0000000000000000     0x7350 /home/holy/vscode_remote_setup/glibc-build/elf/dl-allobjs.os
 .debug_ranges  0x0000000000007350       0xa0 /home/holy/vscode_remote_setup/glibc-build/elf/rtld-libc.a(rtld-readdir64.os)
 .debug_ranges  0x00000000000073f0       0x30 /home/holy/vscode_remote_setup/glibc-build/elf/rtld-libc.a(rtld-getdents64.os)
 .debug_ranges  0x0000000000007420       0x30 /home/holy/vscode_remote_setup/glibc-build/elf/rtld-libc.a(rtld-profil.os)
 .debug_ranges  0x0000000000007450       0x30 /home/holy/vscode_remote_setup/glibc-build/elf/rtld-libc.a(rtld-xstat.os)
 .debug_ranges  0x0000000000007480       0x30 /home/holy/vscode_remote_setup/glibc-build/elf/rtld-libc.a(rtld-fxstat.os)
 .debug_ranges  0x00000000000074b0       0x30 /home/holy/vscode_remote_setup/glibc-build/elf/rtld-libc.a(rtld-lxstat.os)
 .debug_ranges  0x00000000000074e0       0x30 /home/holy/vscode_remote_setup/glibc-build/elf/rtld-libc.a(rtld-lseek64.os)
 .debug_ranges  0x0000000000007510       0x30 /home/holy/vscode_remote_setup/glibc-build/elf/rtld-libc.a(rtld-access.os)
 .debug_ranges  0x0000000000007540       0x30 /home/holy/vscode_remote_setup/glibc-build/elf/rtld-libc.a(rtld-close_nocancel.os)
 .debug_ranges  0x0000000000007570       0x60 /home/holy/vscode_remote_setup/glibc-build/elf/rtld-libc.a(rtld-fcntl_nocancel.os)
 .debug_ranges  0x00000000000075d0       0x30 /home/holy/vscode_remote_setup/glibc-build/elf/rtld-libc.a(rtld-open64_nocancel.os)
 .debug_ranges  0x0000000000007600       0x30 /home/holy/vscode_remote_setup/glibc-build/elf/rtld-libc.a(rtld-openat64_nocancel.os)
 .debug_ranges  0x0000000000007630       0x30 /home/holy/vscode_remote_setup/glibc-build/elf/rtld-libc.a(rtld-read_nocancel.os)
 .debug_ranges  0x0000000000007660       0x30 /home/holy/vscode_remote_setup/glibc-build/elf/rtld-libc.a(rtld-write_nocancel.os)
 .debug_ranges  0x0000000000007690       0x60 /home/holy/vscode_remote_setup/glibc-build/elf/rtld-libc.a(rtld-mmap64.os)
 .debug_ranges  0x00000000000076f0       0x90 /home/holy/vscode_remote_setup/glibc-build/elf/rtld-libc.a(rtld-_exit.os)
 .debug_ranges  0x0000000000007780       0xc0 /home/holy/vscode_remote_setup/glibc-build/elf/rtld-libc.a(rtld-sigaction.os)

.debug_macro
 *(.debug_macro)

.debug_addr
 *(.debug_addr)

.gnu.attributes
 *(.gnu.attributes)
OUTPUT(/home/holy/vscode_remote_setup/glibc-build/elf/librtld.os elf64-x86-64)